Archive member included to satisfy reference by file (symbol)

c:/siliconlabs/simplicitystudio/v5/developer/toolchains/gnu_arm/12.2.rel1_2023.7/bin/../lib/gcc/arm-none-eabi/12.2.1/thumb/v8-m.main+fp/hard\libgcc.a(_aeabi_uldivmod.o)
                              ./gecko_sdk_4.4.3/app/common/util/app_timer/app_timer.o (__aeabi_uldivmod)
c:/siliconlabs/simplicitystudio/v5/developer/toolchains/gnu_arm/12.2.rel1_2023.7/bin/../lib/gcc/arm-none-eabi/12.2.1/thumb/v8-m.main+fp/hard\libgcc.a(_udivmoddi4.o)
                              c:/siliconlabs/simplicitystudio/v5/developer/toolchains/gnu_arm/12.2.rel1_2023.7/bin/../lib/gcc/arm-none-eabi/12.2.1/thumb/v8-m.main+fp/hard\libgcc.a(_aeabi_uldivmod.o) (__udivmoddi4)
c:/siliconlabs/simplicitystudio/v5/developer/toolchains/gnu_arm/12.2.rel1_2023.7/bin/../lib/gcc/arm-none-eabi/12.2.1/thumb/v8-m.main+fp/hard\libgcc.a(_dvmd_tls.o)
                              c:/siliconlabs/simplicitystudio/v5/developer/toolchains/gnu_arm/12.2.rel1_2023.7/bin/../lib/gcc/arm-none-eabi/12.2.1/thumb/v8-m.main+fp/hard\libgcc.a(_aeabi_uldivmod.o) (__aeabi_ldiv0)
c:/siliconlabs/simplicitystudio/v5/developer/toolchains/gnu_arm/12.2.rel1_2023.7/bin/../lib/gcc/arm-none-eabi/12.2.1/thumb/v8-m.main+fp/hard\libc_nano.a(libc_a-exit.o)
                              c:/siliconlabs/simplicitystudio/v5/developer/toolchains/gnu_arm/12.2.rel1_2023.7/bin/../lib/gcc/arm-none-eabi/12.2.1/thumb/v8-m.main+fp/hard/crt0.o (exit)
c:/siliconlabs/simplicitystudio/v5/developer/toolchains/gnu_arm/12.2.rel1_2023.7/bin/../lib/gcc/arm-none-eabi/12.2.1/thumb/v8-m.main+fp/hard\libc_nano.a(libc_a-findfp.o)
                              c:/siliconlabs/simplicitystudio/v5/developer/toolchains/gnu_arm/12.2.rel1_2023.7/bin/../lib/gcc/arm-none-eabi/12.2.1/thumb/v8-m.main+fp/hard\libc_nano.a(libc_a-exit.o) (__stdio_exit_handler)
c:/siliconlabs/simplicitystudio/v5/developer/toolchains/gnu_arm/12.2.rel1_2023.7/bin/../lib/gcc/arm-none-eabi/12.2.1/thumb/v8-m.main+fp/hard\libc_nano.a(libc_a-fwalk.o)
                              c:/siliconlabs/simplicitystudio/v5/developer/toolchains/gnu_arm/12.2.rel1_2023.7/bin/../lib/gcc/arm-none-eabi/12.2.1/thumb/v8-m.main+fp/hard\libc_nano.a(libc_a-findfp.o) (_fwalk_sglue)
c:/siliconlabs/simplicitystudio/v5/developer/toolchains/gnu_arm/12.2.rel1_2023.7/bin/../lib/gcc/arm-none-eabi/12.2.1/thumb/v8-m.main+fp/hard\libc_nano.a(libc_a-setvbuf.o)
                              ./gecko_sdk_4.4.3/platform/service/iostream/src/sl_iostream_stdlib_config.o (setvbuf)
c:/siliconlabs/simplicitystudio/v5/developer/toolchains/gnu_arm/12.2.rel1_2023.7/bin/../lib/gcc/arm-none-eabi/12.2.1/thumb/v8-m.main+fp/hard\libc_nano.a(libc_a-stdio.o)
                              c:/siliconlabs/simplicitystudio/v5/developer/toolchains/gnu_arm/12.2.rel1_2023.7/bin/../lib/gcc/arm-none-eabi/12.2.1/thumb/v8-m.main+fp/hard\libc_nano.a(libc_a-findfp.o) (__sread)
c:/siliconlabs/simplicitystudio/v5/developer/toolchains/gnu_arm/12.2.rel1_2023.7/bin/../lib/gcc/arm-none-eabi/12.2.1/thumb/v8-m.main+fp/hard\libc_nano.a(libc_a-vprintf.o)
                              ./gecko_sdk_4.4.3/platform/service/iostream/src/sl_iostream.o (vprintf)
c:/siliconlabs/simplicitystudio/v5/developer/toolchains/gnu_arm/12.2.rel1_2023.7/bin/../lib/gcc/arm-none-eabi/12.2.1/thumb/v8-m.main+fp/hard\libc_nano.a(libc_a-memset.o)
                              c:/siliconlabs/simplicitystudio/v5/developer/toolchains/gnu_arm/12.2.rel1_2023.7/bin/../lib/gcc/arm-none-eabi/12.2.1/thumb/v8-m.main+fp/hard/crt0.o (memset)
c:/siliconlabs/simplicitystudio/v5/developer/toolchains/gnu_arm/12.2.rel1_2023.7/bin/../lib/gcc/arm-none-eabi/12.2.1/thumb/v8-m.main+fp/hard\libc_nano.a(libc_a-closer.o)
                              c:/siliconlabs/simplicitystudio/v5/developer/toolchains/gnu_arm/12.2.rel1_2023.7/bin/../lib/gcc/arm-none-eabi/12.2.1/thumb/v8-m.main+fp/hard\libc_nano.a(libc_a-stdio.o) (_close_r)
c:/siliconlabs/simplicitystudio/v5/developer/toolchains/gnu_arm/12.2.rel1_2023.7/bin/../lib/gcc/arm-none-eabi/12.2.1/thumb/v8-m.main+fp/hard\libc_nano.a(libc_a-reent.o)
                              c:/siliconlabs/simplicitystudio/v5/developer/toolchains/gnu_arm/12.2.rel1_2023.7/bin/../lib/gcc/arm-none-eabi/12.2.1/thumb/v8-m.main+fp/hard\libc_nano.a(libc_a-closer.o) (errno)
c:/siliconlabs/simplicitystudio/v5/developer/toolchains/gnu_arm/12.2.rel1_2023.7/bin/../lib/gcc/arm-none-eabi/12.2.1/thumb/v8-m.main+fp/hard\libc_nano.a(libc_a-impure.o)
                              ./gecko_sdk_4.4.3/platform/service/iostream/src/sl_iostream_stdlib_config.o (_impure_ptr)
c:/siliconlabs/simplicitystudio/v5/developer/toolchains/gnu_arm/12.2.rel1_2023.7/bin/../lib/gcc/arm-none-eabi/12.2.1/thumb/v8-m.main+fp/hard\libc_nano.a(libc_a-lseekr.o)
                              c:/siliconlabs/simplicitystudio/v5/developer/toolchains/gnu_arm/12.2.rel1_2023.7/bin/../lib/gcc/arm-none-eabi/12.2.1/thumb/v8-m.main+fp/hard\libc_nano.a(libc_a-stdio.o) (_lseek_r)
[...]
Memory Configuration

Name             Origin             Length             Attributes
FLASH            0x08000000         0x0017e000         xr
RAM              0x20000000         0x00040000         xrw
*default*        0x00000000         0xffffffff

Linker script and memory map

LOAD c:/siliconlabs/simplicitystudio/v5/developer/toolchains/gnu_arm/12.2.rel1_2023.7/bin/../lib/gcc/arm-none-eabi/12.2.1/thumb/v8-m.main+fp/hard/crti.o
LOAD c:/siliconlabs/simplicitystudio/v5/developer/toolchains/gnu_arm/12.2.rel1_2023.7/bin/../lib/gcc/arm-none-eabi/12.2.1/thumb/v8-m.main+fp/hard/crtbegin.o
LOAD c:/siliconlabs/simplicitystudio/v5/developer/toolchains/gnu_arm/12.2.rel1_2023.7/bin/../lib/gcc/arm-none-eabi/12.2.1/thumb/v8-m.main+fp/hard/crt0.o
START GROUP
LOAD ./app.o
LOAD ./iadc_demo.o
LOAD ./main.o
LOAD ./thermometer.o
LOAD ./autogen/sl_board_default_init.o
LOAD ./autogen/sl_device_init_clocks.o
LOAD ./autogen/sl_event_handler.o
LOAD ./autogen/sl_i2cspm_init.o
LOAD ./autogen/sl_iostream_handles.o
LOAD ./autogen/sl_power_manager_handler.o
LOAD ./gecko_sdk_4.4.3/app/bluetooth/common/sensor_rht/sl_sensor_rht.o
LOAD ./gecko_sdk_4.4.3/app/bluetooth/common/sensor_select/sl_sensor_select.o
LOAD ./gecko_sdk_4.4.3/app/common/util/app_log/app_log.o
LOAD ./gecko_sdk_4.4.3/app/common/util/app_timer/app_timer.o
LOAD ./gecko_sdk_4.4.3/hardware/board/src/sl_board_control_gpio.o
LOAD ./gecko_sdk_4.4.3/hardware/board/src/sl_board_init.o
LOAD ./gecko_sdk_4.4.3/hardware/driver/mx25_flash_shutdown/src/sl_mx25_flash_shutdown_usart/sl_mx25_flash_shutdown.o
LOAD ./gecko_sdk_4.4.3/hardware/driver/si70xx/src/sl_si70xx.o
LOAD ./gecko_sdk_4.4.3/platform/Device/SiliconLabs/EFR32MG24/Source/startup_efr32mg24.o
LOAD ./gecko_sdk_4.4.3/platform/Device/SiliconLabs/EFR32MG24/Source/system_efr32mg24.o
LOAD ./gecko_sdk_4.4.3/platform/common/src/sl_assert.o
LOAD ./gecko_sdk_4.4.3/platform/common/src/sl_slist.o
LOAD ./gecko_sdk_4.4.3/platform/common/src/sl_syscalls.o
LOAD ./gecko_sdk_4.4.3/platform/common/toolchain/src/sl_memory.o
LOAD ./gecko_sdk_4.4.3/platform/driver/debug/src/sl_debug_swo.o
LOAD ./gecko_sdk_4.4.3/platform/driver/i2cspm/src/sl_i2cspm.o
LOAD ./gecko_sdk_4.4.3/platform/emlib/src/em_burtc.o
LOAD ./gecko_sdk_4.4.3/platform/emlib/src/em_cmu.o
LOAD ./gecko_sdk_4.4.3/platform/emlib/src/em_core.o
LOAD ./gecko_sdk_4.4.3/platform/emlib/src/em_emu.o
LOAD ./gecko_sdk_4.4.3/platform/emlib/src/em_gpio.o
LOAD ./gecko_sdk_4.4.3/platform/emlib/src/em_i2c.o
LOAD ./gecko_sdk_4.4.3/platform/emlib/src/em_iadc.o
LOAD ./gecko_sdk_4.4.3/platform/emlib/src/em_ldma.o
LOAD ./gecko_sdk_4.4.3/platform/emlib/src/em_msc.o
LOAD ./gecko_sdk_4.4.3/platform/emlib/src/em_prs.o
LOAD ./gecko_sdk_4.4.3/platform/emlib/src/em_system.o
LOAD ./gecko_sdk_4.4.3/platform/emlib/src/em_timer.o
LOAD ./gecko_sdk_4.4.3/platform/emlib/src/em_usart.o
LOAD ./gecko_sdk_4.4.3/platform/peripheral/src/peripheral_sysrtc.o
LOAD ./gecko_sdk_4.4.3/platform/service/device_init/src/sl_device_init_dcdc_s2.o
LOAD ./gecko_sdk_4.4.3/platform/service/device_init/src/sl_device_init_emu_s2.o
LOAD ./gecko_sdk_4.4.3/platform/service/device_init/src/sl_device_init_hfxo_s2.o
LOAD ./gecko_sdk_4.4.3/platform/service/device_init/src/sl_device_init_lfxo_s2.o
LOAD ./gecko_sdk_4.4.3/platform/service/device_init/src/sl_device_init_nvic.o
LOAD ./gecko_sdk_4.4.3/platform/service/hfxo_manager/src/sl_hfxo_manager.o
LOAD ./gecko_sdk_4.4.3/platform/service/hfxo_manager/src/sl_hfxo_manager_hal_s2.o
LOAD ./gecko_sdk_4.4.3/platform/service/iostream/src/sl_iostream.o
LOAD ./gecko_sdk_4.4.3/platform/service/iostream/src/sl_iostream_debug.o
LOAD ./gecko_sdk_4.4.3/platform/service/iostream/src/sl_iostream_retarget_stdio.o
LOAD ./gecko_sdk_4.4.3/platform/service/iostream/src/sl_iostream_stdlib_config.o
LOAD ./gecko_sdk_4.4.3/platform/service/iostream/src/sl_iostream_swo_itm_8.o
LOAD ./gecko_sdk_4.4.3/platform/service/power_manager/src/sl_power_manager.o
LOAD ./gecko_sdk_4.4.3/platform/service/power_manager/src/sl_power_manager_debug.o
LOAD ./gecko_sdk_4.4.3/platform/service/power_manager/src/sl_power_manager_hal_s2.o
LOAD ./gecko_sdk_4.4.3/platform/service/sleeptimer/src/sl_sleeptimer.o
LOAD ./gecko_sdk_4.4.3/platform/service/sleeptimer/src/sl_sleeptimer_hal_burtc.o
LOAD ./gecko_sdk_4.4.3/platform/service/sleeptimer/src/sl_sleeptimer_hal_sysrtc.o
LOAD ./gecko_sdk_4.4.3/platform/service/sleeptimer/src/sl_sleeptimer_hal_timer.o
LOAD ./gecko_sdk_4.4.3/platform/service/system/src/sl_system_init.o
LOAD ./gecko_sdk_4.4.3/platform/service/system/src/sl_system_process_action.o
LOAD ./gecko_sdk_4.4.3/platform/service/udelay/src/sl_udelay.o
LOAD ./gecko_sdk_4.4.3/platform/service/udelay/src/sl_udelay_armv6m_gcc.o
LOAD c:/siliconlabs/simplicitystudio/v5/developer/toolchains/gnu_arm/12.2.rel1_2023.7/bin/../lib/gcc/arm-none-eabi/12.2.1/thumb/v8-m.main+fp/hard\libgcc.a
LOAD c:/siliconlabs/simplicitystudio/v5/developer/toolchains/gnu_arm/12.2.rel1_2023.7/bin/../lib/gcc/arm-none-eabi/12.2.1/thumb/v8-m.main+fp/hard\libc_nano.a
LOAD c:/siliconlabs/simplicitystudio/v5/developer/toolchains/gnu_arm/12.2.rel1_2023.7/bin/../lib/gcc/arm-none-eabi/12.2.1/thumb/v8-m.main+fp/hard\libm.a
LOAD c:/siliconlabs/simplicitystudio/v5/developer/toolchains/gnu_arm/12.2.rel1_2023.7/bin/../lib/gcc/arm-none-eabi/12.2.1/thumb/v8-m.main+fp/hard\libnosys.a
END GROUP
START GROUP
LOAD c:/siliconlabs/simplicitystudio/v5/developer/toolchains/gnu_arm/12.2.rel1_2023.7/bin/../lib/gcc/arm-none-eabi/12.2.1/thumb/v8-m.main+fp/hard\libgcc.a
LOAD c:/siliconlabs/simplicitystudio/v5/developer/toolchains/gnu_arm/12.2.rel1_2023.7/bin/../lib/gcc/arm-none-eabi/12.2.1/thumb/v8-m.main+fp/hard\libc_nano.a
LOAD c:/siliconlabs/simplicitystudio/v5/developer/toolchains/gnu_arm/12.2.rel1_2023.7/bin/../lib/gcc/arm-none-eabi/12.2.1/thumb/v8-m.main+fp/hard\libnosys.a
END GROUP
START GROUP
LOAD c:/siliconlabs/simplicitystudio/v5/developer/toolchains/gnu_arm/12.2.rel1_2023.7/bin/../lib/gcc/arm-none-eabi/12.2.1/thumb/v8-m.main+fp/hard\libgcc.a
LOAD c:/siliconlabs/simplicitystudio/v5/developer/toolchains/gnu_arm/12.2.rel1_2023.7/bin/../lib/gcc/arm-none-eabi/12.2.1/thumb/v8-m.main+fp/hard\libg_nano.a
LOAD c:/siliconlabs/simplicitystudio/v5/developer/toolchains/gnu_arm/12.2.rel1_2023.7/bin/../lib/gcc/arm-none-eabi/12.2.1/thumb/v8-m.main+fp/hard\libc_nano.a
END GROUP
START GROUP
LOAD c:/siliconlabs/simplicitystudio/v5/developer/toolchains/gnu_arm/12.2.rel1_2023.7/bin/../lib/gcc/arm-none-eabi/12.2.1/thumb/v8-m.main+fp/hard\libgcc.a
LOAD c:/siliconlabs/simplicitystudio/v5/developer/toolchains/gnu_arm/12.2.rel1_2023.7/bin/../lib/gcc/arm-none-eabi/12.2.1/thumb/v8-m.main+fp/hard\libc_nano.a
END GROUP
LOAD c:/siliconlabs/simplicitystudio/v5/developer/toolchains/gnu_arm/12.2.rel1_2023.7/bin/../lib/gcc/arm-none-eabi/12.2.1/thumb/v8-m.main+fp/hard/crtend.o
LOAD c:/siliconlabs/simplicitystudio/v5/developer/toolchains/gnu_arm/12.2.rel1_2023.7/bin/../lib/gcc/arm-none-eabi/12.2.1/thumb/v8-m.main+fp/hard/crtn.o

.text           0x08000000     0xb850
                0x08000000                linker_vectors_begin = .
 *(.vectors)
 .vectors       0x08000000      0x170 ./gecko_sdk_4.4.3/platform/Device/SiliconLabs/EFR32MG24/Source/startup_efr32mg24.o
                0x08000000                __Vectors
                0x08000170                linker_vectors_end = .
                0x08000170                __Vectors_End = .
                0x08000170                __Vectors_Size = (__Vectors_End - __Vectors)
                0x08000170                linker_code_begin = .
 *(SORT_BY_ALIGNMENT(.text*))
 .text          0x08000170        0x8 ./gecko_sdk_4.4.3/platform/service/udelay/src/sl_udelay_armv6m_gcc.o
                0x08000170                sli_delay_loop
 .text.deregister_tm_clones
                0x08000178       0x1c c:/siliconlabs/simplicitystudio/v5/developer/toolchains/gnu_arm/12.2.rel1_2023.7/bin/../lib/gcc/arm-none-eabi/12.2.1/thumb/v8-m.main+fp/hard/crtbegin.o
 .text.register_tm_clones
                0x08000194       0x28 c:/siliconlabs/simplicitystudio/v5/developer/toolchains/gnu_arm/12.2.rel1_2023.7/bin/../lib/gcc/arm-none-eabi/12.2.1/thumb/v8-m.main+fp/hard/crtbegin.o
 .text.__do_global_dtors_aux
                0x080001bc       0x28 c:/siliconlabs/simplicitystudio/v5/developer/toolchains/gnu_arm/12.2.rel1_2023.7/bin/../lib/gcc/arm-none-eabi/12.2.1/thumb/v8-m.main+fp/hard/crtbegin.o
 .text.frame_dummy
                0x080001e4       0x24 c:/siliconlabs/simplicitystudio/v5/developer/toolchains/gnu_arm/12.2.rel1_2023.7/bin/../lib/gcc/arm-none-eabi/12.2.1/thumb/v8-m.main+fp/hard/crtbegin.o
 .text          0x08000208       0x7c c:/siliconlabs/simplicitystudio/v5/developer/toolchains/gnu_arm/12.2.rel1_2023.7/bin/../lib/gcc/arm-none-eabi/12.2.1/thumb/v8-m.main+fp/hard/crt0.o
                0x08000208                _stack_init
                0x08000210                _start
                0x08000210                _mainCRTStartup
 .text.GPIO_PinInGet
                0x08000284       0x84 ./app.o
 .text.app_process_action
                0x08000308       0x50 ./app.o
                0x08000308                app_process_action
 .text.initLDMA
                0x08000358       0xb0 ./iadc_demo.o
                0x08000358                initLDMA
 .text.initIADC
                0x08000408      0x184 ./iadc_demo.o
                0x08000408                initIADC
 .text.initReadADC
                0x0800058c       0x1c ./iadc_demo.o
                0x0800058c                initReadADC
 .text.readADCValues
                0x080005a8       0x38 ./iadc_demo.o
                0x080005a8                readADCValues
 .text.getData  0x080005e0       0x50 ./thermometer.o
                0x080005e0                getData
 .text.sl_device_init_clocks
                0x08000630       0xd4 ./autogen/sl_device_init_clocks.o
                0x08000630                sl_device_init_clocks
 .text.sl_i2cspm_init_instances
                0x08000704       0x18 ./autogen/sl_i2cspm_init.o
                0x08000704                sl_i2cspm_init_instances
 .text.sl_sensor_rht_init
                0x0800071c       0xb8 ./gecko_sdk_4.4.3/app/bluetooth/common/sensor_rht/sl_sensor_rht.o
                0x0800071c                sl_sensor_rht_init
 .text.sl_sensor_rht_get
                0x080007d4       0x3c ./gecko_sdk_4.4.3/app/bluetooth/common/sensor_rht/sl_sensor_rht.o
                0x080007d4                sl_sensor_rht_get
 .text.sl_sensor_select
                0x08000810       0x6c ./gecko_sdk_4.4.3/app/bluetooth/common/sensor_select/sl_sensor_select.o
                0x08000810                sl_sensor_select
 .text.app_log_init
                0x0800087c       0x3c ./gecko_sdk_4.4.3/app/common/util/app_log/app_log.o
                0x0800087c                app_log_init
 .text.sli_app_timer_step
                0x080008b8       0x38 ./gecko_sdk_4.4.3/app/common/util/app_timer/app_timer.o
                0x080008b8                sli_app_timer_step
 .text.sli_app_timer_sleep_on_isr_exit
                0x080008f0       0x24 ./gecko_sdk_4.4.3/app/common/util/app_timer/app_timer.o
                0x080008f0                sli_app_timer_sleep_on_isr_exit
 .text.sli_app_timer_is_ok_to_sleep
                0x08000914       0x24 ./gecko_sdk_4.4.3/app/common/util/app_timer/app_timer.o
                0x08000914                sli_app_timer_is_ok_to_sleep
 .text.remove_app_timer
                0x08000938       0x70 ./gecko_sdk_4.4.3/app/common/util/app_timer/app_timer.o
 .text.get_triggered_app_timer
                0x080009a8       0x74 ./gecko_sdk_4.4.3/app/common/util/app_timer/app_timer.o
 .text.sl_board_enable_sensor
                0x08000a1c      0x140 ./gecko_sdk_4.4.3/hardware/board/src/sl_board_control_gpio.o
                0x08000a1c                sl_board_enable_sensor
 .text.GPIO_PinOutClear
                0x08000b5c       0x84 ./gecko_sdk_4.4.3/hardware/driver/mx25_flash_shutdown/src/sl_mx25_flash_shutdown_usart/sl_mx25_flash_shutdown.o
 .text.GPIO_PinOutSet
                0x08000be0       0x84 ./gecko_sdk_4.4.3/hardware/driver/mx25_flash_shutdown/src/sl_mx25_flash_shutdown_usart/sl_mx25_flash_shutdown.o
 .text.sl_mx25_flash_shutdown
                0x08000c64      0x134 ./gecko_sdk_4.4.3/hardware/driver/mx25_flash_shutdown/src/sl_mx25_flash_shutdown_usart/sl_mx25_flash_shutdown.o
                0x08000c64                sl_mx25_flash_shutdown
 .text.CopyRamFuncs
                0x08000d98       0x2c ./gecko_sdk_4.4.3/platform/Device/SiliconLabs/EFR32MG24/Source/startup_efr32mg24.o
                0x08000d98                CopyRamFuncs
 .text.Reset_Handler
                0x08000dc4       0x9c ./gecko_sdk_4.4.3/platform/Device/SiliconLabs/EFR32MG24/Source/startup_efr32mg24.o
                0x08000dc4                Reset_Handler
 .text.__NVIC_EnableIRQ
                0x08000e60       0x34 ./gecko_sdk_4.4.3/platform/Device/SiliconLabs/EFR32MG24/Source/system_efr32mg24.o
 .text.__NVIC_ClearPendingIRQ
                0x08000e94       0x38 ./gecko_sdk_4.4.3/platform/Device/SiliconLabs/EFR32MG24/Source/system_efr32mg24.o
 .text.SystemInit
                0x08000ecc       0x90 ./gecko_sdk_4.4.3/platform/Device/SiliconLabs/EFR32MG24/Source/system_efr32mg24.o
                0x08000ecc                SystemInit
 .text.SystemHFRCODPLLClockGet
                0x08000f5c        0xc ./gecko_sdk_4.4.3/platform/Device/SiliconLabs/EFR32MG24/Source/system_efr32mg24.o
                0x08000f5c                SystemHFRCODPLLClockGet
 .text.SystemSYSCLKGet
                0x08000f68       0x50 ./gecko_sdk_4.4.3/platform/Device/SiliconLabs/EFR32MG24/Source/system_efr32mg24.o
                0x08000f68                SystemSYSCLKGet
 .text.SystemHCLKGet
                0x08000fb8       0x3c ./gecko_sdk_4.4.3/platform/Device/SiliconLabs/EFR32MG24/Source/system_efr32mg24.o
                0x08000fb8                SystemHCLKGet
 .text.SystemMaxCoreClockGet
                0x08000ff4        0xc ./gecko_sdk_4.4.3/platform/Device/SiliconLabs/EFR32MG24/Source/system_efr32mg24.o
                0x08000ff4                SystemMaxCoreClockGet
 .text.SystemHFXOClockGet
                0x08001000        0xc ./gecko_sdk_4.4.3/platform/Device/SiliconLabs/EFR32MG24/Source/system_efr32mg24.o
                0x08001000                SystemHFXOClockGet
 .text.SystemHFXOClockSet
                0x0800100c       0x2c ./gecko_sdk_4.4.3/platform/Device/SiliconLabs/EFR32MG24/Source/system_efr32mg24.o
                0x0800100c                SystemHFXOClockSet
 .text.SystemFSRCOClockGet
                0x08001038        0xc ./gecko_sdk_4.4.3/platform/Device/SiliconLabs/EFR32MG24/Source/system_efr32mg24.o
                0x08001038                SystemFSRCOClockGet
 .text.SystemHFRCOEM23ClockGet
                0x08001044       0xe0 ./gecko_sdk_4.4.3/platform/Device/SiliconLabs/EFR32MG24/Source/system_efr32mg24.o
                0x08001044                SystemHFRCOEM23ClockGet
 .text.SystemLFXOClockGet
                0x08001124        0xc ./gecko_sdk_4.4.3/platform/Device/SiliconLabs/EFR32MG24/Source/system_efr32mg24.o
                0x08001124                SystemLFXOClockGet
 .text.sl_slist_push
                0x08001130       0x38 ./gecko_sdk_4.4.3/platform/common/src/sl_slist.o
                0x08001130                sl_slist_push
 .text._sbrk    0x08001168       0x3c ./gecko_sdk_4.4.3/platform/common/toolchain/src/sl_memory.o
                0x08001168                _sbrk
 .text.BUS_RegBitWrite
                0x080011a4       0x48 ./gecko_sdk_4.4.3/platform/driver/debug/src/sl_debug_swo.o
 .text.GPIO_DbgSWOEnable
                0x080011ec       0x30 ./gecko_sdk_4.4.3/platform/driver/debug/src/sl_debug_swo.o
 .text.sl_debug_swo_init
                0x0800121c      0x178 ./gecko_sdk_4.4.3/platform/driver/debug/src/sl_debug_swo.o
                0x0800121c                sl_debug_swo_init
 .text.sl_debug_swo_write_u8
                0x08001394       0x6c ./gecko_sdk_4.4.3/platform/driver/debug/src/sl_debug_swo.o
                0x08001394                sl_debug_swo_write_u8
 .text.GPIO_PinOutClear
                0x08001400       0x84 ./gecko_sdk_4.4.3/platform/driver/i2cspm/src/sl_i2cspm.o
 .text.GPIO_PinOutSet
                0x08001484       0x84 ./gecko_sdk_4.4.3/platform/driver/i2cspm/src/sl_i2cspm.o
 .text.I2CSPM_Init
                0x08001508      0x154 ./gecko_sdk_4.4.3/platform/driver/i2cspm/src/sl_i2cspm.o
                0x08001508                I2CSPM_Init
 .text.I2CSPM_Transfer
                0x0800165c       0x4c ./gecko_sdk_4.4.3/platform/driver/i2cspm/src/sl_i2cspm.o
                0x0800165c                I2CSPM_Transfer
 .text.BUS_RegBitWrite
                0x080016a8       0x48 ./gecko_sdk_4.4.3/platform/emlib/src/em_cmu.o
 .text.EMU_VScaleWait
                0x080016f0       0x1c ./gecko_sdk_4.4.3/platform/emlib/src/em_cmu.o
 .text.EMU_VScaleGet
                0x0800170c       0x1c ./gecko_sdk_4.4.3/platform/emlib/src/em_cmu.o
 .text.SYSCFG_setSysTicExtClkEnCfgSysTic
                0x08001728       0x14 ./gecko_sdk_4.4.3/platform/emlib/src/em_cmu.o
 .text.SYSCFG_clearSysTicExtClkEnCfgSysTic
                0x0800173c       0x14 ./gecko_sdk_4.4.3/platform/emlib/src/em_cmu.o
 .text.MSC_LockGetLocked
                0x08001750       0x1c ./gecko_sdk_4.4.3/platform/emlib/src/em_cmu.o
 .text.MSC_LockSetLocked
                0x0800176c       0x10 ./gecko_sdk_4.4.3/platform/emlib/src/em_cmu.o
 .text.MSC_LockSetUnlocked
                0x0800177c       0x10 ./gecko_sdk_4.4.3/platform/emlib/src/em_cmu.o
 .text.MSC_ReadCTRLGet
                0x0800178c        0xc ./gecko_sdk_4.4.3/platform/emlib/src/em_cmu.o
 .text.MSC_ReadCTRLSet
                0x08001798       0x14 ./gecko_sdk_4.4.3/platform/emlib/src/em_cmu.o
 .text.CMU_ClockDivGet
                0x080017ac       0xec ./gecko_sdk_4.4.3/platform/emlib/src/em_cmu.o
                0x080017ac                CMU_ClockDivGet
 .text.CMU_ClockDivSet
                0x08001898      0x1b0 ./gecko_sdk_4.4.3/platform/emlib/src/em_cmu.o
                0x08001898                CMU_ClockDivSet
 .text.CMU_ClockEnable
                0x08001a48       0x74 ./gecko_sdk_4.4.3/platform/emlib/src/em_cmu.o
                0x08001a48                CMU_ClockEnable
 .text.CMU_ClockFreqGet
                0x08001abc      0x6a8 ./gecko_sdk_4.4.3/platform/emlib/src/em_cmu.o
                0x08001abc                CMU_ClockFreqGet
 .text.CMU_ClockSelectGet
                0x08002164      0x3e4 ./gecko_sdk_4.4.3/platform/emlib/src/em_cmu.o
                0x08002164                CMU_ClockSelectGet
 .text.sli_em_cmu_HFXOSetForceEnable
                0x08002548       0x28 ./gecko_sdk_4.4.3/platform/emlib/src/em_cmu.o
                0x08002548                sli_em_cmu_HFXOSetForceEnable
 .text.CMU_ClockSelectSet
                0x08002570      0xb7c ./gecko_sdk_4.4.3/platform/emlib/src/em_cmu.o
                0x08002570                CMU_ClockSelectSet
 .text.CMU_HFXOInit
                0x080030ec      0x310 ./gecko_sdk_4.4.3/platform/emlib/src/em_cmu.o
                0x080030ec                CMU_HFXOInit
 .text.CMU_HFXOCTuneDeltaGet
                0x080033fc       0x10 ./gecko_sdk_4.4.3/platform/emlib/src/em_cmu.o
                0x080033fc                CMU_HFXOCTuneDeltaGet
 .text.CMU_LFXOInit
                0x0800340c      0x120 ./gecko_sdk_4.4.3/platform/emlib/src/em_cmu.o
                0x0800340c                CMU_LFXOInit
 .text.CMU_LFXOPrecisionSet
                0x0800352c       0x1c ./gecko_sdk_4.4.3/platform/emlib/src/em_cmu.o
                0x0800352c                CMU_LFXOPrecisionSet
 .text.CMU_HFXOPrecisionSet
                0x08003548       0x1c ./gecko_sdk_4.4.3/platform/emlib/src/em_cmu.o
                0x08003548                CMU_HFXOPrecisionSet
 .text.eusart0ClkGet
                0x08003564       0xac ./gecko_sdk_4.4.3/platform/emlib/src/em_cmu.o
 .text.em01GrpcClkGet
                0x08003610       0xbc ./gecko_sdk_4.4.3/platform/emlib/src/em_cmu.o
 .text.vdac0ClkGet
                0x080036cc       0xa8 ./gecko_sdk_4.4.3/platform/emlib/src/em_cmu.o
 .text.vdac1ClkGet
                0x08003774       0xa8 ./gecko_sdk_4.4.3/platform/emlib/src/em_cmu.o
 .text.pcnt0ClkGet
                0x0800381c       0x74 ./gecko_sdk_4.4.3/platform/emlib/src/em_cmu.o
 .text.rhclkPrescMax
                0x08003890       0x18 ./gecko_sdk_4.4.3/platform/emlib/src/em_cmu.o
 .text.rhclkPrescOptimize
                0x080038a8       0x2c ./gecko_sdk_4.4.3/platform/emlib/src/em_cmu.o
 .text.traceClkGet
                0x080038d4       0x84 ./gecko_sdk_4.4.3/platform/emlib/src/em_cmu.o
 .text.dpllRefClkGet
                0x08003958       0x94 ./gecko_sdk_4.4.3/platform/emlib/src/em_cmu.o
 .text.em01GrpaClkGet
                0x080039ec       0xc4 ./gecko_sdk_4.4.3/platform/emlib/src/em_cmu.o
 .text.em23GrpaClkGet
                0x08003ab0       0x94 ./gecko_sdk_4.4.3/platform/emlib/src/em_cmu.o
 .text.em4GrpaClkGet
                0x08003b44       0x94 ./gecko_sdk_4.4.3/platform/emlib/src/em_cmu.o
 .text.getWaitStatesByFrequencyAndVScale
                0x08003bd8       0x54 ./gecko_sdk_4.4.3/platform/emlib/src/em_cmu.o
 .text.flashWaitStateControl
                0x08003c2c       0x70 ./gecko_sdk_4.4.3/platform/emlib/src/em_cmu.o
 .text.iadcClkGet
                0x08003c9c       0x8c ./gecko_sdk_4.4.3/platform/emlib/src/em_cmu.o
 .text.pclkDivOptimize
                0x08003d28       0x34 ./gecko_sdk_4.4.3/platform/emlib/src/em_cmu.o
 .text.sysrtcClkGet
                0x08003d5c       0x94 ./gecko_sdk_4.4.3/platform/emlib/src/em_cmu.o
 .text.wdog0ClkGet
                0x08003df0       0xa8 ./gecko_sdk_4.4.3/platform/emlib/src/em_cmu.o
 .text.wdog1ClkGet
                0x08003e98       0xa8 ./gecko_sdk_4.4.3/platform/emlib/src/em_cmu.o
 .text.sysTickClkGet
                0x08003f40       0x58 ./gecko_sdk_4.4.3/platform/emlib/src/em_cmu.o
 .text.EMU_DCDCLock
                0x08003f98       0x14 ./gecko_sdk_4.4.3/platform/emlib/src/em_emu.o
 .text.EMU_DCDCUnlock
                0x08003fac       0x10 ./gecko_sdk_4.4.3/platform/emlib/src/em_emu.o
 .text.EMU_DCDCSync
                0x08003fbc       0x20 ./gecko_sdk_4.4.3/platform/emlib/src/em_emu.o
 .text.EMU_VScaleWait
                0x08003fdc       0x1c ./gecko_sdk_4.4.3/platform/emlib/src/em_emu.o
 .text.EMU_VScaleGet
                0x08003ff8       0x1c ./gecko_sdk_4.4.3/platform/emlib/src/em_emu.o
 .text.GPIO_IntClear
                0x08004014       0x1c ./gecko_sdk_4.4.3/platform/emlib/src/em_emu.o
 .text.EMU_EM01Init
                0x08004030       0x24 ./gecko_sdk_4.4.3/platform/emlib/src/em_emu.o
                0x08004030                EMU_EM01Init
 .text.EMU_EM23Init
                0x08004054       0x24 ./gecko_sdk_4.4.3/platform/emlib/src/em_emu.o
                0x08004054                EMU_EM23Init
 .text.EMU_EnterEM2
                0x08004078       0x50 ./gecko_sdk_4.4.3/platform/emlib/src/em_emu.o
                0x08004078                EMU_EnterEM2
 .text.EMU_EnterEM3
                0x080040c8       0x48 ./gecko_sdk_4.4.3/platform/emlib/src/em_emu.o
                0x080040c8                EMU_EnterEM3
 .text.EMU_EM4Init
                0x08004110       0x24 ./gecko_sdk_4.4.3/platform/emlib/src/em_emu.o
                0x08004110                EMU_EM4Init
 .text.EMU_VScaleEM01ByClock
                0x08004134       0x5c ./gecko_sdk_4.4.3/platform/emlib/src/em_emu.o
                0x08004134                EMU_VScaleEM01ByClock
 .text.EMU_VScaleEM01
                0x08004190       0xdc ./gecko_sdk_4.4.3/platform/emlib/src/em_emu.o
                0x08004190                EMU_VScaleEM01
 .text.EMU_DCDCModeSet
                0x0800426c      0x120 ./gecko_sdk_4.4.3/platform/emlib/src/em_emu.o
                0x0800426c                EMU_DCDCModeSet
 .text.EMU_DCDCInit
                0x0800438c       0xa8 ./gecko_sdk_4.4.3/platform/emlib/src/em_emu.o
                0x0800438c                EMU_DCDCInit
 .text.EMU_DCDCSetPFMXModePeakCurrent
                0x08004434       0xb4 ./gecko_sdk_4.4.3/platform/emlib/src/em_emu.o
                0x08004434                EMU_DCDCSetPFMXModePeakCurrent
 .text.GPIO_PinOutClear
                0x080044e8       0x84 ./gecko_sdk_4.4.3/platform/emlib/src/em_gpio.o
 .text.GPIO_PinOutSet
                0x0800456c       0x84 ./gecko_sdk_4.4.3/platform/emlib/src/em_gpio.o
 .text.GPIO_PinModeSet
                0x080045f0      0x120 ./gecko_sdk_4.4.3/platform/emlib/src/em_gpio.o
                0x080045f0                GPIO_PinModeSet
 .text.BUS_RegBitWrite
                0x08004710       0x48 ./gecko_sdk_4.4.3/platform/emlib/src/em_i2c.o
 .text.I2C_BusFreqSet
                0x08004758      0x1a8 ./gecko_sdk_4.4.3/platform/emlib/src/em_i2c.o
                0x08004758                I2C_BusFreqSet
 .text.I2C_Enable
                0x08004900       0x48 ./gecko_sdk_4.4.3/platform/emlib/src/em_i2c.o
                0x08004900                I2C_Enable
 .text.I2C_Init
                0x08004948       0x7c ./gecko_sdk_4.4.3/platform/emlib/src/em_i2c.o
                0x08004948                I2C_Init
 .text.I2C_Transfer
                0x080049c4      0x4cc ./gecko_sdk_4.4.3/platform/emlib/src/em_i2c.o
                0x080049c4                I2C_Transfer
 .text.I2C_TransferInit
                0x08004e90       0xf8 ./gecko_sdk_4.4.3/platform/emlib/src/em_i2c.o
                0x08004e90                I2C_TransferInit
 .text.IADC_disable
                0x08004f88       0x38 ./gecko_sdk_4.4.3/platform/emlib/src/em_iadc.o
 .text.IADC_init
                0x08004fc0      0x984 ./gecko_sdk_4.4.3/platform/emlib/src/em_iadc.o
                0x08004fc0                IADC_init
 .text.IADC_initScan
                0x08005944      0x17c ./gecko_sdk_4.4.3/platform/emlib/src/em_iadc.o
                0x08005944                IADC_initScan
 .text.IADC_calcTimebase
                0x08005ac0       0xa0 ./gecko_sdk_4.4.3/platform/emlib/src/em_iadc.o
                0x08005ac0                IADC_calcTimebase
 .text.IADC_calcSrcClkPrescale
                0x08005b60       0x8c ./gecko_sdk_4.4.3/platform/emlib/src/em_iadc.o
                0x08005b60                IADC_calcSrcClkPrescale
 .text.IADC_calcAdcClkPrescale
                0x08005bec       0xe0 ./gecko_sdk_4.4.3/platform/emlib/src/em_iadc.o
                0x08005bec                IADC_calcAdcClkPrescale
 .text.IADC_getReferenceVoltage
                0x08005ccc       0x7c ./gecko_sdk_4.4.3/platform/emlib/src/em_iadc.o
                0x08005ccc                IADC_getReferenceVoltage
 .text.__NVIC_EnableIRQ
                0x08005d48       0x34 ./gecko_sdk_4.4.3/platform/emlib/src/em_ldma.o
 .text.__NVIC_ClearPendingIRQ
                0x08005d7c       0x38 ./gecko_sdk_4.4.3/platform/emlib/src/em_ldma.o
 .text.__NVIC_SetPriority
                0x08005db4       0x50 ./gecko_sdk_4.4.3/platform/emlib/src/em_ldma.o
 .text.LDMA_Init
                0x08005e04       0xd8 ./gecko_sdk_4.4.3/platform/emlib/src/em_ldma.o
                0x08005e04                LDMA_Init
 .text.LDMA_StartTransfer
                0x08005edc      0x1c8 ./gecko_sdk_4.4.3/platform/emlib/src/em_ldma.o
                0x08005edc                LDMA_StartTransfer
 .text.PRS_ConvertToSyncSource
                0x080060a4      0x134 ./gecko_sdk_4.4.3/platform/emlib/src/em_prs.o
                0x080060a4                PRS_ConvertToSyncSource
 .text.PRS_ConvertToSyncSignal
                0x080061d8      0x1a4 ./gecko_sdk_4.4.3/platform/emlib/src/em_prs.o
                0x080061d8                PRS_ConvertToSyncSignal
 .text.PRS_ConnectSignal
                0x0800637c       0x9c ./gecko_sdk_4.4.3/platform/emlib/src/em_prs.o
                0x0800637c                PRS_ConnectSignal
 .text.PRS_ConnectConsumer
                0x08006418       0x6c ./gecko_sdk_4.4.3/platform/emlib/src/em_prs.o
                0x08006418                PRS_ConnectConsumer
 .text.SYSCFG_readChipRev
                0x08006484        0xc ./gecko_sdk_4.4.3/platform/emlib/src/em_system.o
 .text.SYSTEM_ChipRevisionGet
                0x08006490       0x50 ./gecko_sdk_4.4.3/platform/emlib/src/em_system.o
                0x08006490                SYSTEM_ChipRevisionGet
 .text.prsRxInput
                0x080064e0       0x38 ./gecko_sdk_4.4.3/platform/emlib/src/em_usart.o
 .text.USART_BaudrateSyncSet
                0x08006518       0x68 ./gecko_sdk_4.4.3/platform/emlib/src/em_usart.o
                0x08006518                USART_BaudrateSyncSet
 .text.USART_InitSync
                0x08006580      0x108 ./gecko_sdk_4.4.3/platform/emlib/src/em_usart.o
                0x08006580                USART_InitSync
 .text.USART_Reset
                0x08006688       0xa0 ./gecko_sdk_4.4.3/platform/emlib/src/em_usart.o
                0x08006688                USART_Reset
 .text.sl_hal_sysrtc_wait_sync
                0x08006728       0x20 ./gecko_sdk_4.4.3/platform/peripheral/src/peripheral_sysrtc.o
                0x08006728                sl_hal_sysrtc_wait_sync
 .text.sl_hal_sysrtc_wait_ready
                0x08006748       0x2c ./gecko_sdk_4.4.3/platform/peripheral/src/peripheral_sysrtc.o
                0x08006748                sl_hal_sysrtc_wait_ready
 .text.sl_hal_sysrtc_stop
                0x08006774       0x14 ./gecko_sdk_4.4.3/platform/peripheral/src/peripheral_sysrtc.o
                0x08006774                sl_hal_sysrtc_stop
 .text.sl_hal_sysrtc_get_counter
                0x08006788       0x14 ./gecko_sdk_4.4.3/platform/peripheral/src/peripheral_sysrtc.o
                0x08006788                sl_hal_sysrtc_get_counter
 .text.sl_hal_sysrtc_set_counter
                0x0800679c       0x1c ./gecko_sdk_4.4.3/platform/peripheral/src/peripheral_sysrtc.o
                0x0800679c                sl_hal_sysrtc_set_counter
 .text.sl_hal_sysrtc_init
                0x080067b8       0x38 ./gecko_sdk_4.4.3/platform/peripheral/src/peripheral_sysrtc.o
                0x080067b8                sl_hal_sysrtc_init
 .text.sl_hal_sysrtc_enable
                0x080067f0       0x20 ./gecko_sdk_4.4.3/platform/peripheral/src/peripheral_sysrtc.o
                0x080067f0                sl_hal_sysrtc_enable
 .text.sl_hal_sysrtc_disable
                0x08006810       0x24 ./gecko_sdk_4.4.3/platform/peripheral/src/peripheral_sysrtc.o
                0x08006810                sl_hal_sysrtc_disable
 .text.sl_hal_sysrtc_init_group
                0x08006834       0xbc ./gecko_sdk_4.4.3/platform/peripheral/src/peripheral_sysrtc.o
                0x08006834                sl_hal_sysrtc_init_group
 .text.sl_hal_sysrtc_enable_group_interrupts
                0x080068f0       0x44 ./gecko_sdk_4.4.3/platform/peripheral/src/peripheral_sysrtc.o
                0x080068f0                sl_hal_sysrtc_enable_group_interrupts
 .text.sl_hal_sysrtc_disable_group_interrupts
                0x08006934       0x44 ./gecko_sdk_4.4.3/platform/peripheral/src/peripheral_sysrtc.o
                0x08006934                sl_hal_sysrtc_disable_group_interrupts
 .text.sl_hal_sysrtc_clear_group_interrupts
                0x08006978       0x44 ./gecko_sdk_4.4.3/platform/peripheral/src/peripheral_sysrtc.o
                0x08006978                sl_hal_sysrtc_clear_group_interrupts
 .text.sl_hal_sysrtc_get_group_interrupts
                0x080069bc       0x3c ./gecko_sdk_4.4.3/platform/peripheral/src/peripheral_sysrtc.o
                0x080069bc                sl_hal_sysrtc_get_group_interrupts
 .text.sl_hal_sysrtc_get_group_compare_channel_value
                0x080069f8       0x5c ./gecko_sdk_4.4.3/platform/peripheral/src/peripheral_sysrtc.o
                0x080069f8                sl_hal_sysrtc_get_group_compare_channel_value
 .text.sl_hal_sysrtc_set_group_compare_channel_value
                0x08006a54       0x5c ./gecko_sdk_4.4.3/platform/peripheral/src/peripheral_sysrtc.o
                0x08006a54                sl_hal_sysrtc_set_group_compare_channel_value
 .text.sl_hal_sysrtc_get_group_capture_channel_value
                0x08006ab0       0x3c ./gecko_sdk_4.4.3/platform/peripheral/src/peripheral_sysrtc.o
                0x08006ab0                sl_hal_sysrtc_get_group_capture_channel_value
 .text.sl_device_init_dcdc
                0x08006aec       0x34 ./gecko_sdk_4.4.3/platform/service/device_init/src/sl_device_init_dcdc_s2.o
                0x08006aec                sl_device_init_dcdc
 .text.sl_device_init_emu
                0x08006b20       0x34 ./gecko_sdk_4.4.3/platform/service/device_init/src/sl_device_init_emu_s2.o
                0x08006b20                sl_device_init_emu
 .text.sl_device_init_hfxo
                0x08006b54       0xc8 ./gecko_sdk_4.4.3/platform/service/device_init/src/sl_device_init_hfxo_s2.o
                0x08006b54                sl_device_init_hfxo
 .text.sl_device_init_lfxo
                0x08006c1c       0x3c ./gecko_sdk_4.4.3/platform/service/device_init/src/sl_device_init_lfxo_s2.o
                0x08006c1c                sl_device_init_lfxo
 .text.__NVIC_SetPriority
                0x08006c58       0x50 ./gecko_sdk_4.4.3/platform/service/device_init/src/sl_device_init_nvic.o
 .text.sl_hfxo_manager_init
                0x08006ca8       0x8c ./gecko_sdk_4.4.3/platform/service/hfxo_manager/src/sl_hfxo_manager.o
                0x08006ca8                sl_hfxo_manager_init
 .text.sli_hfxo_manager_begin_startup_measurement
                0x08006d34       0x20 ./gecko_sdk_4.4.3/platform/service/hfxo_manager/src/sl_hfxo_manager.o
                0x08006d34                sli_hfxo_manager_begin_startup_measurement
 .text.sli_hfxo_manager_retrieve_begining_startup_measurement
                0x08006d54       0x3c ./gecko_sdk_4.4.3/platform/service/hfxo_manager/src/sl_hfxo_manager.o
                0x08006d54                sli_hfxo_manager_retrieve_begining_startup_measurement
 .text.sli_hfxo_manager_end_startup_measurement
                0x08006d90      0x11c ./gecko_sdk_4.4.3/platform/service/hfxo_manager/src/sl_hfxo_manager.o
                0x08006d90                sli_hfxo_manager_end_startup_measurement
 .text.sli_hfxo_manager_get_startup_time
                0x08006eac        0xc ./gecko_sdk_4.4.3/platform/service/hfxo_manager/src/sl_hfxo_manager.o
                0x08006eac                sli_hfxo_manager_get_startup_time
 .text.__NVIC_EnableIRQ
                0x08006eb8       0x34 ./gecko_sdk_4.4.3/platform/service/hfxo_manager/src/sl_hfxo_manager_hal_s2.o
 .text.__NVIC_ClearPendingIRQ
                0x08006eec       0x38 ./gecko_sdk_4.4.3/platform/service/hfxo_manager/src/sl_hfxo_manager_hal_s2.o
 .text.__NVIC_SetPriority
                0x08006f24       0x50 ./gecko_sdk_4.4.3/platform/service/hfxo_manager/src/sl_hfxo_manager_hal_s2.o
 .text.sli_hfxo_manager_init_hardware
                0x08006f74       0x94 ./gecko_sdk_4.4.3/platform/service/hfxo_manager/src/sl_hfxo_manager_hal_s2.o
                0x08006f74                sli_hfxo_manager_init_hardware
 .text.sli_hfxo_manager_is_hfxo_ready
                0x08007008       0x68 ./gecko_sdk_4.4.3/platform/service/hfxo_manager/src/sl_hfxo_manager_hal_s2.o
                0x08007008                sli_hfxo_manager_is_hfxo_ready
 .text.sl_hfxo_manager_irq_handler
                0x08007070       0x9c ./gecko_sdk_4.4.3/platform/service/hfxo_manager/src/sl_hfxo_manager_hal_s2.o
                0x08007070                sl_hfxo_manager_irq_handler
 .text.sl_iostream_set_default
                0x0800710c       0x28 ./gecko_sdk_4.4.3/platform/service/iostream/src/sl_iostream.o
                0x0800710c                sl_iostream_set_default
 .text.sl_iostream_get_default
                0x08007134       0x28 ./gecko_sdk_4.4.3/platform/service/iostream/src/sl_iostream.o
                0x08007134                sl_iostream_get_default
 .text.sl_iostream_debug_init
                0x0800715c       0x30 ./gecko_sdk_4.4.3/platform/service/iostream/src/sl_iostream_debug.o
                0x0800715c                sl_iostream_debug_init
 .text.debug_write
                0x0800718c       0x50 ./gecko_sdk_4.4.3/platform/service/iostream/src/sl_iostream_debug.o
 .text._write   0x080071dc       0x44 ./gecko_sdk_4.4.3/platform/service/iostream/src/sl_iostream_retarget_stdio.o
                0x080071dc                _write
 .text.sl_iostream_stdlib_disable_buffering
                0x08007220       0x1c ./gecko_sdk_4.4.3/platform/service/iostream/src/sl_iostream_stdlib_config.o
                0x08007220                sl_iostream_stdlib_disable_buffering
 .text.sli_iostream_swo_itm_8_init
                0x0800723c       0x50 ./gecko_sdk_4.4.3/platform/service/iostream/src/sl_iostream_swo_itm_8.o
                0x0800723c                sli_iostream_swo_itm_8_init
 .text.sli_iosteam_swo_itm_em_transition
                0x0800728c       0x44 ./gecko_sdk_4.4.3/platform/service/iostream/src/sl_iostream_swo_itm_8.o
 .text.sl_power_manager_init
                0x080072d0       0x88 ./gecko_sdk_4.4.3/platform/service/power_manager/src/sl_power_manager.o
                0x080072d0                sl_power_manager_init
 .text.sl_power_manager_sleep
                0x08007358      0x204 ./gecko_sdk_4.4.3/platform/service/power_manager/src/sl_power_manager.o
                0x08007358                sl_power_manager_sleep
 .text.sli_power_manager_update_em_requirement
                0x0800755c      0x108 ./gecko_sdk_4.4.3/platform/service/power_manager/src/sl_power_manager.o
                0x0800755c                sli_power_manager_update_em_requirement
 .text.sli_power_manager_get_restore_delay
                0x08007664       0x48 ./gecko_sdk_4.4.3/platform/service/power_manager/src/sl_power_manager.o
                0x08007664                sli_power_manager_get_restore_delay
 .text.sl_power_manager_subscribe_em_transition_event
                0x080076ac       0x30 ./gecko_sdk_4.4.3/platform/service/power_manager/src/sl_power_manager.o
                0x080076ac                sl_power_manager_subscribe_em_transition_event
 .text.sl_power_manager_schedule_wakeup_get_restore_overhead_tick
                0x080076dc       0x14 ./gecko_sdk_4.4.3/platform/service/power_manager/src/sl_power_manager.o
                0x080076dc                sl_power_manager_schedule_wakeup_get_restore_overhead_tick
 .text.sli_power_manager_convert_delay_us_to_tick
                0x080076f0       0x2c ./gecko_sdk_4.4.3/platform/service/power_manager/src/sl_power_manager.o
                0x080076f0                sli_power_manager_convert_delay_us_to_tick
 .text.sl_power_manager_is_latest_wakeup_internal
                0x0800771c       0x4c ./gecko_sdk_4.4.3/platform/service/power_manager/src/sl_power_manager.o
                0x0800771c                sl_power_manager_is_latest_wakeup_internal
 .text.get_lowest_em
                0x08007768       0x34 ./gecko_sdk_4.4.3/platform/service/power_manager/src/sl_power_manager.o
 .text.power_manager_notify_em_transition
                0x0800779c       0xec ./gecko_sdk_4.4.3/platform/service/power_manager/src/sl_power_manager.o
 .text.evaluate_wakeup
                0x08007888      0x118 ./gecko_sdk_4.4.3/platform/service/power_manager/src/sl_power_manager.o
 .text.update_em1_requirement
                0x080079a0       0x94 ./gecko_sdk_4.4.3/platform/service/power_manager/src/sl_power_manager.o
 .text.clock_restore_and_wait
                0x08007a34       0x88 ./gecko_sdk_4.4.3/platform/service/power_manager/src/sl_power_manager.o
 .text.clock_restore
                0x08007abc       0x6c ./gecko_sdk_4.4.3/platform/service/power_manager/src/sl_power_manager.o
 .text.on_clock_wakeup_timeout
                0x08007b28       0x34 ./gecko_sdk_4.4.3/platform/service/power_manager/src/sl_power_manager.o
 .text.sli_hfxo_manager_notify_ready_for_power_manager
                0x08007b5c       0x48 ./gecko_sdk_4.4.3/platform/service/power_manager/src/sl_power_manager.o
                0x08007b5c                sli_hfxo_manager_notify_ready_for_power_manager
 .text.sli_hfxo_notify_ready_for_power_manager_from_prs
                0x08007ba4       0x1c ./gecko_sdk_4.4.3/platform/service/power_manager/src/sl_power_manager.o
                0x08007ba4                sli_hfxo_notify_ready_for_power_manager_from_prs
 .text.EMU_EnterEM1
                0x08007bc0       0x18 ./gecko_sdk_4.4.3/platform/service/power_manager/src/sl_power_manager_hal_s2.o
 .text.sli_power_manager_init_hardware
                0x08007bd8      0x248 ./gecko_sdk_4.4.3/platform/service/power_manager/src/sl_power_manager_hal_s2.o
                0x08007bd8                sli_power_manager_init_hardware
 .text.sli_power_manager_em23_voltage_scaling_enable_fast_wakeup
                0x08007e20       0x88 ./gecko_sdk_4.4.3/platform/service/power_manager/src/sl_power_manager_hal_s2.o
                0x08007e20                sli_power_manager_em23_voltage_scaling_enable_fast_wakeup
 .text.sli_power_manager_save_states
                0x08007ea8       0x34 ./gecko_sdk_4.4.3/platform/service/power_manager/src/sl_power_manager_hal_s2.o
                0x08007ea8                sli_power_manager_save_states
 .text.EMU_EM23PresleepHook
                0x08007edc       0x94 ./gecko_sdk_4.4.3/platform/service/power_manager/src/sl_power_manager_hal_s2.o
                0x08007edc                EMU_EM23PresleepHook
 .text.EMU_EM23PostsleepHook
                0x08007f70       0x8c ./gecko_sdk_4.4.3/platform/service/power_manager/src/sl_power_manager_hal_s2.o
                0x08007f70                EMU_EM23PostsleepHook
 .text.sli_power_manager_handle_pre_deepsleep_operations
                0x08007ffc       0x10 ./gecko_sdk_4.4.3/platform/service/power_manager/src/sl_power_manager_hal_s2.o
                0x08007ffc                sli_power_manager_handle_pre_deepsleep_operations
 .text.sli_power_manager_restore_high_freq_accuracy_clk
                0x0800800c       0x80 ./gecko_sdk_4.4.3/platform/service/power_manager/src/sl_power_manager_hal_s2.o
                0x0800800c                sli_power_manager_restore_high_freq_accuracy_clk
 .text.sli_power_manager_is_high_freq_accuracy_clk_ready
                0x0800808c       0x34 ./gecko_sdk_4.4.3/platform/service/power_manager/src/sl_power_manager_hal_s2.o
                0x0800808c                sli_power_manager_is_high_freq_accuracy_clk_ready
 .text.sli_power_manager_restore_states
                0x080080c0       0xa4 ./gecko_sdk_4.4.3/platform/service/power_manager/src/sl_power_manager_hal_s2.o
                0x080080c0                sli_power_manager_restore_states
 .text.sli_power_manager_apply_em
                0x08008164       0x50 ./gecko_sdk_4.4.3/platform/service/power_manager/src/sl_power_manager_hal_s2.o
                0x08008164                sli_power_manager_apply_em
 .text.sli_power_manager_get_wakeup_process_time_overhead
                0x080081b4       0x3c ./gecko_sdk_4.4.3/platform/service/power_manager/src/sl_power_manager_hal_s2.o
                0x080081b4                sli_power_manager_get_wakeup_process_time_overhead
 .text.sli_power_manager_is_high_freq_accuracy_clk_used
                0x080081f0        0xc ./gecko_sdk_4.4.3/platform/service/power_manager/src/sl_power_manager_hal_s2.o
                0x080081f0                sli_power_manager_is_high_freq_accuracy_clk_used
 .text.sl_sleeptimer_init
                0x080081fc       0xa0 ./gecko_sdk_4.4.3/platform/service/sleeptimer/src/sl_sleeptimer.o
                0x080081fc                sl_sleeptimer_init
 .text.sl_sleeptimer_stop_timer
                0x0800829c       0x8c ./gecko_sdk_4.4.3/platform/service/sleeptimer/src/sl_sleeptimer.o
                0x0800829c                sl_sleeptimer_stop_timer
 .text.sl_sleeptimer_is_timer_running
                0x08008328       0x6c ./gecko_sdk_4.4.3/platform/service/sleeptimer/src/sl_sleeptimer.o
                0x08008328                sl_sleeptimer_is_timer_running
 .text.sl_sleeptimer_get_remaining_time_of_first_timer
                0x08008394       0x9c ./gecko_sdk_4.4.3/platform/service/sleeptimer/src/sl_sleeptimer.o
                0x08008394                sl_sleeptimer_get_remaining_time_of_first_timer
 .text.sli_sleeptimer_is_power_manager_timer_next_to_expire
                0x08008430       0x40 ./gecko_sdk_4.4.3/platform/service/sleeptimer/src/sl_sleeptimer.o
                0x08008430                sli_sleeptimer_is_power_manager_timer_next_to_expire
 .text.sl_sleeptimer_get_timer_frequency
                0x08008470        0xc ./gecko_sdk_4.4.3/platform/service/sleeptimer/src/sl_sleeptimer.o
                0x08008470                sl_sleeptimer_get_timer_frequency
 .text.sl_sleeptimer_delay_millisecond
                0x0800847c       0x54 ./gecko_sdk_4.4.3/platform/service/sleeptimer/src/sl_sleeptimer.o
                0x0800847c                sl_sleeptimer_delay_millisecond
 .text.sl_sleeptimer_ms_to_tick
                0x080084d0       0x60 ./gecko_sdk_4.4.3/platform/service/sleeptimer/src/sl_sleeptimer.o
                0x080084d0                sl_sleeptimer_ms_to_tick
 .text.process_timer_irq
                0x08008530      0x25c ./gecko_sdk_4.4.3/platform/service/sleeptimer/src/sl_sleeptimer.o
                0x08008530                process_timer_irq
 .text.delta_list_insert_timer
                0x0800878c       0xd4 ./gecko_sdk_4.4.3/platform/service/sleeptimer/src/sl_sleeptimer.o
 .text.delta_list_remove_timer
                0x08008860       0x74 ./gecko_sdk_4.4.3/platform/service/sleeptimer/src/sl_sleeptimer.o
 .text.set_comparator_for_next_timer
                0x080088d4       0x4c ./gecko_sdk_4.4.3/platform/service/sleeptimer/src/sl_sleeptimer.o
 .text.update_delta_list
                0x08008920       0x70 ./gecko_sdk_4.4.3/platform/service/sleeptimer/src/sl_sleeptimer.o
 .text.create_timer
                0x08008990       0xe4 ./gecko_sdk_4.4.3/platform/service/sleeptimer/src/sl_sleeptimer.o
 .text.update_next_timer_to_expire_is_power_manager
                0x08008a74       0x58 ./gecko_sdk_4.4.3/platform/service/sleeptimer/src/sl_sleeptimer.o
 .text.sl_sleeptimer_is_power_manager_early_restore_timer_latest_to_expire
                0x08008acc       0x28 ./gecko_sdk_4.4.3/platform/service/sleeptimer/src/sl_sleeptimer.o
                0x08008acc                sl_sleeptimer_is_power_manager_early_restore_timer_latest_to_expire
 .text.sli_sleeptimer_update_sleep_on_isr_exit
                0x08008af4       0x1c ./gecko_sdk_4.4.3/platform/service/sleeptimer/src/sl_sleeptimer.o
                0x08008af4                sli_sleeptimer_update_sleep_on_isr_exit
 .text.__NVIC_EnableIRQ
                0x08008b10       0x34 ./gecko_sdk_4.4.3/platform/service/sleeptimer/src/sl_sleeptimer_hal_sysrtc.o
 .text.__NVIC_ClearPendingIRQ
                0x08008b44       0x38 ./gecko_sdk_4.4.3/platform/service/sleeptimer/src/sl_sleeptimer_hal_sysrtc.o
 .text.sli_sleeptimer_hal_power_manager_integration_init
                0x08008b7c       0x38 ./gecko_sdk_4.4.3/platform/service/sleeptimer/src/sl_sleeptimer_hal_sysrtc.o
                0x08008b7c                sli_sleeptimer_hal_power_manager_integration_init
 .text.sli_sleeptimer_hal_hfxo_manager_integration_init
                0x08008bb4       0x34 ./gecko_sdk_4.4.3/platform/service/sleeptimer/src/sl_sleeptimer_hal_sysrtc.o
                0x08008bb4                sli_sleeptimer_hal_hfxo_manager_integration_init
 .text.sleeptimer_hal_set_compare
                0x08008be8       0xac ./gecko_sdk_4.4.3/platform/service/sleeptimer/src/sl_sleeptimer_hal_sysrtc.o
                0x08008be8                sleeptimer_hal_set_compare
 .text.sleeptimer_hal_set_compare_prs_hfxo_startup
                0x08008c94       0x8c ./gecko_sdk_4.4.3/platform/service/sleeptimer/src/sl_sleeptimer_hal_sysrtc.o
                0x08008c94                sleeptimer_hal_set_compare_prs_hfxo_startup
 .text.sleeptimer_hal_disable_int
                0x08008d20       0x60 ./gecko_sdk_4.4.3/platform/service/sleeptimer/src/sl_sleeptimer_hal_sysrtc.o
                0x08008d20                sleeptimer_hal_disable_int
 .text.sleeptimer_hal_set_int
                0x08008d80       0x2c ./gecko_sdk_4.4.3/platform/service/sleeptimer/src/sl_sleeptimer_hal_sysrtc.o
                0x08008d80                sleeptimer_hal_set_int
 .text.sleeptimer_hal_disable_prs_compare_and_capture_channel
                0x08008dac       0x38 ./gecko_sdk_4.4.3/platform/service/sleeptimer/src/sl_sleeptimer_hal_sysrtc.o
                0x08008dac                sleeptimer_hal_disable_prs_compare_and_capture_channel
 .text.sli_sleeptimer_set_pm_em_requirement
                0x08008de4       0x24 ./gecko_sdk_4.4.3/platform/service/sleeptimer/src/sl_sleeptimer_hal_sysrtc.o
                0x08008de4                sli_sleeptimer_set_pm_em_requirement
 .text.sl_udelay_wait
                0x08008e08       0x80 ./gecko_sdk_4.4.3/platform/service/udelay/src/sl_udelay.o
                0x08008e08                sl_udelay_wait
 .text          0x08008e88       0x30 c:/siliconlabs/simplicitystudio/v5/developer/toolchains/gnu_arm/12.2.rel1_2023.7/bin/../lib/gcc/arm-none-eabi/12.2.1/thumb/v8-m.main+fp/hard\libgcc.a(_aeabi_uldivmod.o)
                0x08008e88                __aeabi_uldivmod
 .text.__udivmoddi4
                0x08008eb8      0x2ec c:/siliconlabs/simplicitystudio/v5/developer/toolchains/gnu_arm/12.2.rel1_2023.7/bin/../lib/gcc/arm-none-eabi/12.2.1/thumb/v8-m.main+fp/hard\libgcc.a(_udivmoddi4.o)
                0x08008eb8                __udivmoddi4
 .text          0x080091a4        0x4 c:/siliconlabs/simplicitystudio/v5/developer/toolchains/gnu_arm/12.2.rel1_2023.7/bin/../lib/gcc/arm-none-eabi/12.2.1/thumb/v8-m.main+fp/hard\libgcc.a(_dvmd_tls.o)
                0x080091a4                __aeabi_idiv0
                0x080091a4                __aeabi_ldiv0
 .text.exit     0x080091a8       0x24 c:/siliconlabs/simplicitystudio/v5/developer/toolchains/gnu_arm/12.2.rel1_2023.7/bin/../lib/gcc/arm-none-eabi/12.2.1/thumb/v8-m.main+fp/hard\libc_nano.a(libc_a-exit.o)
                0x080091a8                exit
 .text.std      0x080091cc       0x6c c:/siliconlabs/simplicitystudio/v5/developer/toolchains/gnu_arm/12.2.rel1_2023.7/bin/../lib/gcc/arm-none-eabi/12.2.1/thumb/v8-m.main+fp/hard\libc_nano.a(libc_a-findfp.o)
 .text.stdio_exit_handler
                0x08009238       0x18 c:/siliconlabs/simplicitystudio/v5/developer/toolchains/gnu_arm/12.2.rel1_2023.7/bin/../lib/gcc/arm-none-eabi/12.2.1/thumb/v8-m.main+fp/hard\libc_nano.a(libc_a-findfp.o)
 .text.cleanup_stdio
                0x08009250       0x40 c:/siliconlabs/simplicitystudio/v5/developer/toolchains/gnu_arm/12.2.rel1_2023.7/bin/../lib/gcc/arm-none-eabi/12.2.1/thumb/v8-m.main+fp/hard\libc_nano.a(libc_a-findfp.o)
 .text.global_stdio_init.part.0
                0x08009290       0x3c c:/siliconlabs/simplicitystudio/v5/developer/toolchains/gnu_arm/12.2.rel1_2023.7/bin/../lib/gcc/arm-none-eabi/12.2.1/thumb/v8-m.main+fp/hard\libc_nano.a(libc_a-findfp.o)
 .text.__sfp_lock_acquire
                0x080092cc        0xc c:/siliconlabs/simplicitystudio/v5/developer/toolchains/gnu_arm/12.2.rel1_2023.7/bin/../lib/gcc/arm-none-eabi/12.2.1/thumb/v8-m.main+fp/hard\libc_nano.a(libc_a-findfp.o)
                0x080092cc                __sfp_lock_acquire
 .text.__sfp_lock_release
                0x080092d8        0xc c:/siliconlabs/simplicitystudio/v5/developer/toolchains/gnu_arm/12.2.rel1_2023.7/bin/../lib/gcc/arm-none-eabi/12.2.1/thumb/v8-m.main+fp/hard\libc_nano.a(libc_a-findfp.o)
                0x080092d8                __sfp_lock_release
 .text.__sinit  0x080092e4       0x30 c:/siliconlabs/simplicitystudio/v5/developer/toolchains/gnu_arm/12.2.rel1_2023.7/bin/../lib/gcc/arm-none-eabi/12.2.1/thumb/v8-m.main+fp/hard\libc_nano.a(libc_a-findfp.o)
                0x080092e4                __sinit
 .text.setvbuf  0x08009314      0x168 c:/siliconlabs/simplicitystudio/v5/developer/toolchains/gnu_arm/12.2.rel1_2023.7/bin/../lib/gcc/arm-none-eabi/12.2.1/thumb/v8-m.main+fp/hard\libc_nano.a(libc_a-setvbuf.o)
                0x08009314                setvbuf
 .text.vprintf  0x0800947c       0x14 c:/siliconlabs/simplicitystudio/v5/developer/toolchains/gnu_arm/12.2.rel1_2023.7/bin/../lib/gcc/arm-none-eabi/12.2.1/thumb/v8-m.main+fp/hard\libc_nano.a(libc_a-vprintf.o)
                0x0800947c                viprintf
                0x0800947c                vprintf
 .text._close_r
                0x08009490       0x20 c:/siliconlabs/simplicitystudio/v5/developer/toolchains/gnu_arm/12.2.rel1_2023.7/bin/../lib/gcc/arm-none-eabi/12.2.1/thumb/v8-m.main+fp/hard\libc_nano.a(libc_a-closer.o)
                0x08009490                _close_r
 .text._lseek_r
                0x080094b0       0x24 c:/siliconlabs/simplicitystudio/v5/developer/toolchains/gnu_arm/12.2.rel1_2023.7/bin/../lib/gcc/arm-none-eabi/12.2.1/thumb/v8-m.main+fp/hard\libc_nano.a(libc_a-lseekr.o)
                0x080094b0                _lseek_r
 .text._read_r  0x080094d4       0x24 c:/siliconlabs/simplicitystudio/v5/developer/toolchains/gnu_arm/12.2.rel1_2023.7/bin/../lib/gcc/arm-none-eabi/12.2.1/thumb/v8-m.main+fp/hard\libc_nano.a(libc_a-readr.o)
                0x080094d4                _read_r
 .text._write_r
                0x080094f8       0x24 c:/siliconlabs/simplicitystudio/v5/developer/toolchains/gnu_arm/12.2.rel1_2023.7/bin/../lib/gcc/arm-none-eabi/12.2.1/thumb/v8-m.main+fp/hard\libc_nano.a(libc_a-writer.o)
                0x080094f8                _write_r
 .text.__libc_init_array
                0x0800951c       0x48 c:/siliconlabs/simplicitystudio/v5/developer/toolchains/gnu_arm/12.2.rel1_2023.7/bin/../lib/gcc/arm-none-eabi/12.2.1/thumb/v8-m.main+fp/hard\libc_nano.a(libc_a-init.o)
                0x0800951c                __libc_init_array
 .text._free_r  0x08009564       0x94 c:/siliconlabs/simplicitystudio/v5/developer/toolchains/gnu_arm/12.2.rel1_2023.7/bin/../lib/gcc/arm-none-eabi/12.2.1/thumb/v8-m.main+fp/hard\libc_nano.a(libc_a-freer.o)
                0x08009564                _free_r
 .text.malloc   0x080095f8       0x10 c:/siliconlabs/simplicitystudio/v5/developer/toolchains/gnu_arm/12.2.rel1_2023.7/bin/../lib/gcc/arm-none-eabi/12.2.1/thumb/v8-m.main+fp/hard\libc_nano.a(libc_a-malloc.o)
                0x080095f8                malloc
 .text.sbrk_aligned
                0x08009608       0x44 c:/siliconlabs/simplicitystudio/v5/developer/toolchains/gnu_arm/12.2.rel1_2023.7/bin/../lib/gcc/arm-none-eabi/12.2.1/thumb/v8-m.main+fp/hard\libc_nano.a(libc_a-mallocr.o)
 .text._malloc_r
                0x0800964c       0xf0 c:/siliconlabs/simplicitystudio/v5/developer/toolchains/gnu_arm/12.2.rel1_2023.7/bin/../lib/gcc/arm-none-eabi/12.2.1/thumb/v8-m.main+fp/hard\libc_nano.a(libc_a-mallocr.o)
                0x0800964c                _malloc_r
 .text.__malloc_lock
                0x0800973c        0xc c:/siliconlabs/simplicitystudio/v5/developer/toolchains/gnu_arm/12.2.rel1_2023.7/bin/../lib/gcc/arm-none-eabi/12.2.1/thumb/v8-m.main+fp/hard\libc_nano.a(libc_a-mlock.o)
                0x0800973c                __malloc_lock
 .text.__malloc_unlock
                0x08009748        0xc c:/siliconlabs/simplicitystudio/v5/developer/toolchains/gnu_arm/12.2.rel1_2023.7/bin/../lib/gcc/arm-none-eabi/12.2.1/thumb/v8-m.main+fp/hard\libc_nano.a(libc_a-mlock.o)
                0x08009748                __malloc_unlock
 .text._vfprintf_r
                0x08009754      0x230 c:/siliconlabs/simplicitystudio/v5/developer/toolchains/gnu_arm/12.2.rel1_2023.7/bin/../lib/gcc/arm-none-eabi/12.2.1/thumb/v8-m.main+fp/hard\libc_nano.a(libc_a-nano-vfprintf.o)
                0x08009754                _vfprintf_r
                0x08009754                _vfiprintf_r
 .text._printf_i
                0x08009984      0x258 c:/siliconlabs/simplicitystudio/v5/developer/toolchains/gnu_arm/12.2.rel1_2023.7/bin/../lib/gcc/arm-none-eabi/12.2.1/thumb/v8-m.main+fp/hard\libc_nano.a(libc_a-nano-vfprintf_i.o)
                0x08009984                _printf_i
 .text.__swsetup_r
                0x08009bdc       0xac c:/siliconlabs/simplicitystudio/v5/developer/toolchains/gnu_arm/12.2.rel1_2023.7/bin/../lib/gcc/arm-none-eabi/12.2.1/thumb/v8-m.main+fp/hard\libc_nano.a(libc_a-wsetup.o)
                0x08009bdc                __swsetup_r
 .text._fstat_r
                0x08009c88       0x24 c:/siliconlabs/simplicitystudio/v5/developer/toolchains/gnu_arm/12.2.rel1_2023.7/bin/../lib/gcc/arm-none-eabi/12.2.1/thumb/v8-m.main+fp/hard\libc_nano.a(libc_a-fstatr.o)
                0x08009c88                _fstat_r
 .text._isatty_r
                0x08009cac       0x20 c:/siliconlabs/simplicitystudio/v5/developer/toolchains/gnu_arm/12.2.rel1_2023.7/bin/../lib/gcc/arm-none-eabi/12.2.1/thumb/v8-m.main+fp/hard\libc_nano.a(libc_a-isattyr.o)
                0x08009cac                _isatty_r
 .text._sbrk_r  0x08009ccc       0x20 c:/siliconlabs/simplicitystudio/v5/developer/toolchains/gnu_arm/12.2.rel1_2023.7/bin/../lib/gcc/arm-none-eabi/12.2.1/thumb/v8-m.main+fp/hard\libc_nano.a(libc_a-sbrkr.o)
                0x08009ccc                _sbrk_r
 .text.BUS_RegBitRead
                0x08009cec       0x1a ./app.o
 .text.app_init
                0x08009d06       0x1a ./app.o
                0x08009d06                app_init
 .text.initPRS  0x08009d20        0xe ./iadc_demo.o
                0x08009d20                initPRS
 .text.main     0x08009d2e       0x1a ./main.o
                0x08009d2e                main
 .text.initThermometer
                0x08009d48        0xa ./thermometer.o
                0x08009d48                initThermometer
 .text.sl_board_default_init
                0x08009d52        0x4 ./autogen/sl_board_default_init.o
                0x08009d52                sl_board_default_init
 .text.CHIP_Init
                0x08009d56        0x4 ./autogen/sl_event_handler.o
 .text.sl_platform_init
                0x08009d5a       0x32 ./autogen/sl_event_handler.o
                0x08009d5a                sl_platform_init
 .text.sl_driver_init
                0x08009d8c        0xe ./autogen/sl_event_handler.o
                0x08009d8c                sl_driver_init
 .text.sl_service_init
                0x08009d9a       0x1a ./autogen/sl_event_handler.o
                0x08009d9a                sl_service_init
 .text.sl_stack_init
                0x08009db4        0x4 ./autogen/sl_event_handler.o
                0x08009db4                sl_stack_init
 .text.sl_internal_app_init
                0x08009db8        0xa ./autogen/sl_event_handler.o
                0x08009db8                sl_internal_app_init
 .text.sl_platform_process_action
                0x08009dc2        0x4 ./autogen/sl_event_handler.o
                0x08009dc2                sl_platform_process_action
 .text.sl_service_process_action
                0x08009dc6        0xa ./autogen/sl_event_handler.o
                0x08009dc6                sl_service_process_action
 .text.sl_stack_process_action
                0x08009dd0        0x4 ./autogen/sl_event_handler.o
                0x08009dd0                sl_stack_process_action
 .text.sl_internal_app_process_action
                0x08009dd4        0x4 ./autogen/sl_event_handler.o
                0x08009dd4                sl_internal_app_process_action
 .text.sl_iostream_init_instances
                0x08009dd8        0xa ./autogen/sl_event_handler.o
                0x08009dd8                sl_iostream_init_instances
 .text.app_is_ok_to_sleep
                0x08009de2        0x6 ./autogen/sl_power_manager_handler.o
                0x08009de2                app_is_ok_to_sleep
 .text.app_sleep_on_isr_exit
                0x08009de8        0x6 ./autogen/sl_power_manager_handler.o
                0x08009de8                app_sleep_on_isr_exit
 .text.sl_power_manager_is_ok_to_sleep
                0x08009dee       0x42 ./autogen/sl_power_manager_handler.o
                0x08009dee                sl_power_manager_is_ok_to_sleep
 .text.sl_power_manager_sleep_on_isr_exit
                0x08009e30       0x84 ./autogen/sl_power_manager_handler.o
                0x08009e30                sl_power_manager_sleep_on_isr_exit
 .text._app_log_time
                0x08009eb4        0x4 ./gecko_sdk_4.4.3/app/common/util/app_log/app_log.o
                0x08009eb4                _app_log_time
 .text._app_log_counter
                0x08009eb8        0x4 ./gecko_sdk_4.4.3/app/common/util/app_log/app_log.o
                0x08009eb8                _app_log_counter
 .text.sl_board_configure_vcom
                0x08009ebc        0x6 ./gecko_sdk_4.4.3/hardware/board/src/sl_board_control_gpio.o
                0x08009ebc                sl_board_configure_vcom
 .text.sl_board_init
                0x08009ec2       0x16 ./gecko_sdk_4.4.3/hardware/board/src/sl_board_init.o
                0x08009ec2                sl_board_init
 .text.sl_board_preinit
                0x08009ed8        0xe ./gecko_sdk_4.4.3/hardware/board/src/sl_board_init.o
                0x08009ed8                sl_board_preinit
 .text.cs_low   0x08009ee6        0xe ./gecko_sdk_4.4.3/hardware/driver/mx25_flash_shutdown/src/sl_mx25_flash_shutdown_usart/sl_mx25_flash_shutdown.o
 .text.cs_high  0x08009ef4        0xe ./gecko_sdk_4.4.3/hardware/driver/mx25_flash_shutdown/src/sl_mx25_flash_shutdown_usart/sl_mx25_flash_shutdown.o
 .text.sl_si70xx_init
                0x08009f02       0x58 ./gecko_sdk_4.4.3/hardware/driver/si70xx/src/sl_si70xx.o
                0x08009f02                sl_si70xx_init
 .text.sl_si70xx_measure_rh_and_temp
                0x08009f5a       0x6e ./gecko_sdk_4.4.3/hardware/driver/si70xx/src/sl_si70xx.o
                0x08009f5a                sl_si70xx_measure_rh_and_temp
 .text.sl_si70xx_present
                0x08009fc8       0x76 ./gecko_sdk_4.4.3/hardware/driver/si70xx/src/sl_si70xx.o
                0x08009fc8                sl_si70xx_present
 .text.sl_si70xx_send_command
                0x0800a03e       0x86 ./gecko_sdk_4.4.3/hardware/driver/si70xx/src/sl_si70xx.o
 .text.sl_si70xx_get_percent_relative_humidity
                0x0800a0c4       0x1c ./gecko_sdk_4.4.3/hardware/driver/si70xx/src/sl_si70xx.o
 .text.sl_si70xx_get_celcius_temperature
                0x0800a0e0       0x1c ./gecko_sdk_4.4.3/hardware/driver/si70xx/src/sl_si70xx.o
 .text.Default_Handler
                0x0800a0fc        0x4 ./gecko_sdk_4.4.3/platform/Device/SiliconLabs/EFR32MG24/Source/startup_efr32mg24.o
                0x0800a0fc                ULFRCO_IRQHandler
                0x0800a0fc                AHB2AHB1_IRQHandler
                0x0800a0fc                SW2_IRQHandler
                0x0800a0fc                TIMER2_IRQHandler
                0x0800a0fc                DebugMon_Handler
                0x0800a0fc                USART0_TX_IRQHandler
                0x0800a0fc                IADC_IRQHandler
                0x0800a0fc                EUSART0_TX_IRQHandler
                0x0800a0fc                I2C0_IRQHandler
                0x0800a0fc                LFXO_IRQHandler
                0x0800a0fc                HardFault_Handler
                0x0800a0fc                SMU_SECURE_IRQHandler
                0x0800a0fc                SysTick_Handler
                0x0800a0fc                SYSRTC_SEQ_IRQHandler
                0x0800a0fc                EMUEFP_IRQHandler
                0x0800a0fc                PendSV_Handler
                0x0800a0fc                NMI_Handler
                0x0800a0fc                SYNTH_IRQHandler
                0x0800a0fc                HOSTMAILBOX_IRQHandler
                0x0800a0fc                I2C1_IRQHandler
                0x0800a0fc                WDOG0_IRQHandler
                0x0800a0fc                TIMER3_IRQHandler
                0x0800a0fc                SYSCFG_IRQHandler
                0x0800a0fc                RFECA1_IRQHandler
                0x0800a0fc                EMUDG_IRQHandler
                0x0800a0fc                MSC_IRQHandler
                0x0800a0fc                DPLL0_IRQHandler
                0x0800a0fc                UsageFault_Handler
                0x0800a0fc                WDOG1_IRQHandler
                0x0800a0fc                M33CTI1_IRQHandler
                0x0800a0fc                TIMER4_IRQHandler
                0x0800a0fc                GPIO_EVEN_IRQHandler
                0x0800a0fc                VDAC0_IRQHandler
                0x0800a0fc                LDMA_IRQHandler
                0x0800a0fc                SEMBTX_IRQHandler
                0x0800a0fc                SW0_IRQHandler
                0x0800a0fc                TIMER0_IRQHandler
                0x0800a0fc                MVP_IRQHandler
                0x0800a0fc                LETIMER0_IRQHandler
                0x0800a0fc                EUSART1_RX_IRQHandler
                0x0800a0fc                TIMER1_IRQHandler
                0x0800a0fc                HFRCO0_IRQHandler
                0x0800a0fc                SecureFault_Handler
                0x0800a0fc                BUFC_IRQHandler
                0x0800a0fc                DCDC_IRQHandler
                0x0800a0fc                MODEM_IRQHandler
                0x0800a0fc                Default_Handler
                0x0800a0fc                RAC_SEQ_IRQHandler
                0x0800a0fc                FRC_PRI_IRQHandler
                0x0800a0fc                SW3_IRQHandler
                0x0800a0fc                EMU_IRQHandler
                0x0800a0fc                KERNEL0_IRQHandler
                0x0800a0fc                FRC_IRQHandler
                0x0800a0fc                PCNT0_IRQHandler
                0x0800a0fc                KERNEL1_IRQHandler
                0x0800a0fc                AGC_IRQHandler
                0x0800a0fc                EUSART1_TX_IRQHandler
                0x0800a0fc                KEYSCAN_IRQHandler
                0x0800a0fc                HFRCOEM23_IRQHandler
                0x0800a0fc                sl_app_properties
                0x0800a0fc                BURTC_IRQHandler
                0x0800a0fc                SEMBRX_IRQHandler
                0x0800a0fc                RFECA0_IRQHandler
                0x0800a0fc                LFRCO_IRQHandler
                0x0800a0fc                VDAC1_IRQHandler
                0x0800a0fc                ACMP0_IRQHandler
                0x0800a0fc                USART0_RX_IRQHandler
                0x0800a0fc                MemManage_Handler
                0x0800a0fc                AHB2AHB0_IRQHandler
                0x0800a0fc                SVC_Handler
                0x0800a0fc                SMU_S_PRIVILEGED_IRQHandler
                0x0800a0fc                SW1_IRQHandler
                0x0800a0fc                CMU_IRQHandler
                0x0800a0fc                EUSART0_RX_IRQHandler
                0x0800a0fc                RAC_RSM_IRQHandler
                0x0800a0fc                SETAMPERHOST_IRQHandler
                0x0800a0fc                GPIO_ODD_IRQHandler
                0x0800a0fc                AES_IRQHandler
                0x0800a0fc                M33CTI0_IRQHandler
                0x0800a0fc                ICACHE0_IRQHandler
                0x0800a0fc                SMU_NS_PRIVILEGED_IRQHandler
                0x0800a0fc                FPUEXH_IRQHandler
                0x0800a0fc                PROTIMER_IRQHandler
                0x0800a0fc                ACMP1_IRQHandler
                0x0800a0fc                BusFault_Handler
                0x0800a0fc                MPAHBRAM_IRQHandler
 .text.FlashToRamCopy
                0x0800a100       0x30 ./gecko_sdk_4.4.3/platform/Device/SiliconLabs/EFR32MG24/Source/system_efr32mg24.o
                0x0800a100                FlashToRamCopy
 .text.SystemCLKIN0Get
                0x0800a130        0x6 ./gecko_sdk_4.4.3/platform/Device/SiliconLabs/EFR32MG24/Source/system_efr32mg24.o
                0x0800a130                SystemCLKIN0Get
 .text.SystemLFRCOClockGet
                0x0800a136        0x8 ./gecko_sdk_4.4.3/platform/Device/SiliconLabs/EFR32MG24/Source/system_efr32mg24.o
                0x0800a136                SystemLFRCOClockGet
 .text.SystemULFRCOClockGet
                0x0800a13e        0x8 ./gecko_sdk_4.4.3/platform/Device/SiliconLabs/EFR32MG24/Source/system_efr32mg24.o
                0x0800a13e                SystemULFRCOClockGet
 .text.assertEFM
                0x0800a146        0xa ./gecko_sdk_4.4.3/platform/common/src/sl_assert.o
                0x0800a146                assertEFM
 .text.sl_slist_init
                0x0800a150       0x10 ./gecko_sdk_4.4.3/platform/common/src/sl_slist.o
                0x0800a150                sl_slist_init
 .text.sl_debug_swo_enable_itm
                0x0800a160       0x26 ./gecko_sdk_4.4.3/platform/driver/debug/src/sl_debug_swo.o
                0x0800a160                sl_debug_swo_enable_itm
 .text.SystemCoreClockGet
                0x0800a186        0xc ./gecko_sdk_4.4.3/platform/emlib/src/em_cmu.o
 .text.BUS_RegBitRead
                0x0800a192       0x1a ./gecko_sdk_4.4.3/platform/emlib/src/em_cmu.o
 .text.BUS_RegMaskedWrite
                0x0800a1ac       0x34 ./gecko_sdk_4.4.3/platform/emlib/src/em_cmu.o
 .text.sli_em_cmu_SYSCLKInitPreClockSelect
                0x0800a1e0       0x1a ./gecko_sdk_4.4.3/platform/emlib/src/em_cmu.o
                0x0800a1e0                sli_em_cmu_SYSCLKInitPreClockSelect
 .text.sli_em_cmu_SYSCLKInitPostClockSelect
                0x0800a1fa       0x2e ./gecko_sdk_4.4.3/platform/emlib/src/em_cmu.o
                0x0800a1fa                sli_em_cmu_SYSCLKInitPostClockSelect
 .text.CMU_UpdateWaitStates
                0x0800a228       0x28 ./gecko_sdk_4.4.3/platform/emlib/src/em_cmu.o
                0x0800a228                CMU_UpdateWaitStates
 .text.pclkDivMax
                0x0800a250       0x10 ./gecko_sdk_4.4.3/platform/emlib/src/em_cmu.o
 .text.waitStateMax
                0x0800a260       0x14 ./gecko_sdk_4.4.3/platform/emlib/src/em_cmu.o
 .text.CORE_EnterCritical
                0x0800a274       0x18 ./gecko_sdk_4.4.3/platform/emlib/src/em_core.o
                0x0800a274                CORE_EnterCritical
 .text.CORE_ExitCritical
                0x0800a28c       0x14 ./gecko_sdk_4.4.3/platform/emlib/src/em_core.o
                0x0800a28c                CORE_ExitCritical
 .text.CORE_EnterAtomic
                0x0800a2a0       0x20 ./gecko_sdk_4.4.3/platform/emlib/src/em_core.o
                0x0800a2a0                CORE_EnterAtomic
 .text.CORE_ExitAtomic
                0x0800a2c0       0x16 ./gecko_sdk_4.4.3/platform/emlib/src/em_core.o
                0x0800a2c0                CORE_ExitAtomic
 .text.SystemCoreClockUpdate
                0x0800a2d6        0xa ./gecko_sdk_4.4.3/platform/emlib/src/em_emu.o
 .text.BUS_RegBitRead
                0x0800a2e0       0x1a ./gecko_sdk_4.4.3/platform/emlib/src/em_emu.o
 .text.vScaleEM01Cmd
                0x0800a2fa       0x1c ./gecko_sdk_4.4.3/platform/emlib/src/em_emu.o
 .text.EMU_EFPEM23PresleepHook
                0x0800a316        0x4 ./gecko_sdk_4.4.3/platform/emlib/src/em_emu.o
                0x0800a316                EMU_EFPEM23PresleepHook
 .text.EMU_EFPEM23PostsleepHook
                0x0800a31a        0x4 ./gecko_sdk_4.4.3/platform/emlib/src/em_emu.o
                0x0800a31a                EMU_EFPEM23PostsleepHook
 .text.EMU_Save
                0x0800a31e        0x4 ./gecko_sdk_4.4.3/platform/emlib/src/em_emu.o
                0x0800a31e                EMU_Save
 .text.EMU_Restore
                0x0800a322        0x4 ./gecko_sdk_4.4.3/platform/emlib/src/em_emu.o
                0x0800a322                EMU_Restore
 .text.EMU_EFPEM01VScale
                0x0800a326        0xe ./gecko_sdk_4.4.3/platform/emlib/src/em_emu.o
                0x0800a326                EMU_EFPEM01VScale
 .text.EMU_DCDCUpdatedHook
                0x0800a334        0x4 ./gecko_sdk_4.4.3/platform/emlib/src/em_emu.o
                0x0800a334                EMU_DCDCUpdatedHook
 .text.BUS_RegMaskedWrite
                0x0800a338       0x34 ./gecko_sdk_4.4.3/platform/emlib/src/em_gpio.o
 .text.GPIO_DbgLocationSet
                0x0800a36c        0xa ./gecko_sdk_4.4.3/platform/emlib/src/em_gpio.o
                0x0800a36c                GPIO_DbgLocationSet
 .text.I2C_IntClear
                0x0800a376       0x18 ./gecko_sdk_4.4.3/platform/emlib/src/em_i2c.o
 .text.BUS_RegMaskedWrite
                0x0800a38e       0x34 ./gecko_sdk_4.4.3/platform/emlib/src/em_i2c.o
 .text.flushRx  0x0800a3c2       0x28 ./gecko_sdk_4.4.3/platform/emlib/src/em_i2c.o
 .text.IADC_command
                0x0800a3ea       0x12 ./gecko_sdk_4.4.3/platform/emlib/src/em_iadc.o
 .text.IADC_enable
                0x0800a3fc       0x16 ./gecko_sdk_4.4.3/platform/emlib/src/em_iadc.o
 .text.BUS_RegMaskedClear
                0x0800a412       0x1a ./gecko_sdk_4.4.3/platform/emlib/src/em_ldma.o
 .text.USART_SpiTransfer
                0x0800a42c       0x3a ./gecko_sdk_4.4.3/platform/emlib/src/em_usart.o
                0x0800a42c                USART_SpiTransfer
 .text.sl_device_init_nvic
                0x0800a466       0x38 ./gecko_sdk_4.4.3/platform/service/device_init/src/sl_device_init_nvic.o
                0x0800a466                sl_device_init_nvic
 .text.sl_hfxo_manager_init_hardware
                0x0800a49e        0xa ./gecko_sdk_4.4.3/platform/service/hfxo_manager/src/sl_hfxo_manager.o
                0x0800a49e                sl_hfxo_manager_init_hardware
 .text.HFXO0_IRQHandler
                0x0800a4a8        0xa ./gecko_sdk_4.4.3/platform/service/hfxo_manager/src/sl_hfxo_manager_hal_s2.o
                0x0800a4a8                HFXO0_IRQHandler
 .text.sl_iostream_write
                0x0800a4b2       0x40 ./gecko_sdk_4.4.3/platform/service/iostream/src/sl_iostream.o
                0x0800a4b2                sl_iostream_write
 .text.sl_iostream_read
                0x0800a4f2       0x50 ./gecko_sdk_4.4.3/platform/service/iostream/src/sl_iostream.o
                0x0800a4f2                sl_iostream_read
 .text.sl_iostream_vprintf
                0x0800a542       0x64 ./gecko_sdk_4.4.3/platform/service/iostream/src/sl_iostream.o
                0x0800a542                sl_iostream_vprintf
 .text.sl_iostream_printf
                0x0800a5a6       0x26 ./gecko_sdk_4.4.3/platform/service/iostream/src/sl_iostream.o
                0x0800a5a6                sl_iostream_printf
 .text._close   0x0800a5cc        0xc ./gecko_sdk_4.4.3/platform/service/iostream/src/sl_iostream_retarget_stdio.o
                0x0800a5cc                _close
 .text._exit    0x0800a5d8        0x8 ./gecko_sdk_4.4.3/platform/service/iostream/src/sl_iostream_retarget_stdio.o
                0x0800a5d8                _exit
 .text._fstat   0x0800a5e0       0x16 ./gecko_sdk_4.4.3/platform/service/iostream/src/sl_iostream_retarget_stdio.o
                0x0800a5e0                _fstat
 .text._isatty  0x0800a5f6        0xc ./gecko_sdk_4.4.3/platform/service/iostream/src/sl_iostream_retarget_stdio.o
                0x0800a5f6                _isatty
 .text._lseek   0x0800a602       0x10 ./gecko_sdk_4.4.3/platform/service/iostream/src/sl_iostream_retarget_stdio.o
                0x0800a602                _lseek
 .text._read    0x0800a612       0x30 ./gecko_sdk_4.4.3/platform/service/iostream/src/sl_iostream_retarget_stdio.o
                0x0800a612                _read
 .text.sli_iostream_swo_itm_8_write
                0x0800a642       0xe8 ./gecko_sdk_4.4.3/platform/service/iostream/src/sl_iostream_swo_itm_8.o
                0x0800a642                sli_iostream_swo_itm_8_write
 .text.sli_power_manager_initiate_restore
                0x0800a72a       0x1c ./gecko_sdk_4.4.3/platform/service/power_manager/src/sl_power_manager.o
                0x0800a72a                sli_power_manager_initiate_restore
 .text.enter_critical_with_primask
                0x0800a746       0x18 ./gecko_sdk_4.4.3/platform/service/power_manager/src/sl_power_manager.o
 .text.exit_critical_with_primask
                0x0800a75e       0x14 ./gecko_sdk_4.4.3/platform/service/power_manager/src/sl_power_manager.o
 .text.SystemCoreClockUpdate
                0x0800a772        0xa ./gecko_sdk_4.4.3/platform/service/power_manager/src/sl_power_manager_hal_s2.o
 .text.sli_power_manager_get_default_high_frequency_minimum_offtime
                0x0800a77c       0x10 ./gecko_sdk_4.4.3/platform/service/power_manager/src/sl_power_manager_hal_s2.o
                0x0800a77c                sli_power_manager_get_default_high_frequency_minimum_offtime
 .text.sli_power_manager_low_frequency_restore
                0x0800a78c        0x4 ./gecko_sdk_4.4.3/platform/service/power_manager/src/sl_power_manager_hal_s2.o
                0x0800a78c                sli_power_manager_low_frequency_restore
 .text.sl_sleeptimer_start_timer
                0x0800a790       0x66 ./gecko_sdk_4.4.3/platform/service/sleeptimer/src/sl_sleeptimer.o
                0x0800a790                sl_sleeptimer_start_timer
 .text.sl_sleeptimer_restart_timer
                0x0800a7f6       0x4e ./gecko_sdk_4.4.3/platform/service/sleeptimer/src/sl_sleeptimer.o
                0x0800a7f6                sl_sleeptimer_restart_timer
 .text.sl_sleeptimer_get_tick_count
                0x0800a844       0x20 ./gecko_sdk_4.4.3/platform/service/sleeptimer/src/sl_sleeptimer.o
                0x0800a844                sl_sleeptimer_get_tick_count
 .text.delay_callback
                0x0800a864       0x16 ./gecko_sdk_4.4.3/platform/service/sleeptimer/src/sl_sleeptimer.o
 .text.sli_sleeptimer_get_capture
                0x0800a87a        0xc ./gecko_sdk_4.4.3/platform/service/sleeptimer/src/sl_sleeptimer.o
                0x0800a87a                sli_sleeptimer_get_capture
 .text.sli_sleeptimer_reset_prs_signal
                0x0800a886        0xa ./gecko_sdk_4.4.3/platform/service/sleeptimer/src/sl_sleeptimer.o
                0x0800a886                sli_sleeptimer_reset_prs_signal
 .text.sl_power_manager_add_em_requirement
                0x0800a890       0x2a ./gecko_sdk_4.4.3/platform/service/sleeptimer/src/sl_sleeptimer_hal_sysrtc.o
 .text.sleeptimer_hal_init_timer
                0x0800a8ba       0x76 ./gecko_sdk_4.4.3/platform/service/sleeptimer/src/sl_sleeptimer_hal_sysrtc.o
                0x0800a8ba                sleeptimer_hal_init_timer
 .text.sleeptimer_hal_get_counter
                0x0800a930        0xc ./gecko_sdk_4.4.3/platform/service/sleeptimer/src/sl_sleeptimer_hal_sysrtc.o
                0x0800a930                sleeptimer_hal_get_counter
 .text.sleeptimer_hal_get_compare
                0x0800a93c       0x10 ./gecko_sdk_4.4.3/platform/service/sleeptimer/src/sl_sleeptimer_hal_sysrtc.o
                0x0800a93c                sleeptimer_hal_get_compare
 .text.sleeptimer_hal_enable_int
                0x0800a94c       0x46 ./gecko_sdk_4.4.3/platform/service/sleeptimer/src/sl_sleeptimer_hal_sysrtc.o
                0x0800a94c                sleeptimer_hal_enable_int
 .text.sli_sleeptimer_hal_is_int_status_set
                0x0800a992       0x5a ./gecko_sdk_4.4.3/platform/service/sleeptimer/src/sl_sleeptimer_hal_sysrtc.o
                0x0800a992                sli_sleeptimer_hal_is_int_status_set
 .text.SYSRTC_APP_IRQHandler
                0x0800a9ec       0x6a ./gecko_sdk_4.4.3/platform/service/sleeptimer/src/sl_sleeptimer_hal_sysrtc.o
                0x0800a9ec                SYSRTC_APP_IRQHandler
 .text.sleeptimer_hal_get_timer_frequency
                0x0800aa56        0xe ./gecko_sdk_4.4.3/platform/service/sleeptimer/src/sl_sleeptimer_hal_sysrtc.o
                0x0800aa56                sleeptimer_hal_get_timer_frequency
 .text.get_time_diff
                0x0800aa64       0x12 ./gecko_sdk_4.4.3/platform/service/sleeptimer/src/sl_sleeptimer_hal_sysrtc.o
 .text.sleeptimer_hal_get_capture
                0x0800aa76       0x2a ./gecko_sdk_4.4.3/platform/service/sleeptimer/src/sl_sleeptimer_hal_sysrtc.o
                0x0800aa76                sleeptimer_hal_get_capture
 .text.sleeptimer_hal_reset_prs_signal
                0x0800aaa0        0xe ./gecko_sdk_4.4.3/platform/service/sleeptimer/src/sl_sleeptimer_hal_sysrtc.o
                0x0800aaa0                sleeptimer_hal_reset_prs_signal
 .text.sl_system_init
                0x0800aaae       0x1a ./gecko_sdk_4.4.3/platform/service/system/src/sl_system_init.o
                0x0800aaae                sl_system_init
 .text.sl_system_process_action
                0x0800aac8       0x16 ./gecko_sdk_4.4.3/platform/service/system/src/sl_system_process_action.o
                0x0800aac8                sl_system_process_action
 .text.SystemCoreClockGet
                0x0800aade        0xc ./gecko_sdk_4.4.3/platform/service/udelay/src/sl_udelay.o
 .text._fwalk_sglue
                0x0800aaea       0x3c c:/siliconlabs/simplicitystudio/v5/developer/toolchains/gnu_arm/12.2.rel1_2023.7/bin/../lib/gcc/arm-none-eabi/12.2.1/thumb/v8-m.main+fp/hard\libc_nano.a(libc_a-fwalk.o)
                0x0800aaea                _fwalk_sglue
 .text.__sread  0x0800ab26       0x22 c:/siliconlabs/simplicitystudio/v5/developer/toolchains/gnu_arm/12.2.rel1_2023.7/bin/../lib/gcc/arm-none-eabi/12.2.1/thumb/v8-m.main+fp/hard\libc_nano.a(libc_a-stdio.o)
                0x0800ab26                __sread
 .text.__swrite
                0x0800ab48       0x38 c:/siliconlabs/simplicitystudio/v5/developer/toolchains/gnu_arm/12.2.rel1_2023.7/bin/../lib/gcc/arm-none-eabi/12.2.1/thumb/v8-m.main+fp/hard\libc_nano.a(libc_a-stdio.o)
                0x0800ab48                __swrite
 .text.__sseek  0x0800ab80       0x24 c:/siliconlabs/simplicitystudio/v5/developer/toolchains/gnu_arm/12.2.rel1_2023.7/bin/../lib/gcc/arm-none-eabi/12.2.1/thumb/v8-m.main+fp/hard\libc_nano.a(libc_a-stdio.o)
                0x0800ab80                __sseek
 .text.__sclose
                0x0800aba4        0x8 c:/siliconlabs/simplicitystudio/v5/developer/toolchains/gnu_arm/12.2.rel1_2023.7/bin/../lib/gcc/arm-none-eabi/12.2.1/thumb/v8-m.main+fp/hard\libc_nano.a(libc_a-stdio.o)
                0x0800aba4                __sclose
 .text.memset   0x0800abac       0x10 c:/siliconlabs/simplicitystudio/v5/developer/toolchains/gnu_arm/12.2.rel1_2023.7/bin/../lib/gcc/arm-none-eabi/12.2.1/thumb/v8-m.main+fp/hard\libc_nano.a(libc_a-memset.o)
                0x0800abac                memset
 .text.__retarget_lock_init_recursive
                0x0800abbc        0x2 c:/siliconlabs/simplicitystudio/v5/developer/toolchains/gnu_arm/12.2.rel1_2023.7/bin/../lib/gcc/arm-none-eabi/12.2.1/thumb/v8-m.main+fp/hard\libc_nano.a(libc_a-lock.o)
                0x0800abbc                __retarget_lock_init_recursive
 .text.__retarget_lock_acquire_recursive
                0x0800abbe        0x2 c:/siliconlabs/simplicitystudio/v5/developer/toolchains/gnu_arm/12.2.rel1_2023.7/bin/../lib/gcc/arm-none-eabi/12.2.1/thumb/v8-m.main+fp/hard\libc_nano.a(libc_a-lock.o)
                0x0800abbe                __retarget_lock_acquire_recursive
 .text.__retarget_lock_release_recursive
                0x0800abc0        0x2 c:/siliconlabs/simplicitystudio/v5/developer/toolchains/gnu_arm/12.2.rel1_2023.7/bin/../lib/gcc/arm-none-eabi/12.2.1/thumb/v8-m.main+fp/hard\libc_nano.a(libc_a-lock.o)
                0x0800abc0                __retarget_lock_release_recursive
 .text.__sfputc_r
                0x0800abc2       0x2e c:/siliconlabs/simplicitystudio/v5/developer/toolchains/gnu_arm/12.2.rel1_2023.7/bin/../lib/gcc/arm-none-eabi/12.2.1/thumb/v8-m.main+fp/hard\libc_nano.a(libc_a-nano-vfprintf.o)
 .text.__sfputs_r
                0x0800abf0       0x24 c:/siliconlabs/simplicitystudio/v5/developer/toolchains/gnu_arm/12.2.rel1_2023.7/bin/../lib/gcc/arm-none-eabi/12.2.1/thumb/v8-m.main+fp/hard\libc_nano.a(libc_a-nano-vfprintf.o)
                0x0800abf0                __sfputs_r
 .text._printf_common
                0x0800ac14       0xe4 c:/siliconlabs/simplicitystudio/v5/developer/toolchains/gnu_arm/12.2.rel1_2023.7/bin/../lib/gcc/arm-none-eabi/12.2.1/thumb/v8-m.main+fp/hard\libc_nano.a(libc_a-nano-vfprintf_i.o)
                0x0800ac14                _printf_common
 .text.__sflush_r
                0x0800acf8      0x106 c:/siliconlabs/simplicitystudio/v5/developer/toolchains/gnu_arm/12.2.rel1_2023.7/bin/../lib/gcc/arm-none-eabi/12.2.1/thumb/v8-m.main+fp/hard\libc_nano.a(libc_a-fflush.o)
                0x0800acf8                __sflush_r
 .text._fflush_r
                0x0800adfe       0x50 c:/siliconlabs/simplicitystudio/v5/developer/toolchains/gnu_arm/12.2.rel1_2023.7/bin/../lib/gcc/arm-none-eabi/12.2.1/thumb/v8-m.main+fp/hard\libc_nano.a(libc_a-fflush.o)
                0x0800adfe                _fflush_r
 .text.__swhatbuf_r
                0x0800ae4e       0x4a c:/siliconlabs/simplicitystudio/v5/developer/toolchains/gnu_arm/12.2.rel1_2023.7/bin/../lib/gcc/arm-none-eabi/12.2.1/thumb/v8-m.main+fp/hard\libc_nano.a(libc_a-makebuf.o)
                0x0800ae4e                __swhatbuf_r
 .text.__smakebuf_r
                0x0800ae98       0x78 c:/siliconlabs/simplicitystudio/v5/developer/toolchains/gnu_arm/12.2.rel1_2023.7/bin/../lib/gcc/arm-none-eabi/12.2.1/thumb/v8-m.main+fp/hard\libc_nano.a(libc_a-makebuf.o)
                0x0800ae98                __smakebuf_r
 .text.__swbuf_r
                0x0800af10       0x7c c:/siliconlabs/simplicitystudio/v5/developer/toolchains/gnu_arm/12.2.rel1_2023.7/bin/../lib/gcc/arm-none-eabi/12.2.1/thumb/v8-m.main+fp/hard\libc_nano.a(libc_a-wbuf.o)
                0x0800af10                __swbuf_r
 .text.memchr   0x0800af8c       0x1c c:/siliconlabs/simplicitystudio/v5/developer/toolchains/gnu_arm/12.2.rel1_2023.7/bin/../lib/gcc/arm-none-eabi/12.2.1/thumb/v8-m.main+fp/hard\libc_nano.a(libc_a-memchr-stub.o)
                0x0800af8c                memchr
                0x0800afc0                . = ALIGN (0x20)
 *fill*         0x0800afa8       0x18 
                0x0800afc0                linker_code_end = .
 *(.init)
 .init          0x0800afc0        0x4 c:/siliconlabs/simplicitystudio/v5/developer/toolchains/gnu_arm/12.2.rel1_2023.7/bin/../lib/gcc/arm-none-eabi/12.2.1/thumb/v8-m.main+fp/hard/crti.o
                0x0800afc0                _init
 .init          0x0800afc4        0x8 c:/siliconlabs/simplicitystudio/v5/developer/toolchains/gnu_arm/12.2.rel1_2023.7/bin/../lib/gcc/arm-none-eabi/12.2.1/thumb/v8-m.main+fp/hard/crtn.o
 *(.fini)
 .fini          0x0800afcc        0x4 c:/siliconlabs/simplicitystudio/v5/developer/toolchains/gnu_arm/12.2.rel1_2023.7/bin/../lib/gcc/arm-none-eabi/12.2.1/thumb/v8-m.main+fp/hard/crti.o
                0x0800afcc                _fini
 .fini          0x0800afd0        0x8 c:/siliconlabs/simplicitystudio/v5/developer/toolchains/gnu_arm/12.2.rel1_2023.7/bin/../lib/gcc/arm-none-eabi/12.2.1/thumb/v8-m.main+fp/hard/crtn.o
 *crtbegin.o(.ctors)
 *crtbegin?.o(.ctors)
 *(EXCLUDE_FILE(*crtend.o *crtend?.o) .ctors)
 *(SORT_BY_NAME(.ctors.*))
 *(.ctors)
 *crtbegin.o(.dtors)
 *crtbegin?.o(.dtors)
 *(EXCLUDE_FILE(*crtend.o *crtend?.o) .dtors)
 *(SORT_BY_NAME(.dtors.*))
 *(.dtors)
                0x0800afd8                __code_classification_validator_start__ = .
                0x0800aff8                . = (. + 0x20)
 *fill*         0x0800afd8       0x20 
 *(code_classification_validator)
                0x0800b000                . = ALIGN (0x20)
 *fill*         0x0800aff8        0x8 
                0x0800b000                __code_classification_validator_end__ = .
 *(.rodata*)
 .rodata        0x0800b000       0x35 ./app.o
 *fill*         0x0800b035        0x3 
 .rodata        0x0800b038       0x2c ./iadc_demo.o
 .rodata        0x0800b064       0xa9 ./gecko_sdk_4.4.3/app/bluetooth/common/sensor_rht/sl_sensor_rht.o
 *fill*         0x0800b10d        0x3 
 .rodata.__func__.0
                0x0800b110       0x13 ./gecko_sdk_4.4.3/app/bluetooth/common/sensor_rht/sl_sensor_rht.o
 *fill*         0x0800b123        0x1 
 .rodata        0x0800b124       0x43 ./gecko_sdk_4.4.3/hardware/board/src/sl_board_control_gpio.o
 *fill*         0x0800b167        0x1 
 .rodata        0x0800b168       0x54 ./gecko_sdk_4.4.3/hardware/driver/mx25_flash_shutdown/src/sl_mx25_flash_shutdown_usart/sl_mx25_flash_shutdown.o
 .rodata        0x0800b1bc       0x37 ./gecko_sdk_4.4.3/platform/common/src/sl_slist.o
 *fill*         0x0800b1f3        0x1 
 .rodata        0x0800b1f4       0x34 ./gecko_sdk_4.4.3/platform/driver/debug/src/sl_debug_swo.o
 .rodata        0x0800b228       0x77 ./gecko_sdk_4.4.3/platform/driver/i2cspm/src/sl_i2cspm.o
 *fill*         0x0800b29f        0x1 
 .rodata        0x0800b2a0       0x68 ./gecko_sdk_4.4.3/platform/emlib/src/em_cmu.o
 .rodata        0x0800b308       0x34 ./gecko_sdk_4.4.3/platform/emlib/src/em_emu.o
 .rodata        0x0800b33c       0xa1 ./gecko_sdk_4.4.3/platform/emlib/src/em_gpio.o
 *fill*         0x0800b3dd        0x3 
 .rodata        0x0800b3e0       0x68 ./gecko_sdk_4.4.3/platform/emlib/src/em_i2c.o
 .rodata.i2cNSum
                0x0800b448        0x4 ./gecko_sdk_4.4.3/platform/emlib/src/em_i2c.o
 .rodata        0x0800b44c       0x50 ./gecko_sdk_4.4.3/platform/emlib/src/em_iadc.o
 .rodata        0x0800b49c       0x69 ./gecko_sdk_4.4.3/platform/emlib/src/em_ldma.o
 *fill*         0x0800b505        0x3 
 .rodata        0x0800b508       0x34 ./gecko_sdk_4.4.3/platform/emlib/src/em_prs.o
 .rodata        0x0800b53c       0x36 ./gecko_sdk_4.4.3/platform/emlib/src/em_usart.o
 *fill*         0x0800b572        0x2 
 .rodata        0x0800b574       0x44 ./gecko_sdk_4.4.3/platform/peripheral/src/peripheral_sysrtc.o
 .rodata        0x0800b5b8        0x7 ./gecko_sdk_4.4.3/platform/service/device_init/src/sl_device_init_dcdc_s2.o
 *fill*         0x0800b5bf        0x1 
 .rodata        0x0800b5c0       0x28 ./gecko_sdk_4.4.3/platform/service/device_init/src/sl_device_init_hfxo_s2.o
 .rodata        0x0800b5e8       0x14 ./gecko_sdk_4.4.3/platform/service/device_init/src/sl_device_init_lfxo_s2.o
 .rodata        0x0800b5fc       0x4c ./gecko_sdk_4.4.3/platform/service/hfxo_manager/src/sl_hfxo_manager.o
 .rodata        0x0800b648       0x53 ./gecko_sdk_4.4.3/platform/service/iostream/src/sl_iostream_retarget_stdio.o
 *fill*         0x0800b69b        0x1 
 .rodata        0x0800b69c       0x4e ./gecko_sdk_4.4.3/platform/service/iostream/src/sl_iostream_swo_itm_8.o
 *fill*         0x0800b6ea        0x2 
 .rodata        0x0800b6ec       0x4e ./gecko_sdk_4.4.3/platform/service/power_manager/src/sl_power_manager.o
 *fill*         0x0800b73a        0x2 
 .rodata        0x0800b73c       0x55 ./gecko_sdk_4.4.3/platform/service/power_manager/src/sl_power_manager_hal_s2.o
 *fill*         0x0800b791        0x3 
 .rodata        0x0800b794       0x48 ./gecko_sdk_4.4.3/platform/service/sleeptimer/src/sl_sleeptimer.o
 .rodata        0x0800b7dc       0x40 ./gecko_sdk_4.4.3/platform/service/udelay/src/sl_udelay.o
 .rodata._vfprintf_r.str1.1
                0x0800b81c       0x11 c:/siliconlabs/simplicitystudio/v5/developer/toolchains/gnu_arm/12.2.rel1_2023.7/bin/../lib/gcc/arm-none-eabi/12.2.1/thumb/v8-m.main+fp/hard\libc_nano.a(libc_a-nano-vfprintf.o)
 .rodata._printf_i.str1.1
                0x0800b82d       0x22 c:/siliconlabs/simplicitystudio/v5/developer/toolchains/gnu_arm/12.2.rel1_2023.7/bin/../lib/gcc/arm-none-eabi/12.2.1/thumb/v8-m.main+fp/hard\libc_nano.a(libc_a-nano-vfprintf_i.o)
 *(.eh_frame*)
 *fill*         0x0800b84f        0x1 
 .eh_frame      0x0800b850        0x0 c:/siliconlabs/simplicitystudio/v5/developer/toolchains/gnu_arm/12.2.rel1_2023.7/bin/../lib/gcc/arm-none-eabi/12.2.1/thumb/v8-m.main+fp/hard/crtbegin.o

.glue_7         0x0800b850        0x0
 .glue_7        0x0800b850        0x0 linker stubs

.glue_7t        0x0800b850        0x0
 .glue_7t       0x0800b850        0x0 linker stubs

.vfp11_veneer   0x0800b850        0x0
 .vfp11_veneer  0x0800b850        0x0 linker stubs

.v4_bx          0x0800b850        0x0
 .v4_bx         0x0800b850        0x0 linker stubs

.iplt           0x0800b850        0x0
 .iplt          0x0800b850        0x0 c:/siliconlabs/simplicitystudio/v5/developer/toolchains/gnu_arm/12.2.rel1_2023.7/bin/../lib/gcc/arm-none-eabi/12.2.1/thumb/v8-m.main+fp/hard/crtbegin.o

.ARM.extab
 *(.ARM.extab* .gnu.linkonce.armextab.*)
                0x0800b850                __exidx_start = .

.ARM.exidx      0x0800b850        0x8
 *(.ARM.exidx* .gnu.linkonce.armexidx.*)
 .ARM.exidx     0x0800b850        0x8 c:/siliconlabs/simplicitystudio/v5/developer/toolchains/gnu_arm/12.2.rel1_2023.7/bin/../lib/gcc/arm-none-eabi/12.2.1/thumb/v8-m.main+fp/hard/crt0.o
                                 0x10 (size before relaxing)
 .ARM.exidx.text.__udivmoddi4
                0x0800b858        0x0 c:/siliconlabs/simplicitystudio/v5/developer/toolchains/gnu_arm/12.2.rel1_2023.7/bin/../lib/gcc/arm-none-eabi/12.2.1/thumb/v8-m.main+fp/hard\libgcc.a(_udivmoddi4.o)
                                  0x8 (size before relaxing)
                0x0800b858                __exidx_end = .

.rel.dyn        0x0800b858        0x0
 .rel.iplt      0x0800b858        0x0 c:/siliconlabs/simplicitystudio/v5/developer/toolchains/gnu_arm/12.2.rel1_2023.7/bin/../lib/gcc/arm-none-eabi/12.2.1/thumb/v8-m.main+fp/hard/crtbegin.o

.copy.table     0x0800b858        0xc
                0x0800b858                . = ALIGN (0x4)
                0x0800b858                __copy_table_start__ = .
                0x0800b858        0x4 LONG 0x800b864 __etext
                0x0800b85c        0x4 LONG 0x20001000 __data_start__
                0x0800b860        0x4 LONG 0x2a ((__data_end__ - __data_start__) / 0x4)
                0x0800b864                __copy_table_end__ = .

.zero.table     0x0800b864        0x0
                0x0800b864                . = ALIGN (0x4)
                0x0800b864                __zero_table_start__ = .
                0x0800b864                __zero_table_end__ = .
                0x0800b864                __etext = .
                0x20000000                . = ORIGIN (RAM)

.stack          0x20000000     0x1000
                0x20000000                __StackLimit = .
 *(.stack*)
 .stack         0x20000000     0x1000 ./gecko_sdk_4.4.3/platform/common/toolchain/src/sl_memory.o
                0x20001000                . = ALIGN (0x4)
                0x20001000                __StackTop = .
                0x20001000                PROVIDE (__stack = __StackTop)

.noinit
 *(.noinit*)

.data           0x20001000       0xa8 load address 0x0800b864
                0x20001000                . = ALIGN (0x4)
                0x20001000                __data_start__ = .
 *(vtable)
 *(SORT_BY_ALIGNMENT(.data*))
 .data.sl_i2cspm_sensor
                0x20001000        0x4 ./autogen/sl_i2cspm_init.o