Archive member included to satisfy reference by file (symbol)

c:/siliconlabs/simplicitystudio/v5/developer/toolchains/gnu_arm/12.2.rel1_2023.7/bin/../lib/gcc/arm-none-eabi/12.2.1/thumb/v8-m.main+fp/hard\libgcc.a(_aeabi_uldivmod.o)
                              ./gecko_sdk_4.4.3/app/common/util/app_timer/app_timer.o (__aeabi_uldivmod)
c:/siliconlabs/simplicitystudio/v5/developer/toolchains/gnu_arm/12.2.rel1_2023.7/bin/../lib/gcc/arm-none-eabi/12.2.1/thumb/v8-m.main+fp/hard\libgcc.a(_udivmoddi4.o)
                              c:/siliconlabs/simplicitystudio/v5/developer/toolchains/gnu_arm/12.2.rel1_2023.7/bin/../lib/gcc/arm-none-eabi/12.2.1/thumb/v8-m.main+fp/hard\libgcc.a(_aeabi_uldivmod.o) (__udivmoddi4)
c:/siliconlabs/simplicitystudio/v5/developer/toolchains/gnu_arm/12.2.rel1_2023.7/bin/../lib/gcc/arm-none-eabi/12.2.1/thumb/v8-m.main+fp/hard\libgcc.a(_dvmd_tls.o)
                              c:/siliconlabs/simplicitystudio/v5/developer/toolchains/gnu_arm/12.2.rel1_2023.7/bin/../lib/gcc/arm-none-eabi/12.2.1/thumb/v8-m.main+fp/hard\libgcc.a(_aeabi_uldivmod.o) (__aeabi_ldiv0)
c:/siliconlabs/simplicitystudio/v5/developer/toolchains/gnu_arm/12.2.rel1_2023.7/bin/../lib/gcc/arm-none-eabi/12.2.1/thumb/v8-m.main+fp/hard\libc_nano.a(libc_a-exit.o)
                              c:/siliconlabs/simplicitystudio/v5/developer/toolchains/gnu_arm/12.2.rel1_2023.7/bin/../lib/gcc/arm-none-eabi/12.2.1/thumb/v8-m.main+fp/hard/crt0.o (exit)
c:/siliconlabs/simplicitystudio/v5/developer/toolchains/gnu_arm/12.2.rel1_2023.7/bin/../lib/gcc/arm-none-eabi/12.2.1/thumb/v8-m.main+fp/hard\libc_nano.a(libc_a-findfp.o)
                              c:/siliconlabs/simplicitystudio/v5/developer/toolchains/gnu_arm/12.2.rel1_2023.7/bin/../lib/gcc/arm-none-eabi/12.2.1/thumb/v8-m.main+fp/hard\libc_nano.a(libc_a-exit.o) (__stdio_exit_handler)
c:/siliconlabs/simplicitystudio/v5/developer/toolchains/gnu_arm/12.2.rel1_2023.7/bin/../lib/gcc/arm-none-eabi/12.2.1/thumb/v8-m.main+fp/hard\libc_nano.a(libc_a-fwalk.o)
                              c:/siliconlabs/simplicitystudio/v5/developer/toolchains/gnu_arm/12.2.rel1_2023.7/bin/../lib/gcc/arm-none-eabi/12.2.1/thumb/v8-m.main+fp/hard\libc_nano.a(libc_a-findfp.o) (_fwalk_sglue)
c:/siliconlabs/simplicitystudio/v5/developer/toolchains/gnu_arm/12.2.rel1_2023.7/bin/../lib/gcc/arm-none-eabi/12.2.1/thumb/v8-m.main+fp/hard\libc_nano.a(libc_a-setvbuf.o)
                              ./gecko_sdk_4.4.3/platform/service/iostream/src/sl_iostream_stdlib_config.o (setvbuf)
c:/siliconlabs/simplicitystudio/v5/developer/toolchains/gnu_arm/12.2.rel1_2023.7/bin/../lib/gcc/arm-none-eabi/12.2.1/thumb/v8-m.main+fp/hard\libc_nano.a(libc_a-stdio.o)
                              c:/siliconlabs/simplicitystudio/v5/developer/toolchains/gnu_arm/12.2.rel1_2023.7/bin/../lib/gcc/arm-none-eabi/12.2.1/thumb/v8-m.main+fp/hard\libc_nano.a(libc_a-findfp.o) (__sread)
c:/siliconlabs/simplicitystudio/v5/developer/toolchains/gnu_arm/12.2.rel1_2023.7/bin/../lib/gcc/arm-none-eabi/12.2.1/thumb/v8-m.main+fp/hard\libc_nano.a(libc_a-vprintf.o)
                              ./gecko_sdk_4.4.3/platform/service/iostream/src/sl_iostream.o (vprintf)
c:/siliconlabs/simplicitystudio/v5/developer/toolchains/gnu_arm/12.2.rel1_2023.7/bin/../lib/gcc/arm-none-eabi/12.2.1/thumb/v8-m.main+fp/hard\libc_nano.a(libc_a-memset.o)
                              c:/siliconlabs/simplicitystudio/v5/developer/toolchains/gnu_arm/12.2.rel1_2023.7/bin/../lib/gcc/arm-none-eabi/12.2.1/thumb/v8-m.main+fp/hard/crt0.o (memset)
c:/siliconlabs/simplicitystudio/v5/developer/toolchains/gnu_arm/12.2.rel1_2023.7/bin/../lib/gcc/arm-none-eabi/12.2.1/thumb/v8-m.main+fp/hard\libc_nano.a(libc_a-closer.o)
                              c:/siliconlabs/simplicitystudio/v5/developer/toolchains/gnu_arm/12.2.rel1_2023.7/bin/../lib/gcc/arm-none-eabi/12.2.1/thumb/v8-m.main+fp/hard\libc_nano.a(libc_a-stdio.o) (_close_r)
c:/siliconlabs/simplicitystudio/v5/developer/toolchains/gnu_arm/12.2.rel1_2023.7/bin/../lib/gcc/arm-none-eabi/12.2.1/thumb/v8-m.main+fp/hard\libc_nano.a(libc_a-reent.o)
                              c:/siliconlabs/simplicitystudio/v5/developer/toolchains/gnu_arm/12.2.rel1_2023.7/bin/../lib/gcc/arm-none-eabi/12.2.1/thumb/v8-m.main+fp/hard\libc_nano.a(libc_a-closer.o) (errno)
c:/siliconlabs/simplicitystudio/v5/developer/toolchains/gnu_arm/12.2.rel1_2023.7/bin/../lib/gcc/arm-none-eabi/12.2.1/thumb/v8-m.main+fp/hard\libc_nano.a(libc_a-impure.o)
                              ./gecko_sdk_4.4.3/platform/service/iostream/src/sl_iostream_stdlib_config.o (_impure_ptr)
c:/siliconlabs/simplicitystudio/v5/developer/toolchains/gnu_arm/12.2.rel1_2023.7/bin/../lib/gcc/arm-none-eabi/12.2.1/thumb/v8-m.main+fp/hard\libc_nano.a(libc_a-lseekr.o)
                              c:/siliconlabs/simplicitystudio/v5/developer/toolchains/gnu_arm/12.2.rel1_2023.7/bin/../lib/gcc/arm-none-eabi/12.2.1/thumb/v8-m.main+fp/hard\libc_nano.a(libc_a-stdio.o) (_lseek_r)
[...]
Memory Configuration

Name             Origin             Length             Attributes
FLASH            0x08000000         0x0017e000         xr
RAM              0x20000000         0x00040000         xrw
*default*        0x00000000         0xffffffff

Linker script and memory map

LOAD c:/siliconlabs/simplicitystudio/v5/developer/toolchains/gnu_arm/12.2.rel1_2023.7/bin/../lib/gcc/arm-none-eabi/12.2.1/thumb/v8-m.main+fp/hard/crti.o
LOAD c:/siliconlabs/simplicitystudio/v5/developer/toolchains/gnu_arm/12.2.rel1_2023.7/bin/../lib/gcc/arm-none-eabi/12.2.1/thumb/v8-m.main+fp/hard/crtbegin.o
LOAD c:/siliconlabs/simplicitystudio/v5/developer/toolchains/gnu_arm/12.2.rel1_2023.7/bin/../lib/gcc/arm-none-eabi/12.2.1/thumb/v8-m.main+fp/hard/crt0.o
START GROUP
LOAD ./app.o
LOAD ./iadc.o
LOAD ./main.o
LOAD ./thermometer.o
LOAD ./autogen/sl_board_default_init.o
LOAD ./autogen/sl_device_init_clocks.o
LOAD ./autogen/sl_event_handler.o
LOAD ./autogen/sl_i2cspm_init.o
LOAD ./autogen/sl_iostream_handles.o
LOAD ./autogen/sl_power_manager_handler.o
LOAD ./gecko_sdk_4.4.3/app/bluetooth/common/sensor_rht/sl_sensor_rht.o
LOAD ./gecko_sdk_4.4.3/app/bluetooth/common/sensor_select/sl_sensor_select.o
LOAD ./gecko_sdk_4.4.3/app/common/util/app_log/app_log.o
LOAD ./gecko_sdk_4.4.3/app/common/util/app_timer/app_timer.o
LOAD ./gecko_sdk_4.4.3/hardware/board/src/sl_board_control_gpio.o
LOAD ./gecko_sdk_4.4.3/hardware/board/src/sl_board_init.o
LOAD ./gecko_sdk_4.4.3/hardware/driver/mx25_flash_shutdown/src/sl_mx25_flash_shutdown_usart/sl_mx25_flash_shutdown.o
LOAD ./gecko_sdk_4.4.3/hardware/driver/si70xx/src/sl_si70xx.o
LOAD ./gecko_sdk_4.4.3/platform/Device/SiliconLabs/EFR32MG24/Source/startup_efr32mg24.o
LOAD ./gecko_sdk_4.4.3/platform/Device/SiliconLabs/EFR32MG24/Source/system_efr32mg24.o
LOAD ./gecko_sdk_4.4.3/platform/common/src/sl_assert.o
LOAD ./gecko_sdk_4.4.3/platform/common/src/sl_slist.o
LOAD ./gecko_sdk_4.4.3/platform/common/src/sl_stdio.o
LOAD ./gecko_sdk_4.4.3/platform/common/src/sl_syscalls.o
LOAD ./gecko_sdk_4.4.3/platform/common/toolchain/src/sl_memory.o
LOAD ./gecko_sdk_4.4.3/platform/driver/debug/src/sl_debug_swo.o
LOAD ./gecko_sdk_4.4.3/platform/driver/i2cspm/src/sl_i2cspm.o
LOAD ./gecko_sdk_4.4.3/platform/emlib/src/em_burtc.o
LOAD ./gecko_sdk_4.4.3/platform/emlib/src/em_cmu.o
LOAD ./gecko_sdk_4.4.3/platform/emlib/src/em_core.o
LOAD ./gecko_sdk_4.4.3/platform/emlib/src/em_emu.o
LOAD ./gecko_sdk_4.4.3/platform/emlib/src/em_gpio.o
LOAD ./gecko_sdk_4.4.3/platform/emlib/src/em_i2c.o
LOAD ./gecko_sdk_4.4.3/platform/emlib/src/em_iadc.o
LOAD ./gecko_sdk_4.4.3/platform/emlib/src/em_ldma.o
LOAD ./gecko_sdk_4.4.3/platform/emlib/src/em_msc.o
LOAD ./gecko_sdk_4.4.3/platform/emlib/src/em_prs.o
LOAD ./gecko_sdk_4.4.3/platform/emlib/src/em_system.o
LOAD ./gecko_sdk_4.4.3/platform/emlib/src/em_timer.o
LOAD ./gecko_sdk_4.4.3/platform/emlib/src/em_usart.o
LOAD ./gecko_sdk_4.4.3/platform/peripheral/src/peripheral_sysrtc.o
LOAD ./gecko_sdk_4.4.3/platform/service/device_init/src/sl_device_init_dcdc_s2.o
LOAD ./gecko_sdk_4.4.3/platform/service/device_init/src/sl_device_init_emu_s2.o
LOAD ./gecko_sdk_4.4.3/platform/service/device_init/src/sl_device_init_hfxo_s2.o
LOAD ./gecko_sdk_4.4.3/platform/service/device_init/src/sl_device_init_lfxo_s2.o
LOAD ./gecko_sdk_4.4.3/platform/service/device_init/src/sl_device_init_nvic.o
LOAD ./gecko_sdk_4.4.3/platform/service/hfxo_manager/src/sl_hfxo_manager.o
LOAD ./gecko_sdk_4.4.3/platform/service/hfxo_manager/src/sl_hfxo_manager_hal_s2.o
LOAD ./gecko_sdk_4.4.3/platform/service/iostream/src/sl_iostream.o
LOAD ./gecko_sdk_4.4.3/platform/service/iostream/src/sl_iostream_debug.o
LOAD ./gecko_sdk_4.4.3/platform/service/iostream/src/sl_iostream_retarget_stdio.o
LOAD ./gecko_sdk_4.4.3/platform/service/iostream/src/sl_iostream_stdlib_config.o
LOAD ./gecko_sdk_4.4.3/platform/service/iostream/src/sl_iostream_swo_itm_8.o
LOAD ./gecko_sdk_4.4.3/platform/service/power_manager/src/sl_power_manager.o
LOAD ./gecko_sdk_4.4.3/platform/service/power_manager/src/sl_power_manager_debug.o
LOAD ./gecko_sdk_4.4.3/platform/service/power_manager/src/sl_power_manager_hal_s2.o
LOAD ./gecko_sdk_4.4.3/platform/service/sleeptimer/src/sl_sleeptimer.o
LOAD ./gecko_sdk_4.4.3/platform/service/sleeptimer/src/sl_sleeptimer_hal_burtc.o
LOAD ./gecko_sdk_4.4.3/platform/service/sleeptimer/src/sl_sleeptimer_hal_sysrtc.o
LOAD ./gecko_sdk_4.4.3/platform/service/sleeptimer/src/sl_sleeptimer_hal_timer.o
LOAD ./gecko_sdk_4.4.3/platform/service/system/src/sl_system_init.o
LOAD ./gecko_sdk_4.4.3/platform/service/system/src/sl_system_process_action.o
LOAD ./gecko_sdk_4.4.3/platform/service/udelay/src/sl_udelay.o
LOAD ./gecko_sdk_4.4.3/platform/service/udelay/src/sl_udelay_armv6m_gcc.o
LOAD c:/siliconlabs/simplicitystudio/v5/developer/toolchains/gnu_arm/12.2.rel1_2023.7/bin/../lib/gcc/arm-none-eabi/12.2.1/thumb/v8-m.main+fp/hard\libgcc.a
LOAD c:/siliconlabs/simplicitystudio/v5/developer/toolchains/gnu_arm/12.2.rel1_2023.7/bin/../lib/gcc/arm-none-eabi/12.2.1/thumb/v8-m.main+fp/hard\libc_nano.a
LOAD c:/siliconlabs/simplicitystudio/v5/developer/toolchains/gnu_arm/12.2.rel1_2023.7/bin/../lib/gcc/arm-none-eabi/12.2.1/thumb/v8-m.main+fp/hard\libm.a
LOAD c:/siliconlabs/simplicitystudio/v5/developer/toolchains/gnu_arm/12.2.rel1_2023.7/bin/../lib/gcc/arm-none-eabi/12.2.1/thumb/v8-m.main+fp/hard\libnosys.a
END GROUP
START GROUP
LOAD c:/siliconlabs/simplicitystudio/v5/developer/toolchains/gnu_arm/12.2.rel1_2023.7/bin/../lib/gcc/arm-none-eabi/12.2.1/thumb/v8-m.main+fp/hard\libgcc.a
LOAD c:/siliconlabs/simplicitystudio/v5/developer/toolchains/gnu_arm/12.2.rel1_2023.7/bin/../lib/gcc/arm-none-eabi/12.2.1/thumb/v8-m.main+fp/hard\libc_nano.a
LOAD c:/siliconlabs/simplicitystudio/v5/developer/toolchains/gnu_arm/12.2.rel1_2023.7/bin/../lib/gcc/arm-none-eabi/12.2.1/thumb/v8-m.main+fp/hard\libnosys.a
END GROUP
START GROUP
LOAD c:/siliconlabs/simplicitystudio/v5/developer/toolchains/gnu_arm/12.2.rel1_2023.7/bin/../lib/gcc/arm-none-eabi/12.2.1/thumb/v8-m.main+fp/hard\libgcc.a
LOAD c:/siliconlabs/simplicitystudio/v5/developer/toolchains/gnu_arm/12.2.rel1_2023.7/bin/../lib/gcc/arm-none-eabi/12.2.1/thumb/v8-m.main+fp/hard\libg_nano.a
LOAD c:/siliconlabs/simplicitystudio/v5/developer/toolchains/gnu_arm/12.2.rel1_2023.7/bin/../lib/gcc/arm-none-eabi/12.2.1/thumb/v8-m.main+fp/hard\libc_nano.a
END GROUP
START GROUP
LOAD c:/siliconlabs/simplicitystudio/v5/developer/toolchains/gnu_arm/12.2.rel1_2023.7/bin/../lib/gcc/arm-none-eabi/12.2.1/thumb/v8-m.main+fp/hard\libgcc.a
LOAD c:/siliconlabs/simplicitystudio/v5/developer/toolchains/gnu_arm/12.2.rel1_2023.7/bin/../lib/gcc/arm-none-eabi/12.2.1/thumb/v8-m.main+fp/hard\libc_nano.a
END GROUP
LOAD c:/siliconlabs/simplicitystudio/v5/developer/toolchains/gnu_arm/12.2.rel1_2023.7/bin/../lib/gcc/arm-none-eabi/12.2.1/thumb/v8-m.main+fp/hard/crtend.o
LOAD c:/siliconlabs/simplicitystudio/v5/developer/toolchains/gnu_arm/12.2.rel1_2023.7/bin/../lib/gcc/arm-none-eabi/12.2.1/thumb/v8-m.main+fp/hard/crtn.o

.text           0x08000000     0xb6e0
                0x08000000                linker_vectors_begin = .
 *(.vectors)
 .vectors       0x08000000      0x170 ./gecko_sdk_4.4.3/platform/Device/SiliconLabs/EFR32MG24/Source/startup_efr32mg24.o
                0x08000000                __Vectors
                0x08000170                linker_vectors_end = .
                0x08000170                __Vectors_End = .
                0x08000170                __Vectors_Size = (__Vectors_End - __Vectors)
                0x08000170                linker_code_begin = .
 *(SORT_BY_ALIGNMENT(.text*))
 .text          0x08000170        0x8 ./gecko_sdk_4.4.3/platform/service/udelay/src/sl_udelay_armv6m_gcc.o
                0x08000170                sli_delay_loop
 .text.deregister_tm_clones
                0x08000178       0x1c c:/siliconlabs/simplicitystudio/v5/developer/toolchains/gnu_arm/12.2.rel1_2023.7/bin/../lib/gcc/arm-none-eabi/12.2.1/thumb/v8-m.main+fp/hard/crtbegin.o
 .text.register_tm_clones
                0x08000194       0x28 c:/siliconlabs/simplicitystudio/v5/developer/toolchains/gnu_arm/12.2.rel1_2023.7/bin/../lib/gcc/arm-none-eabi/12.2.1/thumb/v8-m.main+fp/hard/crtbegin.o
 .text.__do_global_dtors_aux
                0x080001bc       0x28 c:/siliconlabs/simplicitystudio/v5/developer/toolchains/gnu_arm/12.2.rel1_2023.7/bin/../lib/gcc/arm-none-eabi/12.2.1/thumb/v8-m.main+fp/hard/crtbegin.o
 .text.frame_dummy
                0x080001e4       0x24 c:/siliconlabs/simplicitystudio/v5/developer/toolchains/gnu_arm/12.2.rel1_2023.7/bin/../lib/gcc/arm-none-eabi/12.2.1/thumb/v8-m.main+fp/hard/crtbegin.o
 .text          0x08000208       0x7c c:/siliconlabs/simplicitystudio/v5/developer/toolchains/gnu_arm/12.2.rel1_2023.7/bin/../lib/gcc/arm-none-eabi/12.2.1/thumb/v8-m.main+fp/hard/crt0.o
                0x08000208                _stack_init
                0x08000210                _start
                0x08000210                _mainCRTStartup
 .text.GPIO_PinInGet
                0x08000284       0x84 ./app.o
 .text.app_init
                0x08000308       0x38 ./app.o
                0x08000308                app_init
 .text.app_process_action
                0x08000340       0x58 ./app.o
                0x08000340                app_process_action
 .text.__NVIC_EnableIRQ
                0x08000398       0x34 ./iadc.o
 .text.__NVIC_ClearPendingIRQ
                0x080003cc       0x38 ./iadc.o
 .text.analog_input_initialize
                0x08000404      0x248 ./iadc.o
                0x08000404                analog_input_initialize
 .text.IADC_IRQHandler
                0x0800064c       0x74 ./iadc.o
                0x0800064c                IADC_IRQHandler
 .text.get_value_ADC
                0x080006c0       0x88 ./iadc.o
                0x080006c0                get_value_ADC
 .text.getData  0x08000748       0x50 ./thermometer.o
                0x08000748                getData
 .text.sl_device_init_clocks
                0x08000798       0xd4 ./autogen/sl_device_init_clocks.o
                0x08000798                sl_device_init_clocks
 .text.sl_i2cspm_init_instances
                0x0800086c       0x18 ./autogen/sl_i2cspm_init.o
                0x0800086c                sl_i2cspm_init_instances
 .text.sl_sensor_rht_init
                0x08000884       0xb8 ./gecko_sdk_4.4.3/app/bluetooth/common/sensor_rht/sl_sensor_rht.o
                0x08000884                sl_sensor_rht_init
 .text.sl_sensor_rht_get
                0x0800093c       0x3c ./gecko_sdk_4.4.3/app/bluetooth/common/sensor_rht/sl_sensor_rht.o
                0x0800093c                sl_sensor_rht_get
 .text.sl_sensor_select
                0x08000978       0x6c ./gecko_sdk_4.4.3/app/bluetooth/common/sensor_select/sl_sensor_select.o
                0x08000978                sl_sensor_select
 .text.app_log_init
                0x080009e4       0x3c ./gecko_sdk_4.4.3/app/common/util/app_log/app_log.o
                0x080009e4                app_log_init
 .text.sli_app_timer_step
                0x08000a20       0x38 ./gecko_sdk_4.4.3/app/common/util/app_timer/app_timer.o
                0x08000a20                sli_app_timer_step
 .text.sli_app_timer_sleep_on_isr_exit
                0x08000a58       0x24 ./gecko_sdk_4.4.3/app/common/util/app_timer/app_timer.o
                0x08000a58                sli_app_timer_sleep_on_isr_exit
 .text.sli_app_timer_is_ok_to_sleep
                0x08000a7c       0x24 ./gecko_sdk_4.4.3/app/common/util/app_timer/app_timer.o
                0x08000a7c                sli_app_timer_is_ok_to_sleep
 .text.remove_app_timer
                0x08000aa0       0x70 ./gecko_sdk_4.4.3/app/common/util/app_timer/app_timer.o
 .text.get_triggered_app_timer
                0x08000b10       0x74 ./gecko_sdk_4.4.3/app/common/util/app_timer/app_timer.o
 .text.sl_board_enable_sensor
                0x08000b84      0x140 ./gecko_sdk_4.4.3/hardware/board/src/sl_board_control_gpio.o
                0x08000b84                sl_board_enable_sensor
 .text.GPIO_PinOutClear
                0x08000cc4       0x84 ./gecko_sdk_4.4.3/hardware/driver/mx25_flash_shutdown/src/sl_mx25_flash_shutdown_usart/sl_mx25_flash_shutdown.o
 .text.GPIO_PinOutSet
                0x08000d48       0x84 ./gecko_sdk_4.4.3/hardware/driver/mx25_flash_shutdown/src/sl_mx25_flash_shutdown_usart/sl_mx25_flash_shutdown.o
 .text.sl_mx25_flash_shutdown
                0x08000dcc      0x134 ./gecko_sdk_4.4.3/hardware/driver/mx25_flash_shutdown/src/sl_mx25_flash_shutdown_usart/sl_mx25_flash_shutdown.o
                0x08000dcc                sl_mx25_flash_shutdown
 .text.CopyRamFuncs
                0x08000f00       0x2c ./gecko_sdk_4.4.3/platform/Device/SiliconLabs/EFR32MG24/Source/startup_efr32mg24.o
                0x08000f00                CopyRamFuncs
 .text.Reset_Handler
                0x08000f2c       0x9c ./gecko_sdk_4.4.3/platform/Device/SiliconLabs/EFR32MG24/Source/startup_efr32mg24.o
                0x08000f2c                Reset_Handler
 .text.__NVIC_EnableIRQ
                0x08000fc8       0x34 ./gecko_sdk_4.4.3/platform/Device/SiliconLabs/EFR32MG24/Source/system_efr32mg24.o
 .text.__NVIC_ClearPendingIRQ
                0x08000ffc       0x38 ./gecko_sdk_4.4.3/platform/Device/SiliconLabs/EFR32MG24/Source/system_efr32mg24.o
 .text.SystemInit
                0x08001034       0x90 ./gecko_sdk_4.4.3/platform/Device/SiliconLabs/EFR32MG24/Source/system_efr32mg24.o
                0x08001034                SystemInit
 .text.SystemHFRCODPLLClockGet
                0x080010c4        0xc ./gecko_sdk_4.4.3/platform/Device/SiliconLabs/EFR32MG24/Source/system_efr32mg24.o
                0x080010c4                SystemHFRCODPLLClockGet
 .text.SystemSYSCLKGet
                0x080010d0       0x50 ./gecko_sdk_4.4.3/platform/Device/SiliconLabs/EFR32MG24/Source/system_efr32mg24.o
                0x080010d0                SystemSYSCLKGet
 .text.SystemHCLKGet
                0x08001120       0x3c ./gecko_sdk_4.4.3/platform/Device/SiliconLabs/EFR32MG24/Source/system_efr32mg24.o
                0x08001120                SystemHCLKGet
 .text.SystemMaxCoreClockGet
                0x0800115c        0xc ./gecko_sdk_4.4.3/platform/Device/SiliconLabs/EFR32MG24/Source/system_efr32mg24.o
                0x0800115c                SystemMaxCoreClockGet
 .text.SystemHFXOClockGet
                0x08001168        0xc ./gecko_sdk_4.4.3/platform/Device/SiliconLabs/EFR32MG24/Source/system_efr32mg24.o
                0x08001168                SystemHFXOClockGet
 .text.SystemHFXOClockSet
                0x08001174       0x2c ./gecko_sdk_4.4.3/platform/Device/SiliconLabs/EFR32MG24/Source/system_efr32mg24.o
                0x08001174                SystemHFXOClockSet
 .text.SystemFSRCOClockGet
                0x080011a0        0xc ./gecko_sdk_4.4.3/platform/Device/SiliconLabs/EFR32MG24/Source/system_efr32mg24.o
                0x080011a0                SystemFSRCOClockGet
 .text.SystemHFRCOEM23ClockGet
                0x080011ac       0xe0 ./gecko_sdk_4.4.3/platform/Device/SiliconLabs/EFR32MG24/Source/system_efr32mg24.o
                0x080011ac                SystemHFRCOEM23ClockGet
 .text.SystemLFXOClockGet
                0x0800128c        0xc ./gecko_sdk_4.4.3/platform/Device/SiliconLabs/EFR32MG24/Source/system_efr32mg24.o
                0x0800128c                SystemLFXOClockGet
 .text.sl_slist_push
                0x08001298       0x38 ./gecko_sdk_4.4.3/platform/common/src/sl_slist.o
                0x08001298                sl_slist_push
 .text._sbrk    0x080012d0       0x3c ./gecko_sdk_4.4.3/platform/common/toolchain/src/sl_memory.o
                0x080012d0                _sbrk
 .text.BUS_RegBitWrite
                0x0800130c       0x48 ./gecko_sdk_4.4.3/platform/driver/debug/src/sl_debug_swo.o
 .text.GPIO_DbgSWOEnable
                0x08001354       0x30 ./gecko_sdk_4.4.3/platform/driver/debug/src/sl_debug_swo.o
 .text.sl_debug_swo_init
                0x08001384      0x178 ./gecko_sdk_4.4.3/platform/driver/debug/src/sl_debug_swo.o
                0x08001384                sl_debug_swo_init
 .text.sl_debug_swo_write_u8
                0x080014fc       0x6c ./gecko_sdk_4.4.3/platform/driver/debug/src/sl_debug_swo.o
                0x080014fc                sl_debug_swo_write_u8
 .text.GPIO_PinOutClear
                0x08001568       0x84 ./gecko_sdk_4.4.3/platform/driver/i2cspm/src/sl_i2cspm.o
 .text.GPIO_PinOutSet
                0x080015ec       0x84 ./gecko_sdk_4.4.3/platform/driver/i2cspm/src/sl_i2cspm.o
 .text.I2CSPM_Init
                0x08001670      0x154 ./gecko_sdk_4.4.3/platform/driver/i2cspm/src/sl_i2cspm.o
                0x08001670                I2CSPM_Init
 .text.I2CSPM_Transfer
                0x080017c4       0x4c ./gecko_sdk_4.4.3/platform/driver/i2cspm/src/sl_i2cspm.o
                0x080017c4                I2CSPM_Transfer
 .text.BUS_RegBitWrite
                0x08001810       0x48 ./gecko_sdk_4.4.3/platform/emlib/src/em_cmu.o
 .text.EMU_VScaleWait
                0x08001858       0x1c ./gecko_sdk_4.4.3/platform/emlib/src/em_cmu.o
 .text.EMU_VScaleGet
                0x08001874       0x1c ./gecko_sdk_4.4.3/platform/emlib/src/em_cmu.o
 .text.SYSCFG_setSysTicExtClkEnCfgSysTic
                0x08001890       0x14 ./gecko_sdk_4.4.3/platform/emlib/src/em_cmu.o
 .text.SYSCFG_clearSysTicExtClkEnCfgSysTic
                0x080018a4       0x14 ./gecko_sdk_4.4.3/platform/emlib/src/em_cmu.o
 .text.MSC_LockGetLocked
                0x080018b8       0x1c ./gecko_sdk_4.4.3/platform/emlib/src/em_cmu.o
 .text.MSC_LockSetLocked
                0x080018d4       0x10 ./gecko_sdk_4.4.3/platform/emlib/src/em_cmu.o
 .text.MSC_LockSetUnlocked
                0x080018e4       0x10 ./gecko_sdk_4.4.3/platform/emlib/src/em_cmu.o
 .text.MSC_ReadCTRLGet
                0x080018f4        0xc ./gecko_sdk_4.4.3/platform/emlib/src/em_cmu.o
 .text.MSC_ReadCTRLSet
                0x08001900       0x14 ./gecko_sdk_4.4.3/platform/emlib/src/em_cmu.o
 .text.CMU_ClockDivGet
                0x08001914       0xec ./gecko_sdk_4.4.3/platform/emlib/src/em_cmu.o
                0x08001914                CMU_ClockDivGet
 .text.CMU_ClockDivSet
                0x08001a00      0x1b0 ./gecko_sdk_4.4.3/platform/emlib/src/em_cmu.o
                0x08001a00                CMU_ClockDivSet
 .text.CMU_ClockEnable
                0x08001bb0       0x74 ./gecko_sdk_4.4.3/platform/emlib/src/em_cmu.o
                0x08001bb0                CMU_ClockEnable
 .text.CMU_ClockFreqGet
                0x08001c24      0x6a8 ./gecko_sdk_4.4.3/platform/emlib/src/em_cmu.o
                0x08001c24                CMU_ClockFreqGet
 .text.CMU_ClockSelectGet
                0x080022cc      0x3e4 ./gecko_sdk_4.4.3/platform/emlib/src/em_cmu.o
                0x080022cc                CMU_ClockSelectGet
 .text.sli_em_cmu_HFXOSetForceEnable
                0x080026b0       0x28 ./gecko_sdk_4.4.3/platform/emlib/src/em_cmu.o
                0x080026b0                sli_em_cmu_HFXOSetForceEnable
 .text.CMU_ClockSelectSet
                0x080026d8      0xb7c ./gecko_sdk_4.4.3/platform/emlib/src/em_cmu.o
                0x080026d8                CMU_ClockSelectSet
 .text.CMU_HFXOInit
                0x08003254      0x310 ./gecko_sdk_4.4.3/platform/emlib/src/em_cmu.o
                0x08003254                CMU_HFXOInit
 .text.CMU_HFXOCTuneDeltaGet
                0x08003564       0x10 ./gecko_sdk_4.4.3/platform/emlib/src/em_cmu.o
                0x08003564                CMU_HFXOCTuneDeltaGet
 .text.CMU_LFXOInit
                0x08003574      0x120 ./gecko_sdk_4.4.3/platform/emlib/src/em_cmu.o
                0x08003574                CMU_LFXOInit
 .text.CMU_LFXOPrecisionSet
                0x08003694       0x1c ./gecko_sdk_4.4.3/platform/emlib/src/em_cmu.o
                0x08003694                CMU_LFXOPrecisionSet
 .text.CMU_HFXOPrecisionSet
                0x080036b0       0x1c ./gecko_sdk_4.4.3/platform/emlib/src/em_cmu.o
                0x080036b0                CMU_HFXOPrecisionSet
 .text.eusart0ClkGet
                0x080036cc       0xac ./gecko_sdk_4.4.3/platform/emlib/src/em_cmu.o
 .text.em01GrpcClkGet
                0x08003778       0xbc ./gecko_sdk_4.4.3/platform/emlib/src/em_cmu.o
 .text.vdac0ClkGet
                0x08003834       0xa8 ./gecko_sdk_4.4.3/platform/emlib/src/em_cmu.o
 .text.vdac1ClkGet
                0x080038dc       0xa8 ./gecko_sdk_4.4.3/platform/emlib/src/em_cmu.o
 .text.pcnt0ClkGet
                0x08003984       0x74 ./gecko_sdk_4.4.3/platform/emlib/src/em_cmu.o
 .text.rhclkPrescMax
                0x080039f8       0x18 ./gecko_sdk_4.4.3/platform/emlib/src/em_cmu.o
 .text.rhclkPrescOptimize
                0x08003a10       0x2c ./gecko_sdk_4.4.3/platform/emlib/src/em_cmu.o
 .text.traceClkGet
                0x08003a3c       0x84 ./gecko_sdk_4.4.3/platform/emlib/src/em_cmu.o
 .text.dpllRefClkGet
                0x08003ac0       0x94 ./gecko_sdk_4.4.3/platform/emlib/src/em_cmu.o
 .text.em01GrpaClkGet
                0x08003b54       0xc4 ./gecko_sdk_4.4.3/platform/emlib/src/em_cmu.o
 .text.em23GrpaClkGet
                0x08003c18       0x94 ./gecko_sdk_4.4.3/platform/emlib/src/em_cmu.o
 .text.em4GrpaClkGet
                0x08003cac       0x94 ./gecko_sdk_4.4.3/platform/emlib/src/em_cmu.o
 .text.getWaitStatesByFrequencyAndVScale
                0x08003d40       0x54 ./gecko_sdk_4.4.3/platform/emlib/src/em_cmu.o
 .text.flashWaitStateControl
                0x08003d94       0x70 ./gecko_sdk_4.4.3/platform/emlib/src/em_cmu.o
 .text.iadcClkGet
                0x08003e04       0x8c ./gecko_sdk_4.4.3/platform/emlib/src/em_cmu.o
 .text.pclkDivOptimize
                0x08003e90       0x34 ./gecko_sdk_4.4.3/platform/emlib/src/em_cmu.o
 .text.sysrtcClkGet
                0x08003ec4       0x94 ./gecko_sdk_4.4.3/platform/emlib/src/em_cmu.o
 .text.wdog0ClkGet
                0x08003f58       0xa8 ./gecko_sdk_4.4.3/platform/emlib/src/em_cmu.o
 .text.wdog1ClkGet
                0x08004000       0xa8 ./gecko_sdk_4.4.3/platform/emlib/src/em_cmu.o
 .text.sysTickClkGet
                0x080040a8       0x58 ./gecko_sdk_4.4.3/platform/emlib/src/em_cmu.o
 .text.EMU_DCDCLock
                0x08004100       0x14 ./gecko_sdk_4.4.3/platform/emlib/src/em_emu.o
 .text.EMU_DCDCUnlock
                0x08004114       0x10 ./gecko_sdk_4.4.3/platform/emlib/src/em_emu.o
 .text.EMU_DCDCSync
                0x08004124       0x20 ./gecko_sdk_4.4.3/platform/emlib/src/em_emu.o
 .text.EMU_VScaleWait
                0x08004144       0x1c ./gecko_sdk_4.4.3/platform/emlib/src/em_emu.o
 .text.EMU_VScaleGet
                0x08004160       0x1c ./gecko_sdk_4.4.3/platform/emlib/src/em_emu.o
 .text.GPIO_IntClear
                0x0800417c       0x1c ./gecko_sdk_4.4.3/platform/emlib/src/em_emu.o
 .text.EMU_EM01Init
                0x08004198       0x24 ./gecko_sdk_4.4.3/platform/emlib/src/em_emu.o
                0x08004198                EMU_EM01Init
 .text.EMU_EM23Init
                0x080041bc       0x24 ./gecko_sdk_4.4.3/platform/emlib/src/em_emu.o
                0x080041bc                EMU_EM23Init
 .text.EMU_EnterEM2
                0x080041e0       0x50 ./gecko_sdk_4.4.3/platform/emlib/src/em_emu.o
                0x080041e0                EMU_EnterEM2
 .text.EMU_EnterEM3
                0x08004230       0x48 ./gecko_sdk_4.4.3/platform/emlib/src/em_emu.o
                0x08004230                EMU_EnterEM3
 .text.EMU_EM4Init
                0x08004278       0x24 ./gecko_sdk_4.4.3/platform/emlib/src/em_emu.o
                0x08004278                EMU_EM4Init
 .text.EMU_VScaleEM01ByClock
                0x0800429c       0x5c ./gecko_sdk_4.4.3/platform/emlib/src/em_emu.o
                0x0800429c                EMU_VScaleEM01ByClock
 .text.EMU_VScaleEM01
                0x080042f8       0xdc ./gecko_sdk_4.4.3/platform/emlib/src/em_emu.o
                0x080042f8                EMU_VScaleEM01
 .text.EMU_DCDCModeSet
                0x080043d4      0x120 ./gecko_sdk_4.4.3/platform/emlib/src/em_emu.o
                0x080043d4                EMU_DCDCModeSet
 .text.EMU_DCDCInit
                0x080044f4       0xa8 ./gecko_sdk_4.4.3/platform/emlib/src/em_emu.o
                0x080044f4                EMU_DCDCInit
 .text.EMU_DCDCSetPFMXModePeakCurrent
                0x0800459c       0xb4 ./gecko_sdk_4.4.3/platform/emlib/src/em_emu.o
                0x0800459c                EMU_DCDCSetPFMXModePeakCurrent
 .text.GPIO_PinOutClear
                0x08004650       0x84 ./gecko_sdk_4.4.3/platform/emlib/src/em_gpio.o
 .text.GPIO_PinOutSet
                0x080046d4       0x84 ./gecko_sdk_4.4.3/platform/emlib/src/em_gpio.o
 .text.GPIO_PinModeSet
                0x08004758      0x120 ./gecko_sdk_4.4.3/platform/emlib/src/em_gpio.o
                0x08004758                GPIO_PinModeSet
 .text.BUS_RegBitWrite
                0x08004878       0x48 ./gecko_sdk_4.4.3/platform/emlib/src/em_i2c.o
 .text.I2C_BusFreqSet
                0x080048c0      0x1a8 ./gecko_sdk_4.4.3/platform/emlib/src/em_i2c.o
                0x080048c0                I2C_BusFreqSet
 .text.I2C_Enable
                0x08004a68       0x48 ./gecko_sdk_4.4.3/platform/emlib/src/em_i2c.o
                0x08004a68                I2C_Enable
 .text.I2C_Init
                0x08004ab0       0x7c ./gecko_sdk_4.4.3/platform/emlib/src/em_i2c.o
                0x08004ab0                I2C_Init
 .text.I2C_Transfer
                0x08004b2c      0x4cc ./gecko_sdk_4.4.3/platform/emlib/src/em_i2c.o
                0x08004b2c                I2C_Transfer
 .text.I2C_TransferInit
                0x08004ff8       0xf8 ./gecko_sdk_4.4.3/platform/emlib/src/em_i2c.o
                0x08004ff8                I2C_TransferInit
 .text.IADC_disable
                0x080050f0       0x38 ./gecko_sdk_4.4.3/platform/emlib/src/em_iadc.o
 .text.IADC_init
                0x08005128      0x984 ./gecko_sdk_4.4.3/platform/emlib/src/em_iadc.o
                0x08005128                IADC_init
 .text.IADC_initScan
                0x08005aac      0x17c ./gecko_sdk_4.4.3/platform/emlib/src/em_iadc.o
                0x08005aac                IADC_initScan
 .text.IADC_calcTimebase
                0x08005c28       0xa0 ./gecko_sdk_4.4.3/platform/emlib/src/em_iadc.o
                0x08005c28                IADC_calcTimebase
 .text.IADC_calcSrcClkPrescale
                0x08005cc8       0x8c ./gecko_sdk_4.4.3/platform/emlib/src/em_iadc.o
                0x08005cc8                IADC_calcSrcClkPrescale
 .text.IADC_calcAdcClkPrescale
                0x08005d54       0xe0 ./gecko_sdk_4.4.3/platform/emlib/src/em_iadc.o
                0x08005d54                IADC_calcAdcClkPrescale
 .text.IADC_getReferenceVoltage
                0x08005e34       0x7c ./gecko_sdk_4.4.3/platform/emlib/src/em_iadc.o
                0x08005e34                IADC_getReferenceVoltage
 .text.PRS_ConvertToSyncSource
                0x08005eb0      0x134 ./gecko_sdk_4.4.3/platform/emlib/src/em_prs.o
                0x08005eb0                PRS_ConvertToSyncSource
 .text.PRS_ConvertToSyncSignal
                0x08005fe4      0x1a4 ./gecko_sdk_4.4.3/platform/emlib/src/em_prs.o
                0x08005fe4                PRS_ConvertToSyncSignal
 .text.PRS_ConnectSignal
                0x08006188       0x9c ./gecko_sdk_4.4.3/platform/emlib/src/em_prs.o
                0x08006188                PRS_ConnectSignal
 .text.PRS_ConnectConsumer
                0x08006224       0x6c ./gecko_sdk_4.4.3/platform/emlib/src/em_prs.o
                0x08006224                PRS_ConnectConsumer
 .text.SYSCFG_readChipRev
                0x08006290        0xc ./gecko_sdk_4.4.3/platform/emlib/src/em_system.o
 .text.SYSTEM_ChipRevisionGet
                0x0800629c       0x50 ./gecko_sdk_4.4.3/platform/emlib/src/em_system.o
                0x0800629c                SYSTEM_ChipRevisionGet
 .text.prsRxInput
                0x080062ec       0x38 ./gecko_sdk_4.4.3/platform/emlib/src/em_usart.o
 .text.USART_BaudrateSyncSet
                0x08006324       0x68 ./gecko_sdk_4.4.3/platform/emlib/src/em_usart.o
                0x08006324                USART_BaudrateSyncSet
 .text.USART_InitSync
                0x0800638c      0x108 ./gecko_sdk_4.4.3/platform/emlib/src/em_usart.o
                0x0800638c                USART_InitSync
 .text.USART_Reset
                0x08006494       0xa0 ./gecko_sdk_4.4.3/platform/emlib/src/em_usart.o
                0x08006494                USART_Reset
 .text.sl_hal_sysrtc_wait_sync
                0x08006534       0x20 ./gecko_sdk_4.4.3/platform/peripheral/src/peripheral_sysrtc.o
                0x08006534                sl_hal_sysrtc_wait_sync
 .text.sl_hal_sysrtc_wait_ready
                0x08006554       0x2c ./gecko_sdk_4.4.3/platform/peripheral/src/peripheral_sysrtc.o
                0x08006554                sl_hal_sysrtc_wait_ready
 .text.sl_hal_sysrtc_stop
                0x08006580       0x14 ./gecko_sdk_4.4.3/platform/peripheral/src/peripheral_sysrtc.o
                0x08006580                sl_hal_sysrtc_stop
 .text.sl_hal_sysrtc_get_counter
                0x08006594       0x14 ./gecko_sdk_4.4.3/platform/peripheral/src/peripheral_sysrtc.o
                0x08006594                sl_hal_sysrtc_get_counter
 .text.sl_hal_sysrtc_set_counter
                0x080065a8       0x1c ./gecko_sdk_4.4.3/platform/peripheral/src/peripheral_sysrtc.o
                0x080065a8                sl_hal_sysrtc_set_counter
 .text.sl_hal_sysrtc_init
                0x080065c4       0x38 ./gecko_sdk_4.4.3/platform/peripheral/src/peripheral_sysrtc.o
                0x080065c4                sl_hal_sysrtc_init
 .text.sl_hal_sysrtc_enable
                0x080065fc       0x20 ./gecko_sdk_4.4.3/platform/peripheral/src/peripheral_sysrtc.o
                0x080065fc                sl_hal_sysrtc_enable
 .text.sl_hal_sysrtc_disable
                0x0800661c       0x24 ./gecko_sdk_4.4.3/platform/peripheral/src/peripheral_sysrtc.o
                0x0800661c                sl_hal_sysrtc_disable
 .text.sl_hal_sysrtc_init_group
                0x08006640       0xbc ./gecko_sdk_4.4.3/platform/peripheral/src/peripheral_sysrtc.o
                0x08006640                sl_hal_sysrtc_init_group
 .text.sl_hal_sysrtc_enable_group_interrupts
                0x080066fc       0x44 ./gecko_sdk_4.4.3/platform/peripheral/src/peripheral_sysrtc.o
                0x080066fc                sl_hal_sysrtc_enable_group_interrupts
 .text.sl_hal_sysrtc_disable_group_interrupts
                0x08006740       0x44 ./gecko_sdk_4.4.3/platform/peripheral/src/peripheral_sysrtc.o
                0x08006740                sl_hal_sysrtc_disable_group_interrupts
 .text.sl_hal_sysrtc_clear_group_interrupts
                0x08006784       0x44 ./gecko_sdk_4.4.3/platform/peripheral/src/peripheral_sysrtc.o
                0x08006784                sl_hal_sysrtc_clear_group_interrupts
 .text.sl_hal_sysrtc_get_group_interrupts
                0x080067c8       0x3c ./gecko_sdk_4.4.3/platform/peripheral/src/peripheral_sysrtc.o
                0x080067c8                sl_hal_sysrtc_get_group_interrupts
 .text.sl_hal_sysrtc_get_group_compare_channel_value
                0x08006804       0x5c ./gecko_sdk_4.4.3/platform/peripheral/src/peripheral_sysrtc.o
                0x08006804                sl_hal_sysrtc_get_group_compare_channel_value
 .text.sl_hal_sysrtc_set_group_compare_channel_value
                0x08006860       0x5c ./gecko_sdk_4.4.3/platform/peripheral/src/peripheral_sysrtc.o
                0x08006860                sl_hal_sysrtc_set_group_compare_channel_value
 .text.sl_hal_sysrtc_get_group_capture_channel_value
                0x080068bc       0x3c ./gecko_sdk_4.4.3/platform/peripheral/src/peripheral_sysrtc.o
                0x080068bc                sl_hal_sysrtc_get_group_capture_channel_value
 .text.sl_device_init_dcdc
                0x080068f8       0x34 ./gecko_sdk_4.4.3/platform/service/device_init/src/sl_device_init_dcdc_s2.o
                0x080068f8                sl_device_init_dcdc
 .text.sl_device_init_emu
                0x0800692c       0x34 ./gecko_sdk_4.4.3/platform/service/device_init/src/sl_device_init_emu_s2.o
                0x0800692c                sl_device_init_emu
 .text.sl_device_init_hfxo
                0x08006960       0xc8 ./gecko_sdk_4.4.3/platform/service/device_init/src/sl_device_init_hfxo_s2.o
                0x08006960                sl_device_init_hfxo
 .text.sl_device_init_lfxo
                0x08006a28       0x3c ./gecko_sdk_4.4.3/platform/service/device_init/src/sl_device_init_lfxo_s2.o
                0x08006a28                sl_device_init_lfxo
 .text.__NVIC_SetPriority
                0x08006a64       0x50 ./gecko_sdk_4.4.3/platform/service/device_init/src/sl_device_init_nvic.o
 .text.sl_hfxo_manager_init
                0x08006ab4       0x8c ./gecko_sdk_4.4.3/platform/service/hfxo_manager/src/sl_hfxo_manager.o
                0x08006ab4                sl_hfxo_manager_init
 .text.sli_hfxo_manager_begin_startup_measurement
                0x08006b40       0x20 ./gecko_sdk_4.4.3/platform/service/hfxo_manager/src/sl_hfxo_manager.o
                0x08006b40                sli_hfxo_manager_begin_startup_measurement
 .text.sli_hfxo_manager_retrieve_begining_startup_measurement
                0x08006b60       0x3c ./gecko_sdk_4.4.3/platform/service/hfxo_manager/src/sl_hfxo_manager.o
                0x08006b60                sli_hfxo_manager_retrieve_begining_startup_measurement
 .text.sli_hfxo_manager_end_startup_measurement
                0x08006b9c      0x11c ./gecko_sdk_4.4.3/platform/service/hfxo_manager/src/sl_hfxo_manager.o
                0x08006b9c                sli_hfxo_manager_end_startup_measurement
 .text.sli_hfxo_manager_get_startup_time
                0x08006cb8        0xc ./gecko_sdk_4.4.3/platform/service/hfxo_manager/src/sl_hfxo_manager.o
                0x08006cb8                sli_hfxo_manager_get_startup_time
 .text.__NVIC_EnableIRQ
                0x08006cc4       0x34 ./gecko_sdk_4.4.3/platform/service/hfxo_manager/src/sl_hfxo_manager_hal_s2.o
 .text.__NVIC_ClearPendingIRQ
                0x08006cf8       0x38 ./gecko_sdk_4.4.3/platform/service/hfxo_manager/src/sl_hfxo_manager_hal_s2.o
 .text.__NVIC_SetPriority
                0x08006d30       0x50 ./gecko_sdk_4.4.3/platform/service/hfxo_manager/src/sl_hfxo_manager_hal_s2.o
 .text.sli_hfxo_manager_init_hardware
                0x08006d80       0x94 ./gecko_sdk_4.4.3/platform/service/hfxo_manager/src/sl_hfxo_manager_hal_s2.o
                0x08006d80                sli_hfxo_manager_init_hardware
 .text.sli_hfxo_manager_is_hfxo_ready
                0x08006e14       0x68 ./gecko_sdk_4.4.3/platform/service/hfxo_manager/src/sl_hfxo_manager_hal_s2.o
                0x08006e14                sli_hfxo_manager_is_hfxo_ready
 .text.sl_hfxo_manager_irq_handler
                0x08006e7c       0x9c ./gecko_sdk_4.4.3/platform/service/hfxo_manager/src/sl_hfxo_manager_hal_s2.o
                0x08006e7c                sl_hfxo_manager_irq_handler
 .text.sl_iostream_set_default
                0x08006f18       0x28 ./gecko_sdk_4.4.3/platform/service/iostream/src/sl_iostream.o
                0x08006f18                sl_iostream_set_default
 .text.sl_iostream_get_default
                0x08006f40       0x28 ./gecko_sdk_4.4.3/platform/service/iostream/src/sl_iostream.o
                0x08006f40                sl_iostream_get_default
 .text.sl_iostream_debug_init
                0x08006f68       0x30 ./gecko_sdk_4.4.3/platform/service/iostream/src/sl_iostream_debug.o
                0x08006f68                sl_iostream_debug_init
 .text.debug_write
                0x08006f98       0x50 ./gecko_sdk_4.4.3/platform/service/iostream/src/sl_iostream_debug.o
 .text._write   0x08006fe8       0x44 ./gecko_sdk_4.4.3/platform/service/iostream/src/sl_iostream_retarget_stdio.o
                0x08006fe8                _write
 .text.sl_iostream_stdlib_disable_buffering
                0x0800702c       0x1c ./gecko_sdk_4.4.3/platform/service/iostream/src/sl_iostream_stdlib_config.o
                0x0800702c                sl_iostream_stdlib_disable_buffering
 .text.sli_iostream_swo_itm_8_init
                0x08007048       0x50 ./gecko_sdk_4.4.3/platform/service/iostream/src/sl_iostream_swo_itm_8.o
                0x08007048                sli_iostream_swo_itm_8_init
 .text.sli_iosteam_swo_itm_em_transition
                0x08007098       0x44 ./gecko_sdk_4.4.3/platform/service/iostream/src/sl_iostream_swo_itm_8.o
 .text.sl_power_manager_init
                0x080070dc       0x88 ./gecko_sdk_4.4.3/platform/service/power_manager/src/sl_power_manager.o
                0x080070dc                sl_power_manager_init
 .text.sl_power_manager_sleep
                0x08007164      0x204 ./gecko_sdk_4.4.3/platform/service/power_manager/src/sl_power_manager.o
                0x08007164                sl_power_manager_sleep
 .text.sli_power_manager_update_em_requirement
                0x08007368      0x108 ./gecko_sdk_4.4.3/platform/service/power_manager/src/sl_power_manager.o
                0x08007368                sli_power_manager_update_em_requirement
 .text.sli_power_manager_get_restore_delay
                0x08007470       0x48 ./gecko_sdk_4.4.3/platform/service/power_manager/src/sl_power_manager.o
                0x08007470                sli_power_manager_get_restore_delay
 .text.sl_power_manager_subscribe_em_transition_event
                0x080074b8       0x30 ./gecko_sdk_4.4.3/platform/service/power_manager/src/sl_power_manager.o
                0x080074b8                sl_power_manager_subscribe_em_transition_event
 .text.sl_power_manager_schedule_wakeup_get_restore_overhead_tick
                0x080074e8       0x14 ./gecko_sdk_4.4.3/platform/service/power_manager/src/sl_power_manager.o
                0x080074e8                sl_power_manager_schedule_wakeup_get_restore_overhead_tick
 .text.sli_power_manager_convert_delay_us_to_tick
                0x080074fc       0x2c ./gecko_sdk_4.4.3/platform/service/power_manager/src/sl_power_manager.o
                0x080074fc                sli_power_manager_convert_delay_us_to_tick
 .text.sl_power_manager_is_latest_wakeup_internal
                0x08007528       0x4c ./gecko_sdk_4.4.3/platform/service/power_manager/src/sl_power_manager.o
                0x08007528                sl_power_manager_is_latest_wakeup_internal
 .text.get_lowest_em
                0x08007574       0x34 ./gecko_sdk_4.4.3/platform/service/power_manager/src/sl_power_manager.o
 .text.power_manager_notify_em_transition
                0x080075a8       0xec ./gecko_sdk_4.4.3/platform/service/power_manager/src/sl_power_manager.o
 .text.evaluate_wakeup
                0x08007694      0x118 ./gecko_sdk_4.4.3/platform/service/power_manager/src/sl_power_manager.o
 .text.update_em1_requirement
                0x080077ac       0x94 ./gecko_sdk_4.4.3/platform/service/power_manager/src/sl_power_manager.o
 .text.clock_restore_and_wait
                0x08007840       0x88 ./gecko_sdk_4.4.3/platform/service/power_manager/src/sl_power_manager.o
 .text.clock_restore
                0x080078c8       0x6c ./gecko_sdk_4.4.3/platform/service/power_manager/src/sl_power_manager.o
 .text.on_clock_wakeup_timeout
                0x08007934       0x34 ./gecko_sdk_4.4.3/platform/service/power_manager/src/sl_power_manager.o
 .text.sli_hfxo_manager_notify_ready_for_power_manager
                0x08007968       0x48 ./gecko_sdk_4.4.3/platform/service/power_manager/src/sl_power_manager.o
                0x08007968                sli_hfxo_manager_notify_ready_for_power_manager
 .text.sli_hfxo_notify_ready_for_power_manager_from_prs
                0x080079b0       0x1c ./gecko_sdk_4.4.3/platform/service/power_manager/src/sl_power_manager.o
                0x080079b0                sli_hfxo_notify_ready_for_power_manager_from_prs
 .text.EMU_EnterEM1
                0x080079cc       0x18 ./gecko_sdk_4.4.3/platform/service/power_manager/src/sl_power_manager_hal_s2.o
 .text.sli_power_manager_init_hardware
                0x080079e4      0x248 ./gecko_sdk_4.4.3/platform/service/power_manager/src/sl_power_manager_hal_s2.o
                0x080079e4                sli_power_manager_init_hardware
 .text.sli_power_manager_em23_voltage_scaling_enable_fast_wakeup
                0x08007c2c       0x88 ./gecko_sdk_4.4.3/platform/service/power_manager/src/sl_power_manager_hal_s2.o
                0x08007c2c                sli_power_manager_em23_voltage_scaling_enable_fast_wakeup
 .text.sli_power_manager_save_states
                0x08007cb4       0x34 ./gecko_sdk_4.4.3/platform/service/power_manager/src/sl_power_manager_hal_s2.o
                0x08007cb4                sli_power_manager_save_states
 .text.EMU_EM23PresleepHook
                0x08007ce8       0x94 ./gecko_sdk_4.4.3/platform/service/power_manager/src/sl_power_manager_hal_s2.o
                0x08007ce8                EMU_EM23PresleepHook
 .text.EMU_EM23PostsleepHook
                0x08007d7c       0x8c ./gecko_sdk_4.4.3/platform/service/power_manager/src/sl_power_manager_hal_s2.o
                0x08007d7c                EMU_EM23PostsleepHook
 .text.sli_power_manager_handle_pre_deepsleep_operations
                0x08007e08       0x10 ./gecko_sdk_4.4.3/platform/service/power_manager/src/sl_power_manager_hal_s2.o
                0x08007e08                sli_power_manager_handle_pre_deepsleep_operations
 .text.sli_power_manager_restore_high_freq_accuracy_clk
                0x08007e18       0x80 ./gecko_sdk_4.4.3/platform/service/power_manager/src/sl_power_manager_hal_s2.o
                0x08007e18                sli_power_manager_restore_high_freq_accuracy_clk
 .text.sli_power_manager_is_high_freq_accuracy_clk_ready
                0x08007e98       0x34 ./gecko_sdk_4.4.3/platform/service/power_manager/src/sl_power_manager_hal_s2.o
                0x08007e98                sli_power_manager_is_high_freq_accuracy_clk_ready
 .text.sli_power_manager_restore_states
                0x08007ecc       0xa4 ./gecko_sdk_4.4.3/platform/service/power_manager/src/sl_power_manager_hal_s2.o
                0x08007ecc                sli_power_manager_restore_states
 .text.sli_power_manager_apply_em
                0x08007f70       0x50 ./gecko_sdk_4.4.3/platform/service/power_manager/src/sl_power_manager_hal_s2.o
                0x08007f70                sli_power_manager_apply_em
 .text.sli_power_manager_get_wakeup_process_time_overhead
                0x08007fc0       0x3c ./gecko_sdk_4.4.3/platform/service/power_manager/src/sl_power_manager_hal_s2.o
                0x08007fc0                sli_power_manager_get_wakeup_process_time_overhead
 .text.sli_power_manager_is_high_freq_accuracy_clk_used
                0x08007ffc        0xc ./gecko_sdk_4.4.3/platform/service/power_manager/src/sl_power_manager_hal_s2.o
                0x08007ffc                sli_power_manager_is_high_freq_accuracy_clk_used
 .text.sl_sleeptimer_init
                0x08008008       0xa0 ./gecko_sdk_4.4.3/platform/service/sleeptimer/src/sl_sleeptimer.o
                0x08008008                sl_sleeptimer_init
 .text.sl_sleeptimer_stop_timer
                0x080080a8       0x8c ./gecko_sdk_4.4.3/platform/service/sleeptimer/src/sl_sleeptimer.o
                0x080080a8                sl_sleeptimer_stop_timer
 .text.sl_sleeptimer_is_timer_running
                0x08008134       0x6c ./gecko_sdk_4.4.3/platform/service/sleeptimer/src/sl_sleeptimer.o
                0x08008134                sl_sleeptimer_is_timer_running
 .text.sl_sleeptimer_get_remaining_time_of_first_timer
                0x080081a0       0x9c ./gecko_sdk_4.4.3/platform/service/sleeptimer/src/sl_sleeptimer.o
                0x080081a0                sl_sleeptimer_get_remaining_time_of_first_timer
 .text.sli_sleeptimer_is_power_manager_timer_next_to_expire
                0x0800823c       0x40 ./gecko_sdk_4.4.3/platform/service/sleeptimer/src/sl_sleeptimer.o
                0x0800823c                sli_sleeptimer_is_power_manager_timer_next_to_expire
 .text.sl_sleeptimer_get_timer_frequency
                0x0800827c        0xc ./gecko_sdk_4.4.3/platform/service/sleeptimer/src/sl_sleeptimer.o
                0x0800827c                sl_sleeptimer_get_timer_frequency
 .text.sl_sleeptimer_delay_millisecond
                0x08008288       0x54 ./gecko_sdk_4.4.3/platform/service/sleeptimer/src/sl_sleeptimer.o
                0x08008288                sl_sleeptimer_delay_millisecond
 .text.sl_sleeptimer_ms_to_tick
                0x080082dc       0x60 ./gecko_sdk_4.4.3/platform/service/sleeptimer/src/sl_sleeptimer.o
                0x080082dc                sl_sleeptimer_ms_to_tick
 .text.process_timer_irq
                0x0800833c      0x25c ./gecko_sdk_4.4.3/platform/service/sleeptimer/src/sl_sleeptimer.o
                0x0800833c                process_timer_irq
 .text.delta_list_insert_timer
                0x08008598       0xd4 ./gecko_sdk_4.4.3/platform/service/sleeptimer/src/sl_sleeptimer.o
 .text.delta_list_remove_timer
                0x0800866c       0x74 ./gecko_sdk_4.4.3/platform/service/sleeptimer/src/sl_sleeptimer.o
 .text.set_comparator_for_next_timer
                0x080086e0       0x4c ./gecko_sdk_4.4.3/platform/service/sleeptimer/src/sl_sleeptimer.o
 .text.update_delta_list
                0x0800872c       0x70 ./gecko_sdk_4.4.3/platform/service/sleeptimer/src/sl_sleeptimer.o
 .text.create_timer
                0x0800879c       0xe4 ./gecko_sdk_4.4.3/platform/service/sleeptimer/src/sl_sleeptimer.o
 .text.update_next_timer_to_expire_is_power_manager
                0x08008880       0x58 ./gecko_sdk_4.4.3/platform/service/sleeptimer/src/sl_sleeptimer.o
 .text.sl_sleeptimer_is_power_manager_early_restore_timer_latest_to_expire
                0x080088d8       0x28 ./gecko_sdk_4.4.3/platform/service/sleeptimer/src/sl_sleeptimer.o
                0x080088d8                sl_sleeptimer_is_power_manager_early_restore_timer_latest_to_expire
 .text.sli_sleeptimer_update_sleep_on_isr_exit
                0x08008900       0x1c ./gecko_sdk_4.4.3/platform/service/sleeptimer/src/sl_sleeptimer.o
                0x08008900                sli_sleeptimer_update_sleep_on_isr_exit
 .text.__NVIC_EnableIRQ
                0x0800891c       0x34 ./gecko_sdk_4.4.3/platform/service/sleeptimer/src/sl_sleeptimer_hal_sysrtc.o
 .text.__NVIC_ClearPendingIRQ
                0x08008950       0x38 ./gecko_sdk_4.4.3/platform/service/sleeptimer/src/sl_sleeptimer_hal_sysrtc.o
 .text.sli_sleeptimer_hal_power_manager_integration_init
                0x08008988       0x38 ./gecko_sdk_4.4.3/platform/service/sleeptimer/src/sl_sleeptimer_hal_sysrtc.o
                0x08008988                sli_sleeptimer_hal_power_manager_integration_init
 .text.sli_sleeptimer_hal_hfxo_manager_integration_init
                0x080089c0       0x34 ./gecko_sdk_4.4.3/platform/service/sleeptimer/src/sl_sleeptimer_hal_sysrtc.o
                0x080089c0                sli_sleeptimer_hal_hfxo_manager_integration_init
 .text.sleeptimer_hal_set_compare
                0x080089f4       0xac ./gecko_sdk_4.4.3/platform/service/sleeptimer/src/sl_sleeptimer_hal_sysrtc.o
                0x080089f4                sleeptimer_hal_set_compare
 .text.sleeptimer_hal_set_compare_prs_hfxo_startup
                0x08008aa0       0x8c ./gecko_sdk_4.4.3/platform/service/sleeptimer/src/sl_sleeptimer_hal_sysrtc.o
                0x08008aa0                sleeptimer_hal_set_compare_prs_hfxo_startup
 .text.sleeptimer_hal_disable_int
                0x08008b2c       0x60 ./gecko_sdk_4.4.3/platform/service/sleeptimer/src/sl_sleeptimer_hal_sysrtc.o
                0x08008b2c                sleeptimer_hal_disable_int
 .text.sleeptimer_hal_set_int
                0x08008b8c       0x2c ./gecko_sdk_4.4.3/platform/service/sleeptimer/src/sl_sleeptimer_hal_sysrtc.o
                0x08008b8c                sleeptimer_hal_set_int
 .text.sleeptimer_hal_disable_prs_compare_and_capture_channel
                0x08008bb8       0x38 ./gecko_sdk_4.4.3/platform/service/sleeptimer/src/sl_sleeptimer_hal_sysrtc.o
                0x08008bb8                sleeptimer_hal_disable_prs_compare_and_capture_channel
 .text.sli_sleeptimer_set_pm_em_requirement
                0x08008bf0       0x24 ./gecko_sdk_4.4.3/platform/service/sleeptimer/src/sl_sleeptimer_hal_sysrtc.o
                0x08008bf0                sli_sleeptimer_set_pm_em_requirement
 .text.sl_udelay_wait
                0x08008c14       0x80 ./gecko_sdk_4.4.3/platform/service/udelay/src/sl_udelay.o
                0x08008c14                sl_udelay_wait
 .text          0x08008c94       0x30 c:/siliconlabs/simplicitystudio/v5/developer/toolchains/gnu_arm/12.2.rel1_2023.7/bin/../lib/gcc/arm-none-eabi/12.2.1/thumb/v8-m.main+fp/hard\libgcc.a(_aeabi_uldivmod.o)
                0x08008c94                __aeabi_uldivmod
 .text.__udivmoddi4
                0x08008cc4      0x2ec c:/siliconlabs/simplicitystudio/v5/developer/toolchains/gnu_arm/12.2.rel1_2023.7/bin/../lib/gcc/arm-none-eabi/12.2.1/thumb/v8-m.main+fp/hard\libgcc.a(_udivmoddi4.o)
                0x08008cc4                __udivmoddi4
 .text          0x08008fb0        0x4 c:/siliconlabs/simplicitystudio/v5/developer/toolchains/gnu_arm/12.2.rel1_2023.7/bin/../lib/gcc/arm-none-eabi/12.2.1/thumb/v8-m.main+fp/hard\libgcc.a(_dvmd_tls.o)
                0x08008fb0                __aeabi_idiv0
                0x08008fb0                __aeabi_ldiv0
 .text.exit     0x08008fb4       0x24 c:/siliconlabs/simplicitystudio/v5/developer/toolchains/gnu_arm/12.2.rel1_2023.7/bin/../lib/gcc/arm-none-eabi/12.2.1/thumb/v8-m.main+fp/hard\libc_nano.a(libc_a-exit.o)
                0x08008fb4                exit
 .text.std      0x08008fd8       0x6c c:/siliconlabs/simplicitystudio/v5/developer/toolchains/gnu_arm/12.2.rel1_2023.7/bin/../lib/gcc/arm-none-eabi/12.2.1/thumb/v8-m.main+fp/hard\libc_nano.a(libc_a-findfp.o)
 .text.stdio_exit_handler
                0x08009044       0x18 c:/siliconlabs/simplicitystudio/v5/developer/toolchains/gnu_arm/12.2.rel1_2023.7/bin/../lib/gcc/arm-none-eabi/12.2.1/thumb/v8-m.main+fp/hard\libc_nano.a(libc_a-findfp.o)
 .text.cleanup_stdio
                0x0800905c       0x40 c:/siliconlabs/simplicitystudio/v5/developer/toolchains/gnu_arm/12.2.rel1_2023.7/bin/../lib/gcc/arm-none-eabi/12.2.1/thumb/v8-m.main+fp/hard\libc_nano.a(libc_a-findfp.o)
 .text.global_stdio_init.part.0
                0x0800909c       0x3c c:/siliconlabs/simplicitystudio/v5/developer/toolchains/gnu_arm/12.2.rel1_2023.7/bin/../lib/gcc/arm-none-eabi/12.2.1/thumb/v8-m.main+fp/hard\libc_nano.a(libc_a-findfp.o)
 .text.__sfp_lock_acquire
                0x080090d8        0xc c:/siliconlabs/simplicitystudio/v5/developer/toolchains/gnu_arm/12.2.rel1_2023.7/bin/../lib/gcc/arm-none-eabi/12.2.1/thumb/v8-m.main+fp/hard\libc_nano.a(libc_a-findfp.o)
                0x080090d8                __sfp_lock_acquire
 .text.__sfp_lock_release
                0x080090e4        0xc c:/siliconlabs/simplicitystudio/v5/developer/toolchains/gnu_arm/12.2.rel1_2023.7/bin/../lib/gcc/arm-none-eabi/12.2.1/thumb/v8-m.main+fp/hard\libc_nano.a(libc_a-findfp.o)
                0x080090e4                __sfp_lock_release
 .text.__sinit  0x080090f0       0x30 c:/siliconlabs/simplicitystudio/v5/developer/toolchains/gnu_arm/12.2.rel1_2023.7/bin/../lib/gcc/arm-none-eabi/12.2.1/thumb/v8-m.main+fp/hard\libc_nano.a(libc_a-findfp.o)
                0x080090f0                __sinit
 .text.setvbuf  0x08009120      0x168 c:/siliconlabs/simplicitystudio/v5/developer/toolchains/gnu_arm/12.2.rel1_2023.7/bin/../lib/gcc/arm-none-eabi/12.2.1/thumb/v8-m.main+fp/hard\libc_nano.a(libc_a-setvbuf.o)
                0x08009120                setvbuf
 .text.vprintf  0x08009288       0x14 c:/siliconlabs/simplicitystudio/v5/developer/toolchains/gnu_arm/12.2.rel1_2023.7/bin/../lib/gcc/arm-none-eabi/12.2.1/thumb/v8-m.main+fp/hard\libc_nano.a(libc_a-vprintf.o)
                0x08009288                viprintf
                0x08009288                vprintf
 .text._close_r
                0x0800929c       0x20 c:/siliconlabs/simplicitystudio/v5/developer/toolchains/gnu_arm/12.2.rel1_2023.7/bin/../lib/gcc/arm-none-eabi/12.2.1/thumb/v8-m.main+fp/hard\libc_nano.a(libc_a-closer.o)
                0x0800929c                _close_r
 .text._lseek_r
                0x080092bc       0x24 c:/siliconlabs/simplicitystudio/v5/developer/toolchains/gnu_arm/12.2.rel1_2023.7/bin/../lib/gcc/arm-none-eabi/12.2.1/thumb/v8-m.main+fp/hard\libc_nano.a(libc_a-lseekr.o)
                0x080092bc                _lseek_r
 .text._read_r  0x080092e0       0x24 c:/siliconlabs/simplicitystudio/v5/developer/toolchains/gnu_arm/12.2.rel1_2023.7/bin/../lib/gcc/arm-none-eabi/12.2.1/thumb/v8-m.main+fp/hard\libc_nano.a(libc_a-readr.o)
                0x080092e0                _read_r
 .text._write_r
                0x08009304       0x24 c:/siliconlabs/simplicitystudio/v5/developer/toolchains/gnu_arm/12.2.rel1_2023.7/bin/../lib/gcc/arm-none-eabi/12.2.1/thumb/v8-m.main+fp/hard\libc_nano.a(libc_a-writer.o)
                0x08009304                _write_r
 .text.__libc_init_array
                0x08009328       0x48 c:/siliconlabs/simplicitystudio/v5/developer/toolchains/gnu_arm/12.2.rel1_2023.7/bin/../lib/gcc/arm-none-eabi/12.2.1/thumb/v8-m.main+fp/hard\libc_nano.a(libc_a-init.o)
                0x08009328                __libc_init_array
 .text._free_r  0x08009370       0x94 c:/siliconlabs/simplicitystudio/v5/developer/toolchains/gnu_arm/12.2.rel1_2023.7/bin/../lib/gcc/arm-none-eabi/12.2.1/thumb/v8-m.main+fp/hard\libc_nano.a(libc_a-freer.o)
                0x08009370                _free_r
 .text.malloc   0x08009404       0x10 c:/siliconlabs/simplicitystudio/v5/developer/toolchains/gnu_arm/12.2.rel1_2023.7/bin/../lib/gcc/arm-none-eabi/12.2.1/thumb/v8-m.main+fp/hard\libc_nano.a(libc_a-malloc.o)
                0x08009404                malloc
 .text.sbrk_aligned
                0x08009414       0x44 c:/siliconlabs/simplicitystudio/v5/developer/toolchains/gnu_arm/12.2.rel1_2023.7/bin/../lib/gcc/arm-none-eabi/12.2.1/thumb/v8-m.main+fp/hard\libc_nano.a(libc_a-mallocr.o)
 .text._malloc_r
                0x08009458       0xf0 c:/siliconlabs/simplicitystudio/v5/developer/toolchains/gnu_arm/12.2.rel1_2023.7/bin/../lib/gcc/arm-none-eabi/12.2.1/thumb/v8-m.main+fp/hard\libc_nano.a(libc_a-mallocr.o)
                0x08009458                _malloc_r
 .text.__malloc_lock
                0x08009548        0xc c:/siliconlabs/simplicitystudio/v5/developer/toolchains/gnu_arm/12.2.rel1_2023.7/bin/../lib/gcc/arm-none-eabi/12.2.1/thumb/v8-m.main+fp/hard\libc_nano.a(libc_a-mlock.o)
                0x08009548                __malloc_lock
 .text.__malloc_unlock
                0x08009554        0xc c:/siliconlabs/simplicitystudio/v5/developer/toolchains/gnu_arm/12.2.rel1_2023.7/bin/../lib/gcc/arm-none-eabi/12.2.1/thumb/v8-m.main+fp/hard\libc_nano.a(libc_a-mlock.o)
                0x08009554                __malloc_unlock
 .text._vfprintf_r
                0x08009560      0x230 c:/siliconlabs/simplicitystudio/v5/developer/toolchains/gnu_arm/12.2.rel1_2023.7/bin/../lib/gcc/arm-none-eabi/12.2.1/thumb/v8-m.main+fp/hard\libc_nano.a(libc_a-nano-vfprintf.o)
                0x08009560                _vfprintf_r
                0x08009560                _vfiprintf_r
 .text._printf_i
                0x08009790      0x258 c:/siliconlabs/simplicitystudio/v5/developer/toolchains/gnu_arm/12.2.rel1_2023.7/bin/../lib/gcc/arm-none-eabi/12.2.1/thumb/v8-m.main+fp/hard\libc_nano.a(libc_a-nano-vfprintf_i.o)
                0x08009790                _printf_i
 .text.__swsetup_r
                0x080099e8       0xac c:/siliconlabs/simplicitystudio/v5/developer/toolchains/gnu_arm/12.2.rel1_2023.7/bin/../lib/gcc/arm-none-eabi/12.2.1/thumb/v8-m.main+fp/hard\libc_nano.a(libc_a-wsetup.o)
                0x080099e8                __swsetup_r
 .text._fstat_r
                0x08009a94       0x24 c:/siliconlabs/simplicitystudio/v5/developer/toolchains/gnu_arm/12.2.rel1_2023.7/bin/../lib/gcc/arm-none-eabi/12.2.1/thumb/v8-m.main+fp/hard\libc_nano.a(libc_a-fstatr.o)
                0x08009a94                _fstat_r
 .text._isatty_r
                0x08009ab8       0x20 c:/siliconlabs/simplicitystudio/v5/developer/toolchains/gnu_arm/12.2.rel1_2023.7/bin/../lib/gcc/arm-none-eabi/12.2.1/thumb/v8-m.main+fp/hard\libc_nano.a(libc_a-isattyr.o)
                0x08009ab8                _isatty_r
 .text._sbrk_r  0x08009ad8       0x20 c:/siliconlabs/simplicitystudio/v5/developer/toolchains/gnu_arm/12.2.rel1_2023.7/bin/../lib/gcc/arm-none-eabi/12.2.1/thumb/v8-m.main+fp/hard\libc_nano.a(libc_a-sbrkr.o)
                0x08009ad8                _sbrk_r
 .text.BUS_RegBitRead
                0x08009af8       0x1a ./app.o
 .text.IADC_clearInt
                0x08009b12       0x18 ./iadc.o
 .text.IADC_enableInt
                0x08009b2a       0x18 ./iadc.o
 .text.IADC_command
                0x08009b42       0x12 ./iadc.o
 .text.IADC_getScanFifoCnt
                0x08009b54       0x18 ./iadc.o
 .text.IADC_portPinToPosInput
                0x08009b6c       0x2a ./iadc.o
 .text.supervisor_ticks_ms64
                0x08009b96        0xe ./iadc.o
                0x08009b96                supervisor_ticks_ms64
 .text.analog_input_is_deinitialized
                0x08009ba4       0x18 ./iadc.o
                0x08009ba4                analog_input_is_deinitialized
 .text.main     0x08009bbc       0x1a ./main.o
                0x08009bbc                main
 .text.initThermometer
                0x08009bd6        0xa ./thermometer.o
                0x08009bd6                initThermometer
 .text.sl_board_default_init
                0x08009be0        0x4 ./autogen/sl_board_default_init.o
                0x08009be0                sl_board_default_init
 .text.CHIP_Init
                0x08009be4        0x4 ./autogen/sl_event_handler.o
 .text.sl_platform_init
                0x08009be8       0x32 ./autogen/sl_event_handler.o
                0x08009be8                sl_platform_init
 .text.sl_driver_init
                0x08009c1a        0xe ./autogen/sl_event_handler.o
                0x08009c1a                sl_driver_init
 .text.sl_service_init
                0x08009c28       0x1a ./autogen/sl_event_handler.o
                0x08009c28                sl_service_init
 .text.sl_stack_init
                0x08009c42        0x4 ./autogen/sl_event_handler.o
                0x08009c42                sl_stack_init
 .text.sl_internal_app_init
                0x08009c46        0xa ./autogen/sl_event_handler.o
                0x08009c46                sl_internal_app_init
 .text.sl_platform_process_action
                0x08009c50        0x4 ./autogen/sl_event_handler.o
                0x08009c50                sl_platform_process_action
 .text.sl_service_process_action
                0x08009c54        0xa ./autogen/sl_event_handler.o
                0x08009c54                sl_service_process_action
 .text.sl_stack_process_action
                0x08009c5e        0x4 ./autogen/sl_event_handler.o
                0x08009c5e                sl_stack_process_action
 .text.sl_internal_app_process_action
                0x08009c62        0x4 ./autogen/sl_event_handler.o
                0x08009c62                sl_internal_app_process_action
 .text.sl_iostream_init_instances
                0x08009c66        0xa ./autogen/sl_event_handler.o
                0x08009c66                sl_iostream_init_instances
 .text.app_is_ok_to_sleep
                0x08009c70        0x6 ./autogen/sl_power_manager_handler.o
                0x08009c70                app_is_ok_to_sleep
 .text.app_sleep_on_isr_exit
                0x08009c76        0x6 ./autogen/sl_power_manager_handler.o
                0x08009c76                app_sleep_on_isr_exit
 .text.sl_power_manager_is_ok_to_sleep
                0x08009c7c       0x42 ./autogen/sl_power_manager_handler.o
                0x08009c7c                sl_power_manager_is_ok_to_sleep
 .text.sl_power_manager_sleep_on_isr_exit
                0x08009cbe       0x84 ./autogen/sl_power_manager_handler.o
                0x08009cbe                sl_power_manager_sleep_on_isr_exit
 .text._app_log_time
                0x08009d42        0x4 ./gecko_sdk_4.4.3/app/common/util/app_log/app_log.o
                0x08009d42                _app_log_time
 .text._app_log_counter
                0x08009d46        0x4 ./gecko_sdk_4.4.3/app/common/util/app_log/app_log.o
                0x08009d46                _app_log_counter
 .text.sl_board_configure_vcom
                0x08009d4a        0x6 ./gecko_sdk_4.4.3/hardware/board/src/sl_board_control_gpio.o
                0x08009d4a                sl_board_configure_vcom
 .text.sl_board_init
                0x08009d50       0x16 ./gecko_sdk_4.4.3/hardware/board/src/sl_board_init.o
                0x08009d50                sl_board_init
 .text.sl_board_preinit
                0x08009d66        0xe ./gecko_sdk_4.4.3/hardware/board/src/sl_board_init.o
                0x08009d66                sl_board_preinit
 .text.cs_low   0x08009d74        0xe ./gecko_sdk_4.4.3/hardware/driver/mx25_flash_shutdown/src/sl_mx25_flash_shutdown_usart/sl_mx25_flash_shutdown.o
 .text.cs_high  0x08009d82        0xe ./gecko_sdk_4.4.3/hardware/driver/mx25_flash_shutdown/src/sl_mx25_flash_shutdown_usart/sl_mx25_flash_shutdown.o
 .text.sl_si70xx_init
                0x08009d90       0x58 ./gecko_sdk_4.4.3/hardware/driver/si70xx/src/sl_si70xx.o
                0x08009d90                sl_si70xx_init
 .text.sl_si70xx_measure_rh_and_temp
                0x08009de8       0x6e ./gecko_sdk_4.4.3/hardware/driver/si70xx/src/sl_si70xx.o
                0x08009de8                sl_si70xx_measure_rh_and_temp
 .text.sl_si70xx_present
                0x08009e56       0x76 ./gecko_sdk_4.4.3/hardware/driver/si70xx/src/sl_si70xx.o
                0x08009e56                sl_si70xx_present
 .text.sl_si70xx_send_command
                0x08009ecc       0x86 ./gecko_sdk_4.4.3/hardware/driver/si70xx/src/sl_si70xx.o
 .text.sl_si70xx_get_percent_relative_humidity
                0x08009f52       0x1c ./gecko_sdk_4.4.3/hardware/driver/si70xx/src/sl_si70xx.o
 .text.sl_si70xx_get_celcius_temperature
                0x08009f6e       0x1c ./gecko_sdk_4.4.3/hardware/driver/si70xx/src/sl_si70xx.o
 .text.Default_Handler
                0x08009f8a        0x4 ./gecko_sdk_4.4.3/platform/Device/SiliconLabs/EFR32MG24/Source/startup_efr32mg24.o
                0x08009f8a                ULFRCO_IRQHandler
                0x08009f8a                AHB2AHB1_IRQHandler
                0x08009f8a                SW2_IRQHandler
                0x08009f8a                TIMER2_IRQHandler
                0x08009f8a                DebugMon_Handler
                0x08009f8a                USART0_TX_IRQHandler
                0x08009f8a                EUSART0_TX_IRQHandler
                0x08009f8a                I2C0_IRQHandler
                0x08009f8a                LFXO_IRQHandler
                0x08009f8a                HardFault_Handler
                0x08009f8a                SMU_SECURE_IRQHandler
                0x08009f8a                SysTick_Handler
                0x08009f8a                SYSRTC_SEQ_IRQHandler
                0x08009f8a                EMUEFP_IRQHandler
                0x08009f8a                PendSV_Handler
                0x08009f8a                NMI_Handler
                0x08009f8a                SYNTH_IRQHandler
                0x08009f8a                HOSTMAILBOX_IRQHandler
                0x08009f8a                I2C1_IRQHandler
                0x08009f8a                WDOG0_IRQHandler
                0x08009f8a                TIMER3_IRQHandler
                0x08009f8a                SYSCFG_IRQHandler
                0x08009f8a                RFECA1_IRQHandler
                0x08009f8a                EMUDG_IRQHandler
                0x08009f8a                MSC_IRQHandler
                0x08009f8a                DPLL0_IRQHandler
                0x08009f8a                UsageFault_Handler
                0x08009f8a                WDOG1_IRQHandler
                0x08009f8a                M33CTI1_IRQHandler
                0x08009f8a                TIMER4_IRQHandler
                0x08009f8a                GPIO_EVEN_IRQHandler
                0x08009f8a                VDAC0_IRQHandler
                0x08009f8a                LDMA_IRQHandler
                0x08009f8a                SEMBTX_IRQHandler
                0x08009f8a                SW0_IRQHandler
                0x08009f8a                TIMER0_IRQHandler
                0x08009f8a                MVP_IRQHandler
                0x08009f8a                LETIMER0_IRQHandler
                0x08009f8a                EUSART1_RX_IRQHandler
                0x08009f8a                TIMER1_IRQHandler
                0x08009f8a                HFRCO0_IRQHandler
                0x08009f8a                SecureFault_Handler
                0x08009f8a                BUFC_IRQHandler
                0x08009f8a                DCDC_IRQHandler
                0x08009f8a                MODEM_IRQHandler
                0x08009f8a                Default_Handler
                0x08009f8a                RAC_SEQ_IRQHandler
                0x08009f8a                FRC_PRI_IRQHandler
                0x08009f8a                SW3_IRQHandler
                0x08009f8a                EMU_IRQHandler
                0x08009f8a                KERNEL0_IRQHandler
                0x08009f8a                FRC_IRQHandler
                0x08009f8a                PCNT0_IRQHandler
                0x08009f8a                KERNEL1_IRQHandler
                0x08009f8a                AGC_IRQHandler
                0x08009f8a                EUSART1_TX_IRQHandler
                0x08009f8a                KEYSCAN_IRQHandler
                0x08009f8a                HFRCOEM23_IRQHandler
                0x08009f8a                sl_app_properties
                0x08009f8a                BURTC_IRQHandler
                0x08009f8a                SEMBRX_IRQHandler
                0x08009f8a                RFECA0_IRQHandler
                0x08009f8a                LFRCO_IRQHandler
                0x08009f8a                VDAC1_IRQHandler
                0x08009f8a                ACMP0_IRQHandler
                0x08009f8a                USART0_RX_IRQHandler
                0x08009f8a                MemManage_Handler
                0x08009f8a                AHB2AHB0_IRQHandler
                0x08009f8a                SVC_Handler
                0x08009f8a                SMU_S_PRIVILEGED_IRQHandler
                0x08009f8a                SW1_IRQHandler
                0x08009f8a                CMU_IRQHandler
                0x08009f8a                EUSART0_RX_IRQHandler
                0x08009f8a                RAC_RSM_IRQHandler
                0x08009f8a                SETAMPERHOST_IRQHandler
                0x08009f8a                GPIO_ODD_IRQHandler
                0x08009f8a                AES_IRQHandler
                0x08009f8a                M33CTI0_IRQHandler
                0x08009f8a                ICACHE0_IRQHandler
                0x08009f8a                SMU_NS_PRIVILEGED_IRQHandler
                0x08009f8a                FPUEXH_IRQHandler
                0x08009f8a                PROTIMER_IRQHandler
                0x08009f8a                ACMP1_IRQHandler
                0x08009f8a                BusFault_Handler
                0x08009f8a                MPAHBRAM_IRQHandler
 .text.FlashToRamCopy
                0x08009f8e       0x30 ./gecko_sdk_4.4.3/platform/Device/SiliconLabs/EFR32MG24/Source/system_efr32mg24.o
                0x08009f8e                FlashToRamCopy
 .text.SystemCLKIN0Get
                0x08009fbe        0x6 ./gecko_sdk_4.4.3/platform/Device/SiliconLabs/EFR32MG24/Source/system_efr32mg24.o
                0x08009fbe                SystemCLKIN0Get
 .text.SystemLFRCOClockGet
                0x08009fc4        0x8 ./gecko_sdk_4.4.3/platform/Device/SiliconLabs/EFR32MG24/Source/system_efr32mg24.o
                0x08009fc4                SystemLFRCOClockGet
 .text.SystemULFRCOClockGet
                0x08009fcc        0x8 ./gecko_sdk_4.4.3/platform/Device/SiliconLabs/EFR32MG24/Source/system_efr32mg24.o
                0x08009fcc                SystemULFRCOClockGet
 .text.assertEFM
                0x08009fd4        0xa ./gecko_sdk_4.4.3/platform/common/src/sl_assert.o
                0x08009fd4                assertEFM
 .text.sl_slist_init
                0x08009fde       0x10 ./gecko_sdk_4.4.3/platform/common/src/sl_slist.o
                0x08009fde                sl_slist_init
 .text.sl_debug_swo_enable_itm
                0x08009fee       0x26 ./gecko_sdk_4.4.3/platform/driver/debug/src/sl_debug_swo.o
                0x08009fee                sl_debug_swo_enable_itm
 .text.SystemCoreClockGet
                0x0800a014        0xc ./gecko_sdk_4.4.3/platform/emlib/src/em_cmu.o
 .text.BUS_RegBitRead
                0x0800a020       0x1a ./gecko_sdk_4.4.3/platform/emlib/src/em_cmu.o
 .text.BUS_RegMaskedWrite
                0x0800a03a       0x34 ./gecko_sdk_4.4.3/platform/emlib/src/em_cmu.o
 .text.sli_em_cmu_SYSCLKInitPreClockSelect
                0x0800a06e       0x1a ./gecko_sdk_4.4.3/platform/emlib/src/em_cmu.o
                0x0800a06e                sli_em_cmu_SYSCLKInitPreClockSelect
 .text.sli_em_cmu_SYSCLKInitPostClockSelect
                0x0800a088       0x2e ./gecko_sdk_4.4.3/platform/emlib/src/em_cmu.o
                0x0800a088                sli_em_cmu_SYSCLKInitPostClockSelect
 .text.CMU_UpdateWaitStates
                0x0800a0b6       0x28 ./gecko_sdk_4.4.3/platform/emlib/src/em_cmu.o
                0x0800a0b6                CMU_UpdateWaitStates
 .text.pclkDivMax
                0x0800a0de       0x10 ./gecko_sdk_4.4.3/platform/emlib/src/em_cmu.o
 .text.waitStateMax
                0x0800a0ee       0x14 ./gecko_sdk_4.4.3/platform/emlib/src/em_cmu.o
 .text.CORE_EnterCritical
                0x0800a102       0x18 ./gecko_sdk_4.4.3/platform/emlib/src/em_core.o
                0x0800a102                CORE_EnterCritical
 .text.CORE_ExitCritical
                0x0800a11a       0x14 ./gecko_sdk_4.4.3/platform/emlib/src/em_core.o
                0x0800a11a                CORE_ExitCritical
 .text.CORE_EnterAtomic
                0x0800a12e       0x20 ./gecko_sdk_4.4.3/platform/emlib/src/em_core.o
                0x0800a12e                CORE_EnterAtomic
 .text.CORE_ExitAtomic
                0x0800a14e       0x16 ./gecko_sdk_4.4.3/platform/emlib/src/em_core.o
                0x0800a14e                CORE_ExitAtomic
 .text.SystemCoreClockUpdate
                0x0800a164        0xa ./gecko_sdk_4.4.3/platform/emlib/src/em_emu.o
 .text.BUS_RegBitRead
                0x0800a16e       0x1a ./gecko_sdk_4.4.3/platform/emlib/src/em_emu.o
 .text.vScaleEM01Cmd
                0x0800a188       0x1c ./gecko_sdk_4.4.3/platform/emlib/src/em_emu.o
 .text.EMU_EFPEM23PresleepHook
                0x0800a1a4        0x4 ./gecko_sdk_4.4.3/platform/emlib/src/em_emu.o
                0x0800a1a4                EMU_EFPEM23PresleepHook
 .text.EMU_EFPEM23PostsleepHook
                0x0800a1a8        0x4 ./gecko_sdk_4.4.3/platform/emlib/src/em_emu.o
                0x0800a1a8                EMU_EFPEM23PostsleepHook
 .text.EMU_Save
                0x0800a1ac        0x4 ./gecko_sdk_4.4.3/platform/emlib/src/em_emu.o
                0x0800a1ac                EMU_Save
 .text.EMU_Restore
                0x0800a1b0        0x4 ./gecko_sdk_4.4.3/platform/emlib/src/em_emu.o
                0x0800a1b0                EMU_Restore
 .text.EMU_EFPEM01VScale
                0x0800a1b4        0xe ./gecko_sdk_4.4.3/platform/emlib/src/em_emu.o
                0x0800a1b4                EMU_EFPEM01VScale
 .text.EMU_DCDCUpdatedHook
                0x0800a1c2        0x4 ./gecko_sdk_4.4.3/platform/emlib/src/em_emu.o
                0x0800a1c2                EMU_DCDCUpdatedHook
 .text.BUS_RegMaskedWrite
                0x0800a1c6       0x34 ./gecko_sdk_4.4.3/platform/emlib/src/em_gpio.o
 .text.GPIO_DbgLocationSet
                0x0800a1fa        0xa ./gecko_sdk_4.4.3/platform/emlib/src/em_gpio.o
                0x0800a1fa                GPIO_DbgLocationSet
 .text.I2C_IntClear
                0x0800a204       0x18 ./gecko_sdk_4.4.3/platform/emlib/src/em_i2c.o
 .text.BUS_RegMaskedWrite
                0x0800a21c       0x34 ./gecko_sdk_4.4.3/platform/emlib/src/em_i2c.o
 .text.flushRx  0x0800a250       0x28 ./gecko_sdk_4.4.3/platform/emlib/src/em_i2c.o
 .text.IADC_command
                0x0800a278       0x12 ./gecko_sdk_4.4.3/platform/emlib/src/em_iadc.o
 .text.IADC_enable
                0x0800a28a       0x16 ./gecko_sdk_4.4.3/platform/emlib/src/em_iadc.o
 .text.IADC_ConvertRawDataToResult
                0x0800a2a0       0x72 ./gecko_sdk_4.4.3/platform/emlib/src/em_iadc.o
 .text.IADC_pullScanFifoResult
                0x0800a312       0x2e ./gecko_sdk_4.4.3/platform/emlib/src/em_iadc.o
                0x0800a312                IADC_pullScanFifoResult
 .text.USART_SpiTransfer
                0x0800a340       0x3a ./gecko_sdk_4.4.3/platform/emlib/src/em_usart.o
                0x0800a340                USART_SpiTransfer
 .text.sl_device_init_nvic
                0x0800a37a       0x38 ./gecko_sdk_4.4.3/platform/service/device_init/src/sl_device_init_nvic.o
                0x0800a37a                sl_device_init_nvic
 .text.sl_hfxo_manager_init_hardware
                0x0800a3b2        0xa ./gecko_sdk_4.4.3/platform/service/hfxo_manager/src/sl_hfxo_manager.o
                0x0800a3b2                sl_hfxo_manager_init_hardware
 .text.HFXO0_IRQHandler
                0x0800a3bc        0xa ./gecko_sdk_4.4.3/platform/service/hfxo_manager/src/sl_hfxo_manager_hal_s2.o
                0x0800a3bc                HFXO0_IRQHandler
 .text.sl_iostream_write
                0x0800a3c6       0x40 ./gecko_sdk_4.4.3/platform/service/iostream/src/sl_iostream.o
                0x0800a3c6                sl_iostream_write
 .text.sl_iostream_read
                0x0800a406       0x50 ./gecko_sdk_4.4.3/platform/service/iostream/src/sl_iostream.o
                0x0800a406                sl_iostream_read
 .text.sl_iostream_vprintf
                0x0800a456       0x64 ./gecko_sdk_4.4.3/platform/service/iostream/src/sl_iostream.o
                0x0800a456                sl_iostream_vprintf
 .text.sl_iostream_printf
                0x0800a4ba       0x26 ./gecko_sdk_4.4.3/platform/service/iostream/src/sl_iostream.o
                0x0800a4ba                sl_iostream_printf
 .text._close   0x0800a4e0        0xc ./gecko_sdk_4.4.3/platform/service/iostream/src/sl_iostream_retarget_stdio.o
                0x0800a4e0                _close
 .text._exit    0x0800a4ec        0x8 ./gecko_sdk_4.4.3/platform/service/iostream/src/sl_iostream_retarget_stdio.o
                0x0800a4ec                _exit
 .text._fstat   0x0800a4f4       0x16 ./gecko_sdk_4.4.3/platform/service/iostream/src/sl_iostream_retarget_stdio.o
                0x0800a4f4                _fstat
 .text._isatty  0x0800a50a        0xc ./gecko_sdk_4.4.3/platform/service/iostream/src/sl_iostream_retarget_stdio.o
                0x0800a50a                _isatty
 .text._lseek   0x0800a516       0x10 ./gecko_sdk_4.4.3/platform/service/iostream/src/sl_iostream_retarget_stdio.o
                0x0800a516                _lseek
 .text._read    0x0800a526       0x30 ./gecko_sdk_4.4.3/platform/service/iostream/src/sl_iostream_retarget_stdio.o
                0x0800a526                _read
 .text.sli_iostream_swo_itm_8_write
                0x0800a556       0xe8 ./gecko_sdk_4.4.3/platform/service/iostream/src/sl_iostream_swo_itm_8.o
                0x0800a556                sli_iostream_swo_itm_8_write
 .text.sli_power_manager_initiate_restore
                0x0800a63e       0x1c ./gecko_sdk_4.4.3/platform/service/power_manager/src/sl_power_manager.o
                0x0800a63e                sli_power_manager_initiate_restore
 .text.enter_critical_with_primask
                0x0800a65a       0x18 ./gecko_sdk_4.4.3/platform/service/power_manager/src/sl_power_manager.o
 .text.exit_critical_with_primask
                0x0800a672       0x14 ./gecko_sdk_4.4.3/platform/service/power_manager/src/sl_power_manager.o
 .text.SystemCoreClockUpdate
                0x0800a686        0xa ./gecko_sdk_4.4.3/platform/service/power_manager/src/sl_power_manager_hal_s2.o
 .text.sli_power_manager_get_default_high_frequency_minimum_offtime
                0x0800a690       0x10 ./gecko_sdk_4.4.3/platform/service/power_manager/src/sl_power_manager_hal_s2.o
                0x0800a690                sli_power_manager_get_default_high_frequency_minimum_offtime
 .text.sli_power_manager_low_frequency_restore
                0x0800a6a0        0x4 ./gecko_sdk_4.4.3/platform/service/power_manager/src/sl_power_manager_hal_s2.o
                0x0800a6a0                sli_power_manager_low_frequency_restore
 .text.sl_sleeptimer_start_timer
                0x0800a6a4       0x66 ./gecko_sdk_4.4.3/platform/service/sleeptimer/src/sl_sleeptimer.o
                0x0800a6a4                sl_sleeptimer_start_timer
 .text.sl_sleeptimer_restart_timer
                0x0800a70a       0x4e ./gecko_sdk_4.4.3/platform/service/sleeptimer/src/sl_sleeptimer.o
                0x0800a70a                sl_sleeptimer_restart_timer
 .text.sl_sleeptimer_get_tick_count
                0x0800a758       0x20 ./gecko_sdk_4.4.3/platform/service/sleeptimer/src/sl_sleeptimer.o
                0x0800a758                sl_sleeptimer_get_tick_count
 .text.delay_callback
                0x0800a778       0x16 ./gecko_sdk_4.4.3/platform/service/sleeptimer/src/sl_sleeptimer.o
 .text.sli_sleeptimer_get_capture
                0x0800a78e        0xc ./gecko_sdk_4.4.3/platform/service/sleeptimer/src/sl_sleeptimer.o
                0x0800a78e                sli_sleeptimer_get_capture
 .text.sli_sleeptimer_reset_prs_signal
                0x0800a79a        0xa ./gecko_sdk_4.4.3/platform/service/sleeptimer/src/sl_sleeptimer.o
                0x0800a79a                sli_sleeptimer_reset_prs_signal
 .text.sl_power_manager_add_em_requirement
                0x0800a7a4       0x2a ./gecko_sdk_4.4.3/platform/service/sleeptimer/src/sl_sleeptimer_hal_sysrtc.o
 .text.sleeptimer_hal_init_timer
                0x0800a7ce       0x76 ./gecko_sdk_4.4.3/platform/service/sleeptimer/src/sl_sleeptimer_hal_sysrtc.o
                0x0800a7ce                sleeptimer_hal_init_timer
 .text.sleeptimer_hal_get_counter
                0x0800a844        0xc ./gecko_sdk_4.4.3/platform/service/sleeptimer/src/sl_sleeptimer_hal_sysrtc.o
                0x0800a844                sleeptimer_hal_get_counter
 .text.sleeptimer_hal_get_compare
                0x0800a850       0x10 ./gecko_sdk_4.4.3/platform/service/sleeptimer/src/sl_sleeptimer_hal_sysrtc.o
                0x0800a850                sleeptimer_hal_get_compare
 .text.sleeptimer_hal_enable_int
                0x0800a860       0x46 ./gecko_sdk_4.4.3/platform/service/sleeptimer/src/sl_sleeptimer_hal_sysrtc.o
                0x0800a860                sleeptimer_hal_enable_int
 .text.sli_sleeptimer_hal_is_int_status_set
                0x0800a8a6       0x5a ./gecko_sdk_4.4.3/platform/service/sleeptimer/src/sl_sleeptimer_hal_sysrtc.o
                0x0800a8a6                sli_sleeptimer_hal_is_int_status_set
 .text.SYSRTC_APP_IRQHandler
                0x0800a900       0x6a ./gecko_sdk_4.4.3/platform/service/sleeptimer/src/sl_sleeptimer_hal_sysrtc.o
                0x0800a900                SYSRTC_APP_IRQHandler
 .text.sleeptimer_hal_get_timer_frequency
                0x0800a96a        0xe ./gecko_sdk_4.4.3/platform/service/sleeptimer/src/sl_sleeptimer_hal_sysrtc.o
                0x0800a96a                sleeptimer_hal_get_timer_frequency
 .text.get_time_diff
                0x0800a978       0x12 ./gecko_sdk_4.4.3/platform/service/sleeptimer/src/sl_sleeptimer_hal_sysrtc.o
 .text.sleeptimer_hal_get_capture
                0x0800a98a       0x2a ./gecko_sdk_4.4.3/platform/service/sleeptimer/src/sl_sleeptimer_hal_sysrtc.o
                0x0800a98a                sleeptimer_hal_get_capture
 .text.sleeptimer_hal_reset_prs_signal
                0x0800a9b4        0xe ./gecko_sdk_4.4.3/platform/service/sleeptimer/src/sl_sleeptimer_hal_sysrtc.o
                0x0800a9b4                sleeptimer_hal_reset_prs_signal
 .text.sl_system_init
                0x0800a9c2       0x1a ./gecko_sdk_4.4.3/platform/service/system/src/sl_system_init.o
                0x0800a9c2                sl_system_init
 .text.sl_system_process_action
                0x0800a9dc       0x16 ./gecko_sdk_4.4.3/platform/service/system/src/sl_system_process_action.o
                0x0800a9dc                sl_system_process_action
 .text.SystemCoreClockGet
                0x0800a9f2        0xc ./gecko_sdk_4.4.3/platform/service/udelay/src/sl_udelay.o
 .text._fwalk_sglue
                0x0800a9fe       0x3c c:/siliconlabs/simplicitystudio/v5/developer/toolchains/gnu_arm/12.2.rel1_2023.7/bin/../lib/gcc/arm-none-eabi/12.2.1/thumb/v8-m.main+fp/hard\libc_nano.a(libc_a-fwalk.o)
                0x0800a9fe                _fwalk_sglue
 .text.__sread  0x0800aa3a       0x22 c:/siliconlabs/simplicitystudio/v5/developer/toolchains/gnu_arm/12.2.rel1_2023.7/bin/../lib/gcc/arm-none-eabi/12.2.1/thumb/v8-m.main+fp/hard\libc_nano.a(libc_a-stdio.o)
                0x0800aa3a                __sread
 .text.__swrite
                0x0800aa5c       0x38 c:/siliconlabs/simplicitystudio/v5/developer/toolchains/gnu_arm/12.2.rel1_2023.7/bin/../lib/gcc/arm-none-eabi/12.2.1/thumb/v8-m.main+fp/hard\libc_nano.a(libc_a-stdio.o)
                0x0800aa5c                __swrite
 .text.__sseek  0x0800aa94       0x24 c:/siliconlabs/simplicitystudio/v5/developer/toolchains/gnu_arm/12.2.rel1_2023.7/bin/../lib/gcc/arm-none-eabi/12.2.1/thumb/v8-m.main+fp/hard\libc_nano.a(libc_a-stdio.o)
                0x0800aa94                __sseek
 .text.__sclose
                0x0800aab8        0x8 c:/siliconlabs/simplicitystudio/v5/developer/toolchains/gnu_arm/12.2.rel1_2023.7/bin/../lib/gcc/arm-none-eabi/12.2.1/thumb/v8-m.main+fp/hard\libc_nano.a(libc_a-stdio.o)
                0x0800aab8                __sclose
 .text.memset   0x0800aac0       0x10 c:/siliconlabs/simplicitystudio/v5/developer/toolchains/gnu_arm/12.2.rel1_2023.7/bin/../lib/gcc/arm-none-eabi/12.2.1/thumb/v8-m.main+fp/hard\libc_nano.a(libc_a-memset.o)
                0x0800aac0                memset
 .text.__retarget_lock_init_recursive
                0x0800aad0        0x2 c:/siliconlabs/simplicitystudio/v5/developer/toolchains/gnu_arm/12.2.rel1_2023.7/bin/../lib/gcc/arm-none-eabi/12.2.1/thumb/v8-m.main+fp/hard\libc_nano.a(libc_a-lock.o)
                0x0800aad0                __retarget_lock_init_recursive
 .text.__retarget_lock_acquire_recursive
                0x0800aad2        0x2 c:/siliconlabs/simplicitystudio/v5/developer/toolchains/gnu_arm/12.2.rel1_2023.7/bin/../lib/gcc/arm-none-eabi/12.2.1/thumb/v8-m.main+fp/hard\libc_nano.a(libc_a-lock.o)
                0x0800aad2                __retarget_lock_acquire_recursive
 .text.__retarget_lock_release_recursive
                0x0800aad4        0x2 c:/siliconlabs/simplicitystudio/v5/developer/toolchains/gnu_arm/12.2.rel1_2023.7/bin/../lib/gcc/arm-none-eabi/12.2.1/thumb/v8-m.main+fp/hard\libc_nano.a(libc_a-lock.o)
                0x0800aad4                __retarget_lock_release_recursive
 .text.__sfputc_r
                0x0800aad6       0x2e c:/siliconlabs/simplicitystudio/v5/developer/toolchains/gnu_arm/12.2.rel1_2023.7/bin/../lib/gcc/arm-none-eabi/12.2.1/thumb/v8-m.main+fp/hard\libc_nano.a(libc_a-nano-vfprintf.o)
 .text.__sfputs_r
                0x0800ab04       0x24 c:/siliconlabs/simplicitystudio/v5/developer/toolchains/gnu_arm/12.2.rel1_2023.7/bin/../lib/gcc/arm-none-eabi/12.2.1/thumb/v8-m.main+fp/hard\libc_nano.a(libc_a-nano-vfprintf.o)
                0x0800ab04                __sfputs_r
 .text._printf_common
                0x0800ab28       0xe4 c:/siliconlabs/simplicitystudio/v5/developer/toolchains/gnu_arm/12.2.rel1_2023.7/bin/../lib/gcc/arm-none-eabi/12.2.1/thumb/v8-m.main+fp/hard\libc_nano.a(libc_a-nano-vfprintf_i.o)
                0x0800ab28                _printf_common
 .text.__sflush_r
                0x0800ac0c      0x106 c:/siliconlabs/simplicitystudio/v5/developer/toolchains/gnu_arm/12.2.rel1_2023.7/bin/../lib/gcc/arm-none-eabi/12.2.1/thumb/v8-m.main+fp/hard\libc_nano.a(libc_a-fflush.o)
                0x0800ac0c                __sflush_r
 .text._fflush_r
                0x0800ad12       0x50 c:/siliconlabs/simplicitystudio/v5/developer/toolchains/gnu_arm/12.2.rel1_2023.7/bin/../lib/gcc/arm-none-eabi/12.2.1/thumb/v8-m.main+fp/hard\libc_nano.a(libc_a-fflush.o)
                0x0800ad12                _fflush_r
 .text.__swhatbuf_r
                0x0800ad62       0x4a c:/siliconlabs/simplicitystudio/v5/developer/toolchains/gnu_arm/12.2.rel1_2023.7/bin/../lib/gcc/arm-none-eabi/12.2.1/thumb/v8-m.main+fp/hard\libc_nano.a(libc_a-makebuf.o)
                0x0800ad62                __swhatbuf_r
 .text.__smakebuf_r
                0x0800adac       0x78 c:/siliconlabs/simplicitystudio/v5/developer/toolchains/gnu_arm/12.2.rel1_2023.7/bin/../lib/gcc/arm-none-eabi/12.2.1/thumb/v8-m.main+fp/hard\libc_nano.a(libc_a-makebuf.o)
                0x0800adac                __smakebuf_r
 .text.__swbuf_r
                0x0800ae24       0x7c c:/siliconlabs/simplicitystudio/v5/developer/toolchains/gnu_arm/12.2.rel1_2023.7/bin/../lib/gcc/arm-none-eabi/12.2.1/thumb/v8-m.main+fp/hard\libc_nano.a(libc_a-wbuf.o)
                0x0800ae24                __swbuf_r
 .text.memchr   0x0800aea0       0x1c c:/siliconlabs/simplicitystudio/v5/developer/toolchains/gnu_arm/12.2.rel1_2023.7/bin/../lib/gcc/arm-none-eabi/12.2.1/thumb/v8-m.main+fp/hard\libc_nano.a(libc_a-memchr-stub.o)
                0x0800aea0                memchr
                0x0800aec0                . = ALIGN (0x20)
 *fill*         0x0800aebc        0x4 
                0x0800aec0                linker_code_end = .
 *(.init)
 .init          0x0800aec0        0x4 c:/siliconlabs/simplicitystudio/v5/developer/toolchains/gnu_arm/12.2.rel1_2023.7/bin/../lib/gcc/arm-none-eabi/12.2.1/thumb/v8-m.main+fp/hard/crti.o
                0x0800aec0                _init
 .init          0x0800aec4        0x8 c:/siliconlabs/simplicitystudio/v5/developer/toolchains/gnu_arm/12.2.rel1_2023.7/bin/../lib/gcc/arm-none-eabi/12.2.1/thumb/v8-m.main+fp/hard/crtn.o
 *(.fini)
 .fini          0x0800aecc        0x4 c:/siliconlabs/simplicitystudio/v5/developer/toolchains/gnu_arm/12.2.rel1_2023.7/bin/../lib/gcc/arm-none-eabi/12.2.1/thumb/v8-m.main+fp/hard/crti.o
                0x0800aecc                _fini
 .fini          0x0800aed0        0x8 c:/siliconlabs/simplicitystudio/v5/developer/toolchains/gnu_arm/12.2.rel1_2023.7/bin/../lib/gcc/arm-none-eabi/12.2.1/thumb/v8-m.main+fp/hard/crtn.o
 *crtbegin.o(.ctors)
 *crtbegin?.o(.ctors)
 *(EXCLUDE_FILE(*crtend.o *crtend?.o) .ctors)
 *(SORT_BY_NAME(.ctors.*))
 *(.ctors)
 *crtbegin.o(.dtors)
 *crtbegin?.o(.dtors)
 *(EXCLUDE_FILE(*crtend.o *crtend?.o) .dtors)
 *(SORT_BY_NAME(.dtors.*))
 *(.dtors)
                0x0800aed8                __code_classification_validator_start__ = .
                0x0800aef8                . = (. + 0x20)
 *fill*         0x0800aed8       0x20 
 *(code_classification_validator)
                0x0800af00                . = ALIGN (0x20)
 *fill*         0x0800aef8        0x8 
                0x0800af00                __code_classification_validator_end__ = .
 *(.rodata*)
 .rodata        0x0800af00       0x35 ./app.o
 *fill*         0x0800af35        0x3 
 .rodata        0x0800af38       0x28 ./iadc.o
 .rodata        0x0800af60       0xa9 ./gecko_sdk_4.4.3/app/bluetooth/common/sensor_rht/sl_sensor_rht.o
 *fill*         0x0800b009        0x3 
 .rodata.__func__.0
                0x0800b00c       0x13 ./gecko_sdk_4.4.3/app/bluetooth/common/sensor_rht/sl_sensor_rht.o
 *fill*         0x0800b01f        0x1 
 .rodata        0x0800b020       0x43 ./gecko_sdk_4.4.3/hardware/board/src/sl_board_control_gpio.o
 *fill*         0x0800b063        0x1 
 .rodata        0x0800b064       0x54 ./gecko_sdk_4.4.3/hardware/driver/mx25_flash_shutdown/src/sl_mx25_flash_shutdown_usart/sl_mx25_flash_shutdown.o
 .rodata        0x0800b0b8       0x37 ./gecko_sdk_4.4.3/platform/common/src/sl_slist.o
 *fill*         0x0800b0ef        0x1 
 .rodata        0x0800b0f0       0x34 ./gecko_sdk_4.4.3/platform/driver/debug/src/sl_debug_swo.o
 .rodata        0x0800b124       0x77 ./gecko_sdk_4.4.3/platform/driver/i2cspm/src/sl_i2cspm.o
 *fill*         0x0800b19b        0x1 
 .rodata        0x0800b19c       0x68 ./gecko_sdk_4.4.3/platform/emlib/src/em_cmu.o
 .rodata        0x0800b204       0x34 ./gecko_sdk_4.4.3/platform/emlib/src/em_emu.o
 .rodata        0x0800b238       0xa1 ./gecko_sdk_4.4.3/platform/emlib/src/em_gpio.o
 *fill*         0x0800b2d9        0x3 
 .rodata        0x0800b2dc       0x68 ./gecko_sdk_4.4.3/platform/emlib/src/em_i2c.o
 .rodata.i2cNSum
                0x0800b344        0x4 ./gecko_sdk_4.4.3/platform/emlib/src/em_i2c.o
 .rodata        0x0800b348       0x50 ./gecko_sdk_4.4.3/platform/emlib/src/em_iadc.o
 .rodata        0x0800b398       0x34 ./gecko_sdk_4.4.3/platform/emlib/src/em_prs.o
 .rodata        0x0800b3cc       0x36 ./gecko_sdk_4.4.3/platform/emlib/src/em_usart.o
 *fill*         0x0800b402        0x2 
 .rodata        0x0800b404       0x44 ./gecko_sdk_4.4.3/platform/peripheral/src/peripheral_sysrtc.o
 .rodata        0x0800b448        0x7 ./gecko_sdk_4.4.3/platform/service/device_init/src/sl_device_init_dcdc_s2.o
 *fill*         0x0800b44f        0x1 
 .rodata        0x0800b450       0x28 ./gecko_sdk_4.4.3/platform/service/device_init/src/sl_device_init_hfxo_s2.o
 .rodata        0x0800b478       0x14 ./gecko_sdk_4.4.3/platform/service/device_init/src/sl_device_init_lfxo_s2.o
 .rodata        0x0800b48c       0x4c ./gecko_sdk_4.4.3/platform/service/hfxo_manager/src/sl_hfxo_manager.o
 .rodata        0x0800b4d8       0x53 ./gecko_sdk_4.4.3/platform/service/iostream/src/sl_iostream_retarget_stdio.o
 *fill*         0x0800b52b        0x1 
 .rodata        0x0800b52c       0x4e ./gecko_sdk_4.4.3/platform/service/iostream/src/sl_iostream_swo_itm_8.o
 *fill*         0x0800b57a        0x2 
 .rodata        0x0800b57c       0x4e ./gecko_sdk_4.4.3/platform/service/power_manager/src/sl_power_manager.o
 *fill*         0x0800b5ca        0x2 
 .rodata        0x0800b5cc       0x55 ./gecko_sdk_4.4.3/platform/service/power_manager/src/sl_power_manager_hal_s2.o
 *fill*         0x0800b621        0x3 
 .rodata        0x0800b624       0x48 ./gecko_sdk_4.4.3/platform/service/sleeptimer/src/sl_sleeptimer.o
 .rodata        0x0800b66c       0x40 ./gecko_sdk_4.4.3/platform/service/udelay/src/sl_udelay.o
 .rodata._vfprintf_r.str1.1
                0x0800b6ac       0x11 c:/siliconlabs/simplicitystudio/v5/developer/toolchains/gnu_arm/12.2.rel1_2023.7/bin/../lib/gcc/arm-none-eabi/12.2.1/thumb/v8-m.main+fp/hard\libc_nano.a(libc_a-nano-vfprintf.o)
 .rodata._printf_i.str1.1
                0x0800b6bd       0x22 c:/siliconlabs/simplicitystudio/v5/developer/toolchains/gnu_arm/12.2.rel1_2023.7/bin/../lib/gcc/arm-none-eabi/12.2.1/thumb/v8-m.main+fp/hard\libc_nano.a(libc_a-nano-vfprintf_i.o)
 *(.eh_frame*)
 *fill*         0x0800b6df        0x1 
 .eh_frame      0x0800b6e0        0x0 c:/siliconlabs/simplicitystudio/v5/developer/toolchains/gnu_arm/12.2.rel1_2023.7/bin/../lib/gcc/arm-none-eabi/12.2.1/thumb/v8-m.main+fp/hard/crtbegin.o

.glue_7         0x0800b6e0        0x0
 .glue_7        0x0800b6e0        0x0 linker stubs

.glue_7t        0x0800b6e0        0x0
 .glue_7t       0x0800b6e0        0x0 linker stubs

.vfp11_veneer   0x0800b6e0        0x0
 .vfp11_veneer  0x0800b6e0        0x0 linker stubs

.v4_bx          0x0800b6e0        0x0
 .v4_bx         0x0800b6e0        0x0 linker stubs

.iplt           0x0800b6e0        0x0
 .iplt          0x0800b6e0        0x0 c:/siliconlabs/simplicitystudio/v5/developer/toolchains/gnu_arm/12.2.rel1_2023.7/bin/../lib/gcc/arm-none-eabi/12.2.1/thumb/v8-m.main+fp/hard/crtbegin.o

.ARM.extab
 *(.ARM.extab* .gnu.linkonce.armextab.*)
                0x0800b6e0                __exidx_start = .

.ARM.exidx      0x0800b6e0        0x8
 *(.ARM.exidx* .gnu.linkonce.armexidx.*)
 .ARM.exidx     0x0800b6e0        0x8 c:/siliconlabs/simplicitystudio/v5/developer/toolchains/gnu_arm/12.2.rel1_2023.7/bin/../lib/gcc/arm-none-eabi/12.2.1/thumb/v8-m.main+fp/hard/crt0.o
                                 0x10 (size before relaxing)
 .ARM.exidx.text.__udivmoddi4
                0x0800b6e8        0x0 c:/siliconlabs/simplicitystudio/v5/developer/toolchains/gnu_arm/12.2.rel1_2023.7/bin/../lib/gcc/arm-none-eabi/12.2.1/thumb/v8-m.main+fp/hard\libgcc.a(_udivmoddi4.o)
                                  0x8 (size before relaxing)
                0x0800b6e8                __exidx_end = .

.rel.dyn        0x0800b6e8        0x0
 .rel.iplt      0x0800b6e8        0x0 c:/siliconlabs/simplicitystudio/v5/developer/toolchains/gnu_arm/12.2.rel1_2023.7/bin/../lib/gcc/arm-none-eabi/12.2.1/thumb/v8-m.main+fp/hard/crtbegin.o

.copy.table     0x0800b6e8        0xc
                0x0800b6e8                . = ALIGN (0x4)
                0x0800b6e8                __copy_table_start__ = .
                0x0800b6e8        0x4 LONG 0x800b6f4 __etext
                0x0800b6ec        0x4 LONG 0x20001000 __data_start__
                0x0800b6f0        0x4 LONG 0x3e ((__data_end__ - __data_start__) / 0x4)
                0x0800b6f4                __copy_table_end__ = .

.zero.table     0x0800b6f4        0x0
                0x0800b6f4                . = ALIGN (0x4)
                0x0800b6f4                __zero_table_start__ = .
                0x0800b6f4                __zero_table_end__ = .
                0x0800b6f4                __etext = .
                0x20000000                . = ORIGIN (RAM)

.stack          0x20000000     0x1000
                0x20000000                __StackLimit = .
 *(.stack*)
 .stack         0x20000000     0x1000 ./gecko_sdk_4.4.3/platform/common/toolchain/src/sl_memory.o
                0x20001000                . = ALIGN (0x4)
                0x20001000                __StackTop = .
                0x20001000                PROVIDE (__stack = __StackTop)

.noinit
 *(.noinit*)

.data           0x20001000       0xf8 load address 0x0800b6f4
                0x20001000                . = ALIGN (0x4)
                0x20001000                __data_start__ = .
 *(vtable)
 *(SORT_BY_ALIGNMENT(.data*))
 .data.init_scan_table
                0x20001000       0x50 ./iadc.o