Archive member included to satisfy reference by file (symbol)

c:/siliconlabs/simplicitystudio/v5/developer/toolchains/gnu_arm/12.2.rel1_2023.7/bin/../lib/gcc/arm-none-eabi/12.2.1/thumb/v8-m.main+fp/hard\libgcc.a(_aeabi_ldivmod.o)
                              ./gecko_sdk_4.4.3/platform/emlib/src/em_usart.o (__aeabi_ldivmod)
c:/siliconlabs/simplicitystudio/v5/developer/toolchains/gnu_arm/12.2.rel1_2023.7/bin/../lib/gcc/arm-none-eabi/12.2.1/thumb/v8-m.main+fp/hard\libgcc.a(_aeabi_uldivmod.o)
                              ./gecko_sdk_4.4.3/app/common/util/app_timer/app_timer.o (__aeabi_uldivmod)
c:/siliconlabs/simplicitystudio/v5/developer/toolchains/gnu_arm/12.2.rel1_2023.7/bin/../lib/gcc/arm-none-eabi/12.2.1/thumb/v8-m.main+fp/hard\libgcc.a(_udivmoddi4.o)
                              c:/siliconlabs/simplicitystudio/v5/developer/toolchains/gnu_arm/12.2.rel1_2023.7/bin/../lib/gcc/arm-none-eabi/12.2.1/thumb/v8-m.main+fp/hard\libgcc.a(_aeabi_ldivmod.o) (__udivmoddi4)
c:/siliconlabs/simplicitystudio/v5/developer/toolchains/gnu_arm/12.2.rel1_2023.7/bin/../lib/gcc/arm-none-eabi/12.2.1/thumb/v8-m.main+fp/hard\libgcc.a(_dvmd_tls.o)
                              c:/siliconlabs/simplicitystudio/v5/developer/toolchains/gnu_arm/12.2.rel1_2023.7/bin/../lib/gcc/arm-none-eabi/12.2.1/thumb/v8-m.main+fp/hard\libgcc.a(_aeabi_ldivmod.o) (__aeabi_ldiv0)
c:/siliconlabs/simplicitystudio/v5/developer/toolchains/gnu_arm/12.2.rel1_2023.7/bin/../lib/gcc/arm-none-eabi/12.2.1/thumb/v8-m.main+fp/hard\libc_nano.a(libc_a-exit.o)
                              c:/siliconlabs/simplicitystudio/v5/developer/toolchains/gnu_arm/12.2.rel1_2023.7/bin/../lib/gcc/arm-none-eabi/12.2.1/thumb/v8-m.main+fp/hard/crt0.o (exit)
c:/siliconlabs/simplicitystudio/v5/developer/toolchains/gnu_arm/12.2.rel1_2023.7/bin/../lib/gcc/arm-none-eabi/12.2.1/thumb/v8-m.main+fp/hard\libc_nano.a(libc_a-findfp.o)
                              c:/siliconlabs/simplicitystudio/v5/developer/toolchains/gnu_arm/12.2.rel1_2023.7/bin/../lib/gcc/arm-none-eabi/12.2.1/thumb/v8-m.main+fp/hard\libc_nano.a(libc_a-exit.o) (__stdio_exit_handler)
c:/siliconlabs/simplicitystudio/v5/developer/toolchains/gnu_arm/12.2.rel1_2023.7/bin/../lib/gcc/arm-none-eabi/12.2.1/thumb/v8-m.main+fp/hard\libc_nano.a(libc_a-fwalk.o)
                              c:/siliconlabs/simplicitystudio/v5/developer/toolchains/gnu_arm/12.2.rel1_2023.7/bin/../lib/gcc/arm-none-eabi/12.2.1/thumb/v8-m.main+fp/hard\libc_nano.a(libc_a-findfp.o) (_fwalk_sglue)
c:/siliconlabs/simplicitystudio/v5/developer/toolchains/gnu_arm/12.2.rel1_2023.7/bin/../lib/gcc/arm-none-eabi/12.2.1/thumb/v8-m.main+fp/hard\libc_nano.a(libc_a-setvbuf.o)
                              ./gecko_sdk_4.4.3/platform/service/iostream/src/sl_iostream_stdlib_config.o (setvbuf)
c:/siliconlabs/simplicitystudio/v5/developer/toolchains/gnu_arm/12.2.rel1_2023.7/bin/../lib/gcc/arm-none-eabi/12.2.1/thumb/v8-m.main+fp/hard\libc_nano.a(libc_a-stdio.o)
                              c:/siliconlabs/simplicitystudio/v5/developer/toolchains/gnu_arm/12.2.rel1_2023.7/bin/../lib/gcc/arm-none-eabi/12.2.1/thumb/v8-m.main+fp/hard\libc_nano.a(libc_a-findfp.o) (__sread)
c:/siliconlabs/simplicitystudio/v5/developer/toolchains/gnu_arm/12.2.rel1_2023.7/bin/../lib/gcc/arm-none-eabi/12.2.1/thumb/v8-m.main+fp/hard\libc_nano.a(libc_a-vprintf.o)
                              ./gecko_sdk_4.4.3/platform/service/iostream/src/sl_iostream.o (vprintf)
c:/siliconlabs/simplicitystudio/v5/developer/toolchains/gnu_arm/12.2.rel1_2023.7/bin/../lib/gcc/arm-none-eabi/12.2.1/thumb/v8-m.main+fp/hard\libc_nano.a(libc_a-memset.o)
                              c:/siliconlabs/simplicitystudio/v5/developer/toolchains/gnu_arm/12.2.rel1_2023.7/bin/../lib/gcc/arm-none-eabi/12.2.1/thumb/v8-m.main+fp/hard/crt0.o (memset)
c:/siliconlabs/simplicitystudio/v5/developer/toolchains/gnu_arm/12.2.rel1_2023.7/bin/../lib/gcc/arm-none-eabi/12.2.1/thumb/v8-m.main+fp/hard\libc_nano.a(libc_a-closer.o)
                              c:/siliconlabs/simplicitystudio/v5/developer/toolchains/gnu_arm/12.2.rel1_2023.7/bin/../lib/gcc/arm-none-eabi/12.2.1/thumb/v8-m.main+fp/hard\libc_nano.a(libc_a-stdio.o) (_close_r)
c:/siliconlabs/simplicitystudio/v5/developer/toolchains/gnu_arm/12.2.rel1_2023.7/bin/../lib/gcc/arm-none-eabi/12.2.1/thumb/v8-m.main+fp/hard\libc_nano.a(libc_a-reent.o)
                              c:/siliconlabs/simplicitystudio/v5/developer/toolchains/gnu_arm/12.2.rel1_2023.7/bin/../lib/gcc/arm-none-eabi/12.2.1/thumb/v8-m.main+fp/hard\libc_nano.a(libc_a-closer.o) (errno)
c:/siliconlabs/simplicitystudio/v5/developer/toolchains/gnu_arm/12.2.rel1_2023.7/bin/../lib/gcc/arm-none-eabi/12.2.1/thumb/v8-m.main+fp/hard\libc_nano.a(libc_a-impure.o)
                              ./gecko_sdk_4.4.3/platform/service/iostream/src/sl_iostream_stdlib_config.o (_impure_ptr)
c:/siliconlabs/simplicitystudio/v5/developer/toolchains/gnu_arm/12.2.rel1_2023.7/bin/../lib/gcc/arm-none-eabi/12.2.1/thumb/v8-m.main+fp/hard\libc_nano.a(libc_a-lseekr.o)
[...]
Memory Configuration

Name             Origin             Length             Attributes
FLASH            0x08000000         0x0017e000         xr
RAM              0x20000000         0x00040000         xrw
*default*        0x00000000         0xffffffff

Linker script and memory map

LOAD c:/siliconlabs/simplicitystudio/v5/developer/toolchains/gnu_arm/12.2.rel1_2023.7/bin/../lib/gcc/arm-none-eabi/12.2.1/thumb/v8-m.main+fp/hard/crti.o
LOAD c:/siliconlabs/simplicitystudio/v5/developer/toolchains/gnu_arm/12.2.rel1_2023.7/bin/../lib/gcc/arm-none-eabi/12.2.1/thumb/v8-m.main+fp/hard/crtbegin.o
LOAD c:/siliconlabs/simplicitystudio/v5/developer/toolchains/gnu_arm/12.2.rel1_2023.7/bin/../lib/gcc/arm-none-eabi/12.2.1/thumb/v8-m.main+fp/hard/crt0.o
START GROUP
LOAD ./app.o
LOAD ./iadc.o
LOAD ./main.o
LOAD ./thermometer.o
LOAD ./autogen/sl_board_default_init.o
LOAD ./autogen/sl_device_init_clocks.o
LOAD ./autogen/sl_event_handler.o
LOAD ./autogen/sl_i2cspm_init.o
LOAD ./autogen/sl_iostream_handles.o
LOAD ./autogen/sl_power_manager_handler.o
LOAD ./gecko_sdk_4.4.3/app/bluetooth/common/sensor_rht/sl_sensor_rht.o
LOAD ./gecko_sdk_4.4.3/app/bluetooth/common/sensor_select/sl_sensor_select.o
LOAD ./gecko_sdk_4.4.3/app/common/util/app_log/app_log.o
LOAD ./gecko_sdk_4.4.3/app/common/util/app_timer/app_timer.o
LOAD ./gecko_sdk_4.4.3/hardware/board/src/sl_board_control_gpio.o
LOAD ./gecko_sdk_4.4.3/hardware/board/src/sl_board_init.o
LOAD ./gecko_sdk_4.4.3/hardware/driver/mx25_flash_shutdown/src/sl_mx25_flash_shutdown_usart/sl_mx25_flash_shutdown.o
LOAD ./gecko_sdk_4.4.3/hardware/driver/si70xx/src/sl_si70xx.o
LOAD ./gecko_sdk_4.4.3/platform/Device/SiliconLabs/EFR32MG24/Source/startup_efr32mg24.o
LOAD ./gecko_sdk_4.4.3/platform/Device/SiliconLabs/EFR32MG24/Source/system_efr32mg24.o
LOAD ./gecko_sdk_4.4.3/platform/common/src/sl_assert.o
LOAD ./gecko_sdk_4.4.3/platform/common/src/sl_slist.o
LOAD ./gecko_sdk_4.4.3/platform/common/src/sl_stdio.o
LOAD ./gecko_sdk_4.4.3/platform/common/src/sl_syscalls.o
LOAD ./gecko_sdk_4.4.3/platform/common/toolchain/src/sl_memory.o
LOAD ./gecko_sdk_4.4.3/platform/driver/debug/src/sl_debug_swo.o
LOAD ./gecko_sdk_4.4.3/platform/driver/i2cspm/src/sl_i2cspm.o
LOAD ./gecko_sdk_4.4.3/platform/emlib/src/em_burtc.o
LOAD ./gecko_sdk_4.4.3/platform/emlib/src/em_cmu.o
LOAD ./gecko_sdk_4.4.3/platform/emlib/src/em_core.o
LOAD ./gecko_sdk_4.4.3/platform/emlib/src/em_emu.o
LOAD ./gecko_sdk_4.4.3/platform/emlib/src/em_gpio.o
LOAD ./gecko_sdk_4.4.3/platform/emlib/src/em_i2c.o
LOAD ./gecko_sdk_4.4.3/platform/emlib/src/em_iadc.o
LOAD ./gecko_sdk_4.4.3/platform/emlib/src/em_ldma.o
LOAD ./gecko_sdk_4.4.3/platform/emlib/src/em_msc.o
LOAD ./gecko_sdk_4.4.3/platform/emlib/src/em_prs.o
LOAD ./gecko_sdk_4.4.3/platform/emlib/src/em_system.o
LOAD ./gecko_sdk_4.4.3/platform/emlib/src/em_timer.o
LOAD ./gecko_sdk_4.4.3/platform/emlib/src/em_usart.o
LOAD ./gecko_sdk_4.4.3/platform/peripheral/src/peripheral_sysrtc.o
LOAD ./gecko_sdk_4.4.3/platform/service/device_init/src/sl_device_init_dcdc_s2.o
LOAD ./gecko_sdk_4.4.3/platform/service/device_init/src/sl_device_init_emu_s2.o
LOAD ./gecko_sdk_4.4.3/platform/service/device_init/src/sl_device_init_hfxo_s2.o
LOAD ./gecko_sdk_4.4.3/platform/service/device_init/src/sl_device_init_lfxo_s2.o
LOAD ./gecko_sdk_4.4.3/platform/service/device_init/src/sl_device_init_nvic.o
LOAD ./gecko_sdk_4.4.3/platform/service/hfxo_manager/src/sl_hfxo_manager.o
LOAD ./gecko_sdk_4.4.3/platform/service/hfxo_manager/src/sl_hfxo_manager_hal_s2.o
LOAD ./gecko_sdk_4.4.3/platform/service/iostream/src/sl_iostream.o
LOAD ./gecko_sdk_4.4.3/platform/service/iostream/src/sl_iostream_debug.o
LOAD ./gecko_sdk_4.4.3/platform/service/iostream/src/sl_iostream_retarget_stdio.o
LOAD ./gecko_sdk_4.4.3/platform/service/iostream/src/sl_iostream_stdlib_config.o
LOAD ./gecko_sdk_4.4.3/platform/service/iostream/src/sl_iostream_swo_itm_8.o
LOAD ./gecko_sdk_4.4.3/platform/service/power_manager/src/sl_power_manager.o
LOAD ./gecko_sdk_4.4.3/platform/service/power_manager/src/sl_power_manager_debug.o
LOAD ./gecko_sdk_4.4.3/platform/service/power_manager/src/sl_power_manager_hal_s2.o
LOAD ./gecko_sdk_4.4.3/platform/service/sleeptimer/src/sl_sleeptimer.o
LOAD ./gecko_sdk_4.4.3/platform/service/sleeptimer/src/sl_sleeptimer_hal_burtc.o
LOAD ./gecko_sdk_4.4.3/platform/service/sleeptimer/src/sl_sleeptimer_hal_sysrtc.o
LOAD ./gecko_sdk_4.4.3/platform/service/sleeptimer/src/sl_sleeptimer_hal_timer.o
LOAD ./gecko_sdk_4.4.3/platform/service/system/src/sl_system_init.o
LOAD ./gecko_sdk_4.4.3/platform/service/system/src/sl_system_process_action.o
LOAD ./gecko_sdk_4.4.3/platform/service/udelay/src/sl_udelay.o
LOAD ./gecko_sdk_4.4.3/platform/service/udelay/src/sl_udelay_armv6m_gcc.o
LOAD c:/siliconlabs/simplicitystudio/v5/developer/toolchains/gnu_arm/12.2.rel1_2023.7/bin/../lib/gcc/arm-none-eabi/12.2.1/thumb/v8-m.main+fp/hard\libgcc.a
LOAD c:/siliconlabs/simplicitystudio/v5/developer/toolchains/gnu_arm/12.2.rel1_2023.7/bin/../lib/gcc/arm-none-eabi/12.2.1/thumb/v8-m.main+fp/hard\libc_nano.a
LOAD c:/siliconlabs/simplicitystudio/v5/developer/toolchains/gnu_arm/12.2.rel1_2023.7/bin/../lib/gcc/arm-none-eabi/12.2.1/thumb/v8-m.main+fp/hard\libm.a
LOAD c:/siliconlabs/simplicitystudio/v5/developer/toolchains/gnu_arm/12.2.rel1_2023.7/bin/../lib/gcc/arm-none-eabi/12.2.1/thumb/v8-m.main+fp/hard\libnosys.a
END GROUP
START GROUP
LOAD c:/siliconlabs/simplicitystudio/v5/developer/toolchains/gnu_arm/12.2.rel1_2023.7/bin/../lib/gcc/arm-none-eabi/12.2.1/thumb/v8-m.main+fp/hard\libgcc.a
LOAD c:/siliconlabs/simplicitystudio/v5/developer/toolchains/gnu_arm/12.2.rel1_2023.7/bin/../lib/gcc/arm-none-eabi/12.2.1/thumb/v8-m.main+fp/hard\libc_nano.a
LOAD c:/siliconlabs/simplicitystudio/v5/developer/toolchains/gnu_arm/12.2.rel1_2023.7/bin/../lib/gcc/arm-none-eabi/12.2.1/thumb/v8-m.main+fp/hard\libnosys.a
END GROUP
START GROUP
LOAD c:/siliconlabs/simplicitystudio/v5/developer/toolchains/gnu_arm/12.2.rel1_2023.7/bin/../lib/gcc/arm-none-eabi/12.2.1/thumb/v8-m.main+fp/hard\libgcc.a
LOAD c:/siliconlabs/simplicitystudio/v5/developer/toolchains/gnu_arm/12.2.rel1_2023.7/bin/../lib/gcc/arm-none-eabi/12.2.1/thumb/v8-m.main+fp/hard\libg_nano.a
LOAD c:/siliconlabs/simplicitystudio/v5/developer/toolchains/gnu_arm/12.2.rel1_2023.7/bin/../lib/gcc/arm-none-eabi/12.2.1/thumb/v8-m.main+fp/hard\libc_nano.a
END GROUP
START GROUP
LOAD c:/siliconlabs/simplicitystudio/v5/developer/toolchains/gnu_arm/12.2.rel1_2023.7/bin/../lib/gcc/arm-none-eabi/12.2.1/thumb/v8-m.main+fp/hard\libgcc.a
LOAD c:/siliconlabs/simplicitystudio/v5/developer/toolchains/gnu_arm/12.2.rel1_2023.7/bin/../lib/gcc/arm-none-eabi/12.2.1/thumb/v8-m.main+fp/hard\libc_nano.a
END GROUP
LOAD c:/siliconlabs/simplicitystudio/v5/developer/toolchains/gnu_arm/12.2.rel1_2023.7/bin/../lib/gcc/arm-none-eabi/12.2.1/thumb/v8-m.main+fp/hard/crtend.o
LOAD c:/siliconlabs/simplicitystudio/v5/developer/toolchains/gnu_arm/12.2.rel1_2023.7/bin/../lib/gcc/arm-none-eabi/12.2.1/thumb/v8-m.main+fp/hard/crtn.o

.text           0x08000000     0x6f70
                0x08000000                linker_vectors_begin = .
 *(.vectors)
 .vectors       0x08000000      0x170 ./gecko_sdk_4.4.3/platform/Device/SiliconLabs/EFR32MG24/Source/startup_efr32mg24.o
                0x08000000                __Vectors
                0x08000170                linker_vectors_end = .
                0x08000170                __Vectors_End = .
                0x08000170                __Vectors_Size = (__Vectors_End - __Vectors)
                0x08000170                linker_code_begin = .
 *(SORT_BY_ALIGNMENT(.text*))
 .text          0x08000170        0x8 ./gecko_sdk_4.4.3/platform/service/udelay/src/sl_udelay_armv6m_gcc.o
                0x08000170                sli_delay_loop
 .text.deregister_tm_clones
                0x08000178       0x1c c:/siliconlabs/simplicitystudio/v5/developer/toolchains/gnu_arm/12.2.rel1_2023.7/bin/../lib/gcc/arm-none-eabi/12.2.1/thumb/v8-m.main+fp/hard/crtbegin.o
 .text.register_tm_clones
                0x08000194       0x28 c:/siliconlabs/simplicitystudio/v5/developer/toolchains/gnu_arm/12.2.rel1_2023.7/bin/../lib/gcc/arm-none-eabi/12.2.1/thumb/v8-m.main+fp/hard/crtbegin.o
 .text.__do_global_dtors_aux
                0x080001bc       0x28 c:/siliconlabs/simplicitystudio/v5/developer/toolchains/gnu_arm/12.2.rel1_2023.7/bin/../lib/gcc/arm-none-eabi/12.2.1/thumb/v8-m.main+fp/hard/crtbegin.o
 .text.frame_dummy
                0x080001e4       0x24 c:/siliconlabs/simplicitystudio/v5/developer/toolchains/gnu_arm/12.2.rel1_2023.7/bin/../lib/gcc/arm-none-eabi/12.2.1/thumb/v8-m.main+fp/hard/crtbegin.o
 .text          0x08000208       0x7c c:/siliconlabs/simplicitystudio/v5/developer/toolchains/gnu_arm/12.2.rel1_2023.7/bin/../lib/gcc/arm-none-eabi/12.2.1/thumb/v8-m.main+fp/hard/crt0.o
                0x08000208                _stack_init
                0x08000210                _start
                0x08000210                _mainCRTStartup
 .text.GPIO_PinInGet.constprop.0.isra.0
                0x08000284        0xc ./app.o
 .text.app_init
                0x08000290       0x2c ./app.o
                0x08000290                app_init
 .text.app_process_action
                0x080002bc       0x44 ./app.o
                0x080002bc                app_process_action
 .text.analog_input_initialize
                0x08000300      0x18c ./iadc.o
                0x08000300                analog_input_initialize
 .text.IADC_IRQHandler
                0x0800048c       0x54 ./iadc.o
                0x0800048c                IADC_IRQHandler
 .text.get_value_ADC
                0x080004e0       0x30 ./iadc.o
                0x080004e0                get_value_ADC
 .text.sl_device_init_clocks
                0x08000510       0xac ./autogen/sl_device_init_clocks.o
                0x08000510                sl_device_init_clocks
 .text.sl_i2cspm_init_instances
                0x080005bc       0x18 ./autogen/sl_i2cspm_init.o
                0x080005bc                sl_i2cspm_init_instances
 .text.sl_sensor_rht_init
                0x080005d4       0x90 ./gecko_sdk_4.4.3/app/bluetooth/common/sensor_rht/sl_sensor_rht.o
                0x080005d4                sl_sensor_rht_init
 .text.sl_sensor_rht_get
                0x08000664       0x28 ./gecko_sdk_4.4.3/app/bluetooth/common/sensor_rht/sl_sensor_rht.o
                0x08000664                sl_sensor_rht_get
 .text.sl_sensor_select
                0x0800068c       0x24 ./gecko_sdk_4.4.3/app/bluetooth/common/sensor_select/sl_sensor_select.o
                0x0800068c                sl_sensor_select
 .text.app_log_init
                0x080006b0       0x38 ./gecko_sdk_4.4.3/app/common/util/app_log/app_log.o
                0x080006b0                app_log_init
 .text.remove_app_timer
                0x080006e8       0x3c ./gecko_sdk_4.4.3/app/common/util/app_timer/app_timer.o
 .text.sli_app_timer_step
                0x08000724       0x60 ./gecko_sdk_4.4.3/app/common/util/app_timer/app_timer.o
                0x08000724                sli_app_timer_step
 .text.sli_app_timer_sleep_on_isr_exit
                0x08000784       0x14 ./gecko_sdk_4.4.3/app/common/util/app_timer/app_timer.o
                0x08000784                sli_app_timer_sleep_on_isr_exit
 .text.sli_app_timer_is_ok_to_sleep
                0x08000798       0x10 ./gecko_sdk_4.4.3/app/common/util/app_timer/app_timer.o
                0x08000798                sli_app_timer_is_ok_to_sleep
 .text.sl_board_enable_sensor
                0x080007a8       0x4c ./gecko_sdk_4.4.3/hardware/board/src/sl_board_control_gpio.o
                0x080007a8                sl_board_enable_sensor
 .text.cs_high  0x080007f4       0x10 ./gecko_sdk_4.4.3/hardware/driver/mx25_flash_shutdown/src/sl_mx25_flash_shutdown_usart/sl_mx25_flash_shutdown.o
 .text.cs_low   0x08000804       0x10 ./gecko_sdk_4.4.3/hardware/driver/mx25_flash_shutdown/src/sl_mx25_flash_shutdown_usart/sl_mx25_flash_shutdown.o
 .text.sl_mx25_flash_shutdown
                0x08000814      0x118 ./gecko_sdk_4.4.3/hardware/driver/mx25_flash_shutdown/src/sl_mx25_flash_shutdown_usart/sl_mx25_flash_shutdown.o
                0x08000814                sl_mx25_flash_shutdown
 .text.CopyRamFuncs
                0x0800092c       0x1c ./gecko_sdk_4.4.3/platform/Device/SiliconLabs/EFR32MG24/Source/startup_efr32mg24.o
                0x0800092c                CopyRamFuncs
 .text.Reset_Handler
                0x08000948       0x64 ./gecko_sdk_4.4.3/platform/Device/SiliconLabs/EFR32MG24/Source/startup_efr32mg24.o
                0x08000948                Reset_Handler
 .text.SystemInit
                0x080009ac       0x68 ./gecko_sdk_4.4.3/platform/Device/SiliconLabs/EFR32MG24/Source/system_efr32mg24.o
                0x080009ac                SystemInit
 .text.SystemHFRCODPLLClockGet
                0x08000a14        0xc ./gecko_sdk_4.4.3/platform/Device/SiliconLabs/EFR32MG24/Source/system_efr32mg24.o
                0x08000a14                SystemHFRCODPLLClockGet
 .text.SystemSYSCLKGet
                0x08000a20       0x34 ./gecko_sdk_4.4.3/platform/Device/SiliconLabs/EFR32MG24/Source/system_efr32mg24.o
                0x08000a20                SystemSYSCLKGet
 .text.SystemHCLKGet
                0x08000a54       0x24 ./gecko_sdk_4.4.3/platform/Device/SiliconLabs/EFR32MG24/Source/system_efr32mg24.o
                0x08000a54                SystemHCLKGet
 .text.SystemMaxCoreClockGet
                0x08000a78        0x8 ./gecko_sdk_4.4.3/platform/Device/SiliconLabs/EFR32MG24/Source/system_efr32mg24.o
                0x08000a78                SystemMaxCoreClockGet
 .text.SystemHFXOClockGet
                0x08000a80        0xc ./gecko_sdk_4.4.3/platform/Device/SiliconLabs/EFR32MG24/Source/system_efr32mg24.o
                0x08000a80                SystemHFXOClockGet
 .text.SystemHFXOClockSet
                0x08000a8c       0x20 ./gecko_sdk_4.4.3/platform/Device/SiliconLabs/EFR32MG24/Source/system_efr32mg24.o
                0x08000a8c                SystemHFXOClockSet
 .text.SystemFSRCOClockGet
                0x08000aac        0x8 ./gecko_sdk_4.4.3/platform/Device/SiliconLabs/EFR32MG24/Source/system_efr32mg24.o
                0x08000aac                SystemFSRCOClockGet
 .text.SystemHFRCOEM23ClockGet
                0x08000ab4       0x84 ./gecko_sdk_4.4.3/platform/Device/SiliconLabs/EFR32MG24/Source/system_efr32mg24.o
                0x08000ab4                SystemHFRCOEM23ClockGet
 .text.SystemLFXOClockGet
                0x08000b38        0xc ./gecko_sdk_4.4.3/platform/Device/SiliconLabs/EFR32MG24/Source/system_efr32mg24.o
                0x08000b38                SystemLFXOClockGet
 .text.sl_slist_push
                0x08000b44       0x20 ./gecko_sdk_4.4.3/platform/common/src/sl_slist.o
                0x08000b44                sl_slist_push
 .text._sbrk    0x08000b64       0x20 ./gecko_sdk_4.4.3/platform/common/toolchain/src/sl_memory.o
                0x08000b64                _sbrk
 .text.sl_debug_swo_init
                0x08000b84      0x114 ./gecko_sdk_4.4.3/platform/driver/debug/src/sl_debug_swo.o
                0x08000b84                sl_debug_swo_init
 .text.sl_debug_swo_write_u8
                0x08000c98       0x44 ./gecko_sdk_4.4.3/platform/driver/debug/src/sl_debug_swo.o
                0x08000c98                sl_debug_swo_write_u8
 .text.I2CSPM_Init
                0x08000cdc      0x158 ./gecko_sdk_4.4.3/platform/driver/i2cspm/src/sl_i2cspm.o
                0x08000cdc                I2CSPM_Init
 .text.I2CSPM_Transfer
                0x08000e34       0x20 ./gecko_sdk_4.4.3/platform/driver/i2cspm/src/sl_i2cspm.o
                0x08000e34                I2CSPM_Transfer
 .text.EMU_VScaleGet
                0x08000e54       0x18 ./gecko_sdk_4.4.3/platform/emlib/src/em_cmu.o
 .text.traceClkGet
                0x08000e6c       0x54 ./gecko_sdk_4.4.3/platform/emlib/src/em_cmu.o
 .text.em01GrpaClkGet
                0x08000ec0       0x74 ./gecko_sdk_4.4.3/platform/emlib/src/em_cmu.o
 .text.em01GrpcClkGet
                0x08000f34       0x70 ./gecko_sdk_4.4.3/platform/emlib/src/em_cmu.o
 .text.iadcClkGet
                0x08000fa4       0x60 ./gecko_sdk_4.4.3/platform/emlib/src/em_cmu.o
 .text.eusart0ClkGet
                0x08001004       0x74 ./gecko_sdk_4.4.3/platform/emlib/src/em_cmu.o
 .text.em23GrpaClkGet
                0x08001078       0x48 ./gecko_sdk_4.4.3/platform/emlib/src/em_cmu.o
 .text.vdac0ClkGet
                0x080010c0       0x70 ./gecko_sdk_4.4.3/platform/emlib/src/em_cmu.o
 .text.vdac1ClkGet
                0x08001130       0x70 ./gecko_sdk_4.4.3/platform/emlib/src/em_cmu.o
 .text.pcnt0ClkGet
                0x080011a0       0x4c ./gecko_sdk_4.4.3/platform/emlib/src/em_cmu.o
 .text.wdog0ClkGet
                0x080011ec       0x64 ./gecko_sdk_4.4.3/platform/emlib/src/em_cmu.o
 .text.wdog1ClkGet
                0x08001250       0x64 ./gecko_sdk_4.4.3/platform/emlib/src/em_cmu.o
 .text.sysrtcClkGet
                0x080012b4       0x48 ./gecko_sdk_4.4.3/platform/emlib/src/em_cmu.o
 .text.em4GrpaClkGet
                0x080012fc       0x48 ./gecko_sdk_4.4.3/platform/emlib/src/em_cmu.o
 .text.CMU_ClockDivGet
                0x08001344       0x78 ./gecko_sdk_4.4.3/platform/emlib/src/em_cmu.o
                0x08001344                CMU_ClockDivGet
 .text.flashWaitStateControl
                0x080013bc       0x58 ./gecko_sdk_4.4.3/platform/emlib/src/em_cmu.o
 .text.CMU_ClockEnable
                0x08001414       0x50 ./gecko_sdk_4.4.3/platform/emlib/src/em_cmu.o
                0x08001414                CMU_ClockEnable
 .text.CMU_ClockFreqGet
                0x08001464      0x204 ./gecko_sdk_4.4.3/platform/emlib/src/em_cmu.o
                0x08001464                CMU_ClockFreqGet
 .text.rhclkPrescOptimize
                0x08001668       0x20 ./gecko_sdk_4.4.3/platform/emlib/src/em_cmu.o
 .text.CMU_ClockSelectGet
                0x08001688      0x22c ./gecko_sdk_4.4.3/platform/emlib/src/em_cmu.o
                0x08001688                CMU_ClockSelectGet
 .text.sli_em_cmu_HFXOSetForceEnable
                0x080018b4       0x1c ./gecko_sdk_4.4.3/platform/emlib/src/em_cmu.o
                0x080018b4                sli_em_cmu_HFXOSetForceEnable
 .text.CMU_HFXOInit
                0x080018d0      0x224 ./gecko_sdk_4.4.3/platform/emlib/src/em_cmu.o
                0x080018d0                CMU_HFXOInit
 .text.CMU_HFXOCTuneDeltaGet
                0x08001af4        0xc ./gecko_sdk_4.4.3/platform/emlib/src/em_cmu.o
                0x08001af4                CMU_HFXOCTuneDeltaGet
 .text.CMU_LFXOInit
                0x08001b00       0xc4 ./gecko_sdk_4.4.3/platform/emlib/src/em_cmu.o
                0x08001b00                CMU_LFXOInit
 .text.CMU_LFXOPrecisionSet
                0x08001bc4        0xc ./gecko_sdk_4.4.3/platform/emlib/src/em_cmu.o
                0x08001bc4                CMU_LFXOPrecisionSet
 .text.CMU_HFXOPrecisionSet
                0x08001bd0        0xc ./gecko_sdk_4.4.3/platform/emlib/src/em_cmu.o
                0x08001bd0                CMU_HFXOPrecisionSet
 .text.CMU_ClockDivSet
                0x08001bdc      0x12c ./gecko_sdk_4.4.3/platform/emlib/src/em_cmu.o
                0x08001bdc                CMU_ClockDivSet
 .text.sli_em_cmu_SYSCLKInitPreClockSelect
                0x08001d08       0x20 ./gecko_sdk_4.4.3/platform/emlib/src/em_cmu.o
                0x08001d08                sli_em_cmu_SYSCLKInitPreClockSelect
 .text.pclkDivOptimize
                0x08001d28       0x24 ./gecko_sdk_4.4.3/platform/emlib/src/em_cmu.o
 .text.CMU_ClockSelectSet
                0x08001d4c      0x694 ./gecko_sdk_4.4.3/platform/emlib/src/em_cmu.o
                0x08001d4c                CMU_ClockSelectSet
 .text.EMU_DCDCSync
                0x080023e0       0x10 ./gecko_sdk_4.4.3/platform/emlib/src/em_emu.o
 .text.EMU_EM23Init
                0x080023f0       0x18 ./gecko_sdk_4.4.3/platform/emlib/src/em_emu.o
                0x080023f0                EMU_EM23Init
 .text.EMU_EnterEM2
                0x08002408       0x40 ./gecko_sdk_4.4.3/platform/emlib/src/em_emu.o
                0x08002408                EMU_EnterEM2
 .text.EMU_EnterEM3
                0x08002448       0x38 ./gecko_sdk_4.4.3/platform/emlib/src/em_emu.o
                0x08002448                EMU_EnterEM3
 .text.EMU_EM4Init
                0x08002480       0x14 ./gecko_sdk_4.4.3/platform/emlib/src/em_emu.o
                0x08002480                EMU_EM4Init
 .text.EMU_VScaleEM01
                0x08002494       0xa8 ./gecko_sdk_4.4.3/platform/emlib/src/em_emu.o
                0x08002494                EMU_VScaleEM01
 .text.EMU_VScaleEM01ByClock
                0x0800253c       0x30 ./gecko_sdk_4.4.3/platform/emlib/src/em_emu.o
                0x0800253c                EMU_VScaleEM01ByClock
 .text.EMU_EM01Init
                0x0800256c       0x14 ./gecko_sdk_4.4.3/platform/emlib/src/em_emu.o
                0x0800256c                EMU_EM01Init
 .text.EMU_DCDCModeSet
                0x08002580       0xac ./gecko_sdk_4.4.3/platform/emlib/src/em_emu.o
                0x08002580                EMU_DCDCModeSet
 .text.EMU_DCDCInit
                0x0800262c       0x70 ./gecko_sdk_4.4.3/platform/emlib/src/em_emu.o
                0x0800262c                EMU_DCDCInit
 .text.EMU_DCDCSetPFMXModePeakCurrent
                0x0800269c       0x6c ./gecko_sdk_4.4.3/platform/emlib/src/em_emu.o
                0x0800269c                EMU_DCDCSetPFMXModePeakCurrent
 .text.GPIO_PinOutSet
                0x08002708       0x3c ./gecko_sdk_4.4.3/platform/emlib/src/em_gpio.o
 .text.GPIO_PinOutClear
                0x08002744       0x3c ./gecko_sdk_4.4.3/platform/emlib/src/em_gpio.o
 .text.GPIO_PinModeSet
                0x08002780       0x94 ./gecko_sdk_4.4.3/platform/emlib/src/em_gpio.o
                0x08002780                GPIO_PinModeSet
 .text.I2C_BusFreqSet
                0x08002814      0x108 ./gecko_sdk_4.4.3/platform/emlib/src/em_i2c.o
                0x08002814                I2C_BusFreqSet
 .text.I2C_Enable
                0x0800291c       0x38 ./gecko_sdk_4.4.3/platform/emlib/src/em_i2c.o
                0x0800291c                I2C_Enable
 .text.I2C_Init
                0x08002954       0x64 ./gecko_sdk_4.4.3/platform/emlib/src/em_i2c.o
                0x08002954                I2C_Init
 .text.I2C_Transfer
                0x080029b8      0x224 ./gecko_sdk_4.4.3/platform/emlib/src/em_i2c.o
                0x080029b8                I2C_Transfer
 .text.I2C_TransferInit
                0x08002bdc       0xbc ./gecko_sdk_4.4.3/platform/emlib/src/em_i2c.o
                0x08002bdc                I2C_TransferInit
 .text.IADC_disable
                0x08002c98       0x1c ./gecko_sdk_4.4.3/platform/emlib/src/em_iadc.o
 .text.IADC_initScan
                0x08002cb4       0xdc ./gecko_sdk_4.4.3/platform/emlib/src/em_iadc.o
                0x08002cb4                IADC_initScan
 .text.IADC_calcTimebase
                0x08002d90       0x64 ./gecko_sdk_4.4.3/platform/emlib/src/em_iadc.o
                0x08002d90                IADC_calcTimebase
 .text.IADC_calcSrcClkPrescale
                0x08002df4       0x64 ./gecko_sdk_4.4.3/platform/emlib/src/em_iadc.o
                0x08002df4                IADC_calcSrcClkPrescale
 .text.IADC_calcAdcClkPrescale
                0x08002e58       0x80 ./gecko_sdk_4.4.3/platform/emlib/src/em_iadc.o
                0x08002e58                IADC_calcAdcClkPrescale
 .text.IADC_getReferenceVoltage
                0x08002ed8       0x30 ./gecko_sdk_4.4.3/platform/emlib/src/em_iadc.o
                0x08002ed8                IADC_getReferenceVoltage
 .text.IADC_init
                0x08002f08      0x520 ./gecko_sdk_4.4.3/platform/emlib/src/em_iadc.o
                0x08002f08                IADC_init
 .text.PRS_ConvertToSyncSource
                0x08003428       0x5c ./gecko_sdk_4.4.3/platform/emlib/src/em_prs.o
                0x08003428                PRS_ConvertToSyncSource
 .text.PRS_ConvertToSyncSignal
                0x08003484       0x88 ./gecko_sdk_4.4.3/platform/emlib/src/em_prs.o
                0x08003484                PRS_ConvertToSyncSignal
 .text.PRS_ConnectSignal
                0x0800350c       0x5c ./gecko_sdk_4.4.3/platform/emlib/src/em_prs.o
                0x0800350c                PRS_ConnectSignal
 .text.PRS_ConnectConsumer
                0x08003568       0x38 ./gecko_sdk_4.4.3/platform/emlib/src/em_prs.o
                0x08003568                PRS_ConnectConsumer
 .text.SYSTEM_ChipRevisionGet
                0x080035a0       0x24 ./gecko_sdk_4.4.3/platform/emlib/src/em_system.o
                0x080035a0                SYSTEM_ChipRevisionGet
 .text.USART_BaudrateSyncSet
                0x080035c4       0x48 ./gecko_sdk_4.4.3/platform/emlib/src/em_usart.o
                0x080035c4                USART_BaudrateSyncSet
 .text.USART_Reset
                0x0800360c       0x58 ./gecko_sdk_4.4.3/platform/emlib/src/em_usart.o
                0x0800360c                USART_Reset
 .text.USART_InitSync
                0x08003664       0xb0 ./gecko_sdk_4.4.3/platform/emlib/src/em_usart.o
                0x08003664                USART_InitSync
 .text.sl_hal_sysrtc_wait_sync
                0x08003714       0x14 ./gecko_sdk_4.4.3/platform/peripheral/src/peripheral_sysrtc.o
                0x08003714                sl_hal_sysrtc_wait_sync
 .text.sl_hal_sysrtc_wait_ready
                0x08003728       0x1c ./gecko_sdk_4.4.3/platform/peripheral/src/peripheral_sysrtc.o
                0x08003728                sl_hal_sysrtc_wait_ready
 .text.sl_hal_sysrtc_stop
                0x08003744       0x14 ./gecko_sdk_4.4.3/platform/peripheral/src/peripheral_sysrtc.o
                0x08003744                sl_hal_sysrtc_stop
 .text.sl_hal_sysrtc_enable
                0x08003758       0x18 ./gecko_sdk_4.4.3/platform/peripheral/src/peripheral_sysrtc.o
                0x08003758                sl_hal_sysrtc_enable
 .text.sl_hal_sysrtc_disable
                0x08003770       0x1c ./gecko_sdk_4.4.3/platform/peripheral/src/peripheral_sysrtc.o
                0x08003770                sl_hal_sysrtc_disable
 .text.sl_hal_sysrtc_init
                0x0800378c       0x20 ./gecko_sdk_4.4.3/platform/peripheral/src/peripheral_sysrtc.o
                0x0800378c                sl_hal_sysrtc_init
 .text.sl_hal_sysrtc_init_group
                0x080037ac       0x48 ./gecko_sdk_4.4.3/platform/peripheral/src/peripheral_sysrtc.o
                0x080037ac                sl_hal_sysrtc_init_group
 .text.sl_hal_sysrtc_enable_group_interrupts
                0x080037f4       0x1c ./gecko_sdk_4.4.3/platform/peripheral/src/peripheral_sysrtc.o
                0x080037f4                sl_hal_sysrtc_enable_group_interrupts
 .text.sl_hal_sysrtc_disable_group_interrupts
                0x08003810       0x1c ./gecko_sdk_4.4.3/platform/peripheral/src/peripheral_sysrtc.o
                0x08003810                sl_hal_sysrtc_disable_group_interrupts
 .text.sl_hal_sysrtc_clear_group_interrupts
                0x0800382c       0x1c ./gecko_sdk_4.4.3/platform/peripheral/src/peripheral_sysrtc.o
                0x0800382c                sl_hal_sysrtc_clear_group_interrupts
 .text.sl_hal_sysrtc_get_group_interrupts
                0x08003848       0x20 ./gecko_sdk_4.4.3/platform/peripheral/src/peripheral_sysrtc.o
                0x08003848                sl_hal_sysrtc_get_group_interrupts
 .text.sl_hal_sysrtc_get_group_compare_channel_value
                0x08003868       0x30 ./gecko_sdk_4.4.3/platform/peripheral/src/peripheral_sysrtc.o
                0x08003868                sl_hal_sysrtc_get_group_compare_channel_value
 .text.sl_hal_sysrtc_set_group_compare_channel_value
                0x08003898       0x28 ./gecko_sdk_4.4.3/platform/peripheral/src/peripheral_sysrtc.o
                0x08003898                sl_hal_sysrtc_set_group_compare_channel_value
 .text.sl_hal_sysrtc_get_group_capture_channel_value
                0x080038c0       0x20 ./gecko_sdk_4.4.3/platform/peripheral/src/peripheral_sysrtc.o
                0x080038c0                sl_hal_sysrtc_get_group_capture_channel_value
 .text.sl_device_init_dcdc
                0x080038e0       0x2c ./gecko_sdk_4.4.3/platform/service/device_init/src/sl_device_init_dcdc_s2.o
                0x080038e0                sl_device_init_dcdc
 .text.sl_device_init_emu
                0x0800390c       0x24 ./gecko_sdk_4.4.3/platform/service/device_init/src/sl_device_init_emu_s2.o
                0x0800390c                sl_device_init_emu
 .text.sl_device_init_hfxo
                0x08003930       0x70 ./gecko_sdk_4.4.3/platform/service/device_init/src/sl_device_init_hfxo_s2.o
                0x08003930                sl_device_init_hfxo
 .text.sl_device_init_lfxo
                0x080039a0       0x2c ./gecko_sdk_4.4.3/platform/service/device_init/src/sl_device_init_lfxo_s2.o
                0x080039a0                sl_device_init_lfxo
 .text.sl_device_init_nvic
                0x080039cc       0x3c ./gecko_sdk_4.4.3/platform/service/device_init/src/sl_device_init_nvic.o
                0x080039cc                sl_device_init_nvic
 .text.sl_hfxo_manager_init
                0x08003a08       0x5c ./gecko_sdk_4.4.3/platform/service/hfxo_manager/src/sl_hfxo_manager.o
                0x08003a08                sl_hfxo_manager_init
 .text.sli_hfxo_manager_begin_startup_measurement
                0x08003a64       0x1c ./gecko_sdk_4.4.3/platform/service/hfxo_manager/src/sl_hfxo_manager.o
                0x08003a64                sli_hfxo_manager_begin_startup_measurement
 .text.sli_hfxo_manager_retrieve_begining_startup_measurement
                0x08003a80       0x2c ./gecko_sdk_4.4.3/platform/service/hfxo_manager/src/sl_hfxo_manager.o
                0x08003a80                sli_hfxo_manager_retrieve_begining_startup_measurement
 .text.sli_hfxo_manager_end_startup_measurement
                0x08003aac       0xa8 ./gecko_sdk_4.4.3/platform/service/hfxo_manager/src/sl_hfxo_manager.o
                0x08003aac                sli_hfxo_manager_end_startup_measurement
 .text.sli_hfxo_manager_get_startup_time
                0x08003b54        0xc ./gecko_sdk_4.4.3/platform/service/hfxo_manager/src/sl_hfxo_manager.o
                0x08003b54                sli_hfxo_manager_get_startup_time
 .text.sli_hfxo_manager_init_hardware
                0x08003b60       0x58 ./gecko_sdk_4.4.3/platform/service/hfxo_manager/src/sl_hfxo_manager_hal_s2.o
                0x08003b60                sli_hfxo_manager_init_hardware
 .text.sli_hfxo_manager_is_hfxo_ready
                0x08003bb8       0x18 ./gecko_sdk_4.4.3/platform/service/hfxo_manager/src/sl_hfxo_manager_hal_s2.o
                0x08003bb8                sli_hfxo_manager_is_hfxo_ready
 .text.sl_hfxo_manager_irq_handler
                0x08003bd0       0x60 ./gecko_sdk_4.4.3/platform/service/hfxo_manager/src/sl_hfxo_manager_hal_s2.o
                0x08003bd0                sl_hfxo_manager_irq_handler
 .text.sl_iostream_set_default
                0x08003c30       0x18 ./gecko_sdk_4.4.3/platform/service/iostream/src/sl_iostream.o
                0x08003c30                sl_iostream_set_default
 .text.sl_iostream_get_default
                0x08003c48       0x18 ./gecko_sdk_4.4.3/platform/service/iostream/src/sl_iostream.o
                0x08003c48                sl_iostream_get_default
 .text.sl_iostream_debug_init
                0x08003c60       0x20 ./gecko_sdk_4.4.3/platform/service/iostream/src/sl_iostream_debug.o
                0x08003c60                sl_iostream_debug_init
 .text.debug_write
                0x08003c80       0x24 ./gecko_sdk_4.4.3/platform/service/iostream/src/sl_iostream_debug.o
 .text._write   0x08003ca4       0x20 ./gecko_sdk_4.4.3/platform/service/iostream/src/sl_iostream_retarget_stdio.o
                0x08003ca4                _write
 .text.sl_iostream_stdlib_disable_buffering
                0x08003cc4       0x14 ./gecko_sdk_4.4.3/platform/service/iostream/src/sl_iostream_stdlib_config.o
                0x08003cc4                sl_iostream_stdlib_disable_buffering
 .text.sli_iosteam_swo_itm_em_transition
                0x08003cd8       0x20 ./gecko_sdk_4.4.3/platform/service/iostream/src/sl_iostream_swo_itm_8.o
 .text.sli_iostream_swo_itm_8_init
                0x08003cf8       0x2c ./gecko_sdk_4.4.3/platform/service/iostream/src/sl_iostream_swo_itm_8.o
                0x08003cf8                sli_iostream_swo_itm_8_init
 .text.get_lowest_em
                0x08003d24       0x1c ./gecko_sdk_4.4.3/platform/service/power_manager/src/sl_power_manager.o
 .text.power_manager_notify_em_transition
                0x08003d40       0x74 ./gecko_sdk_4.4.3/platform/service/power_manager/src/sl_power_manager.o
 .text.clock_restore
                0x08003db4       0x58 ./gecko_sdk_4.4.3/platform/service/power_manager/src/sl_power_manager.o
 .text.on_clock_wakeup_timeout
                0x08003e0c       0x24 ./gecko_sdk_4.4.3/platform/service/power_manager/src/sl_power_manager.o
 .text.update_em1_requirement
                0x08003e30       0x68 ./gecko_sdk_4.4.3/platform/service/power_manager/src/sl_power_manager.o
 .text.sl_power_manager_init
                0x08003e98       0x68 ./gecko_sdk_4.4.3/platform/service/power_manager/src/sl_power_manager.o
                0x08003e98                sl_power_manager_init
 .text.sli_power_manager_update_em_requirement
                0x08003f00      0x104 ./gecko_sdk_4.4.3/platform/service/power_manager/src/sl_power_manager.o
                0x08003f00                sli_power_manager_update_em_requirement
 .text.sli_power_manager_get_restore_delay
                0x08004004       0x34 ./gecko_sdk_4.4.3/platform/service/power_manager/src/sl_power_manager.o
                0x08004004                sli_power_manager_get_restore_delay
 .text.sl_power_manager_subscribe_em_transition_event
                0x08004038       0x24 ./gecko_sdk_4.4.3/platform/service/power_manager/src/sl_power_manager.o
                0x08004038                sl_power_manager_subscribe_em_transition_event
 .text.sli_power_manager_convert_delay_us_to_tick
                0x0800405c       0x20 ./gecko_sdk_4.4.3/platform/service/power_manager/src/sl_power_manager.o
                0x0800405c                sli_power_manager_convert_delay_us_to_tick
 .text.sl_power_manager_sleep
                0x0800407c      0x268 ./gecko_sdk_4.4.3/platform/service/power_manager/src/sl_power_manager.o
                0x0800407c                sl_power_manager_sleep
 .text.sl_power_manager_is_latest_wakeup_internal
                0x080042e4       0x20 ./gecko_sdk_4.4.3/platform/service/power_manager/src/sl_power_manager.o
                0x080042e4                sl_power_manager_is_latest_wakeup_internal
 .text.sli_hfxo_manager_notify_ready_for_power_manager
                0x08004304       0x3c ./gecko_sdk_4.4.3/platform/service/power_manager/src/sl_power_manager.o
                0x08004304                sli_hfxo_manager_notify_ready_for_power_manager
 .text.sli_hfxo_notify_ready_for_power_manager_from_prs
                0x08004340       0x18 ./gecko_sdk_4.4.3/platform/service/power_manager/src/sl_power_manager.o
                0x08004340                sli_hfxo_notify_ready_for_power_manager_from_prs
 .text.sli_power_manager_em23_voltage_scaling_enable_fast_wakeup
                0x08004358       0x50 ./gecko_sdk_4.4.3/platform/service/power_manager/src/sl_power_manager_hal_s2.o
                0x08004358                sli_power_manager_em23_voltage_scaling_enable_fast_wakeup
 .text.sli_power_manager_init_hardware
                0x080043a8      0x124 ./gecko_sdk_4.4.3/platform/service/power_manager/src/sl_power_manager_hal_s2.o
                0x080043a8                sli_power_manager_init_hardware
 .text.sli_power_manager_save_states
                0x080044cc       0x2c ./gecko_sdk_4.4.3/platform/service/power_manager/src/sl_power_manager_hal_s2.o
                0x080044cc                sli_power_manager_save_states
 .text.EMU_EM23PresleepHook
                0x080044f8       0x74 ./gecko_sdk_4.4.3/platform/service/power_manager/src/sl_power_manager_hal_s2.o
                0x080044f8                EMU_EM23PresleepHook
 .text.EMU_EM23PostsleepHook
                0x0800456c       0x58 ./gecko_sdk_4.4.3/platform/service/power_manager/src/sl_power_manager_hal_s2.o
                0x0800456c                EMU_EM23PostsleepHook
 .text.sli_power_manager_handle_pre_deepsleep_operations
                0x080045c4        0xc ./gecko_sdk_4.4.3/platform/service/power_manager/src/sl_power_manager_hal_s2.o
                0x080045c4                sli_power_manager_handle_pre_deepsleep_operations
 .text.sli_power_manager_restore_high_freq_accuracy_clk
                0x080045d0       0x50 ./gecko_sdk_4.4.3/platform/service/power_manager/src/sl_power_manager_hal_s2.o
                0x080045d0                sli_power_manager_restore_high_freq_accuracy_clk
 .text.sli_power_manager_is_high_freq_accuracy_clk_ready
                0x08004620       0x14 ./gecko_sdk_4.4.3/platform/service/power_manager/src/sl_power_manager_hal_s2.o
                0x08004620                sli_power_manager_is_high_freq_accuracy_clk_ready
 .text.sli_power_manager_restore_states
                0x08004634       0x88 ./gecko_sdk_4.4.3/platform/service/power_manager/src/sl_power_manager_hal_s2.o
                0x08004634                sli_power_manager_restore_states
 .text.sli_power_manager_apply_em
                0x080046bc       0x38 ./gecko_sdk_4.4.3/platform/service/power_manager/src/sl_power_manager_hal_s2.o
                0x080046bc                sli_power_manager_apply_em
 .text.sli_power_manager_get_wakeup_process_time_overhead
                0x080046f4       0x20 ./gecko_sdk_4.4.3/platform/service/power_manager/src/sl_power_manager_hal_s2.o
                0x080046f4                sli_power_manager_get_wakeup_process_time_overhead
 .text.sli_power_manager_is_high_freq_accuracy_clk_used
                0x08004714        0xc ./gecko_sdk_4.4.3/platform/service/power_manager/src/sl_power_manager_hal_s2.o
                0x08004714                sli_power_manager_is_high_freq_accuracy_clk_used
 .text.update_delta_list
                0x08004720       0x34 ./gecko_sdk_4.4.3/platform/service/sleeptimer/src/sl_sleeptimer.o
 .text.delta_list_insert_timer
                0x08004754       0x58 ./gecko_sdk_4.4.3/platform/service/sleeptimer/src/sl_sleeptimer.o
 .text.set_comparator_for_next_timer
                0x080047ac       0x5c ./gecko_sdk_4.4.3/platform/service/sleeptimer/src/sl_sleeptimer.o
 .text.create_timer
                0x08004808       0xa0 ./gecko_sdk_4.4.3/platform/service/sleeptimer/src/sl_sleeptimer.o
 .text.delta_list_remove_timer
                0x080048a8       0x38 ./gecko_sdk_4.4.3/platform/service/sleeptimer/src/sl_sleeptimer.o
 .text.sl_sleeptimer_init
                0x080048e0       0x74 ./gecko_sdk_4.4.3/platform/service/sleeptimer/src/sl_sleeptimer.o
                0x080048e0                sl_sleeptimer_init
 .text.sl_sleeptimer_stop_timer
                0x08004954       0x64 ./gecko_sdk_4.4.3/platform/service/sleeptimer/src/sl_sleeptimer.o
                0x08004954                sl_sleeptimer_stop_timer
 .text.sl_sleeptimer_is_timer_running
                0x080049b8       0x3c ./gecko_sdk_4.4.3/platform/service/sleeptimer/src/sl_sleeptimer.o
                0x080049b8                sl_sleeptimer_is_timer_running
 .text.sl_sleeptimer_get_remaining_time_of_first_timer
                0x080049f4       0x60 ./gecko_sdk_4.4.3/platform/service/sleeptimer/src/sl_sleeptimer.o
                0x080049f4                sl_sleeptimer_get_remaining_time_of_first_timer
 .text.sli_sleeptimer_is_power_manager_timer_next_to_expire
                0x08004a54       0x28 ./gecko_sdk_4.4.3/platform/service/sleeptimer/src/sl_sleeptimer.o
                0x08004a54                sli_sleeptimer_is_power_manager_timer_next_to_expire
 .text.sl_sleeptimer_get_timer_frequency
                0x08004a7c        0xc ./gecko_sdk_4.4.3/platform/service/sleeptimer/src/sl_sleeptimer.o
                0x08004a7c                sl_sleeptimer_get_timer_frequency
 .text.sl_sleeptimer_ms_to_tick
                0x08004a88       0x24 ./gecko_sdk_4.4.3/platform/service/sleeptimer/src/sl_sleeptimer.o
                0x08004a88                sl_sleeptimer_ms_to_tick
 .text.sl_sleeptimer_delay_millisecond
                0x08004aac       0x38 ./gecko_sdk_4.4.3/platform/service/sleeptimer/src/sl_sleeptimer.o
                0x08004aac                sl_sleeptimer_delay_millisecond
 .text.process_timer_irq
                0x08004ae4      0x150 ./gecko_sdk_4.4.3/platform/service/sleeptimer/src/sl_sleeptimer.o
                0x08004ae4                process_timer_irq
 .text.sl_sleeptimer_is_power_manager_early_restore_timer_latest_to_expire
                0x08004c34       0x18 ./gecko_sdk_4.4.3/platform/service/sleeptimer/src/sl_sleeptimer.o
                0x08004c34                sl_sleeptimer_is_power_manager_early_restore_timer_latest_to_expire
 .text.sli_sleeptimer_update_sleep_on_isr_exit
                0x08004c4c        0xc ./gecko_sdk_4.4.3/platform/service/sleeptimer/src/sl_sleeptimer.o
                0x08004c4c                sli_sleeptimer_update_sleep_on_isr_exit
 .text.sleeptimer_hal_init_timer
                0x08004c58       0x64 ./gecko_sdk_4.4.3/platform/service/sleeptimer/src/sl_sleeptimer_hal_sysrtc.o
                0x08004c58                sleeptimer_hal_init_timer
 .text.sli_sleeptimer_hal_power_manager_integration_init
                0x08004cbc       0x34 ./gecko_sdk_4.4.3/platform/service/sleeptimer/src/sl_sleeptimer_hal_sysrtc.o
                0x08004cbc                sli_sleeptimer_hal_power_manager_integration_init
 .text.sli_sleeptimer_hal_hfxo_manager_integration_init
                0x08004cf0       0x30 ./gecko_sdk_4.4.3/platform/service/sleeptimer/src/sl_sleeptimer_hal_sysrtc.o
                0x08004cf0                sli_sleeptimer_hal_hfxo_manager_integration_init
 .text.sleeptimer_hal_get_counter
                0x08004d20       0x10 ./gecko_sdk_4.4.3/platform/service/sleeptimer/src/sl_sleeptimer_hal_sysrtc.o
                0x08004d20                sleeptimer_hal_get_counter
 .text.sleeptimer_hal_set_compare_prs_hfxo_startup
                0x08004d30       0x58 ./gecko_sdk_4.4.3/platform/service/sleeptimer/src/sl_sleeptimer_hal_sysrtc.o
                0x08004d30                sleeptimer_hal_set_compare_prs_hfxo_startup
 .text.sleeptimer_hal_set_compare
                0x08004d88       0x70 ./gecko_sdk_4.4.3/platform/service/sleeptimer/src/sl_sleeptimer_hal_sysrtc.o
                0x08004d88                sleeptimer_hal_set_compare
 .text.sleeptimer_hal_disable_int
                0x08004df8       0x2c ./gecko_sdk_4.4.3/platform/service/sleeptimer/src/sl_sleeptimer_hal_sysrtc.o
                0x08004df8                sleeptimer_hal_disable_int
 .text.sleeptimer_hal_set_int
                0x08004e24       0x10 ./gecko_sdk_4.4.3/platform/service/sleeptimer/src/sl_sleeptimer_hal_sysrtc.o
                0x08004e24                sleeptimer_hal_set_int
 .text.sleeptimer_hal_disable_prs_compare_and_capture_channel
                0x08004e34       0x28 ./gecko_sdk_4.4.3/platform/service/sleeptimer/src/sl_sleeptimer_hal_sysrtc.o
                0x08004e34                sleeptimer_hal_disable_prs_compare_and_capture_channel
 .text.sli_sleeptimer_set_pm_em_requirement
                0x08004e5c       0x30 ./gecko_sdk_4.4.3/platform/service/sleeptimer/src/sl_sleeptimer_hal_sysrtc.o
                0x08004e5c                sli_sleeptimer_set_pm_em_requirement
 .text.sl_udelay_wait
                0x08004e8c       0x58 ./gecko_sdk_4.4.3/platform/service/udelay/src/sl_udelay.o
                0x08004e8c                sl_udelay_wait
 .text          0x08004ee4       0x30 c:/siliconlabs/simplicitystudio/v5/developer/toolchains/gnu_arm/12.2.rel1_2023.7/bin/../lib/gcc/arm-none-eabi/12.2.1/thumb/v8-m.main+fp/hard\libgcc.a(_aeabi_uldivmod.o)
                0x08004ee4                __aeabi_uldivmod
 .text.__udivmoddi4
                0x08004f14      0x2ec c:/siliconlabs/simplicitystudio/v5/developer/toolchains/gnu_arm/12.2.rel1_2023.7/bin/../lib/gcc/arm-none-eabi/12.2.1/thumb/v8-m.main+fp/hard\libgcc.a(_udivmoddi4.o)
                0x08004f14                __udivmoddi4
 .text          0x08005200        0x4 c:/siliconlabs/simplicitystudio/v5/developer/toolchains/gnu_arm/12.2.rel1_2023.7/bin/../lib/gcc/arm-none-eabi/12.2.1/thumb/v8-m.main+fp/hard\libgcc.a(_dvmd_tls.o)
                0x08005200                __aeabi_idiv0
                0x08005200                __aeabi_ldiv0
 .text.exit     0x08005204       0x24 c:/siliconlabs/simplicitystudio/v5/developer/toolchains/gnu_arm/12.2.rel1_2023.7/bin/../lib/gcc/arm-none-eabi/12.2.1/thumb/v8-m.main+fp/hard\libc_nano.a(libc_a-exit.o)
                0x08005204                exit
 .text.std      0x08005228       0x6c c:/siliconlabs/simplicitystudio/v5/developer/toolchains/gnu_arm/12.2.rel1_2023.7/bin/../lib/gcc/arm-none-eabi/12.2.1/thumb/v8-m.main+fp/hard\libc_nano.a(libc_a-findfp.o)
 .text.stdio_exit_handler
                0x08005294       0x18 c:/siliconlabs/simplicitystudio/v5/developer/toolchains/gnu_arm/12.2.rel1_2023.7/bin/../lib/gcc/arm-none-eabi/12.2.1/thumb/v8-m.main+fp/hard\libc_nano.a(libc_a-findfp.o)
 .text.cleanup_stdio
                0x080052ac       0x40 c:/siliconlabs/simplicitystudio/v5/developer/toolchains/gnu_arm/12.2.rel1_2023.7/bin/../lib/gcc/arm-none-eabi/12.2.1/thumb/v8-m.main+fp/hard\libc_nano.a(libc_a-findfp.o)
 .text.global_stdio_init.part.0
                0x080052ec       0x3c c:/siliconlabs/simplicitystudio/v5/developer/toolchains/gnu_arm/12.2.rel1_2023.7/bin/../lib/gcc/arm-none-eabi/12.2.1/thumb/v8-m.main+fp/hard\libc_nano.a(libc_a-findfp.o)
 .text.__sfp_lock_acquire
                0x08005328        0xc c:/siliconlabs/simplicitystudio/v5/developer/toolchains/gnu_arm/12.2.rel1_2023.7/bin/../lib/gcc/arm-none-eabi/12.2.1/thumb/v8-m.main+fp/hard\libc_nano.a(libc_a-findfp.o)
                0x08005328                __sfp_lock_acquire
 .text.__sfp_lock_release
                0x08005334        0xc c:/siliconlabs/simplicitystudio/v5/developer/toolchains/gnu_arm/12.2.rel1_2023.7/bin/../lib/gcc/arm-none-eabi/12.2.1/thumb/v8-m.main+fp/hard\libc_nano.a(libc_a-findfp.o)
                0x08005334                __sfp_lock_release
 .text.__sinit  0x08005340       0x30 c:/siliconlabs/simplicitystudio/v5/developer/toolchains/gnu_arm/12.2.rel1_2023.7/bin/../lib/gcc/arm-none-eabi/12.2.1/thumb/v8-m.main+fp/hard\libc_nano.a(libc_a-findfp.o)
                0x08005340                __sinit
 .text.setvbuf  0x08005370      0x168 c:/siliconlabs/simplicitystudio/v5/developer/toolchains/gnu_arm/12.2.rel1_2023.7/bin/../lib/gcc/arm-none-eabi/12.2.1/thumb/v8-m.main+fp/hard\libc_nano.a(libc_a-setvbuf.o)
                0x08005370                setvbuf
 .text.vprintf  0x080054d8       0x14 c:/siliconlabs/simplicitystudio/v5/developer/toolchains/gnu_arm/12.2.rel1_2023.7/bin/../lib/gcc/arm-none-eabi/12.2.1/thumb/v8-m.main+fp/hard\libc_nano.a(libc_a-vprintf.o)
                0x080054d8                viprintf
                0x080054d8                vprintf
 .text._close_r
                0x080054ec       0x20 c:/siliconlabs/simplicitystudio/v5/developer/toolchains/gnu_arm/12.2.rel1_2023.7/bin/../lib/gcc/arm-none-eabi/12.2.1/thumb/v8-m.main+fp/hard\libc_nano.a(libc_a-closer.o)
                0x080054ec                _close_r
 .text._lseek_r
                0x0800550c       0x24 c:/siliconlabs/simplicitystudio/v5/developer/toolchains/gnu_arm/12.2.rel1_2023.7/bin/../lib/gcc/arm-none-eabi/12.2.1/thumb/v8-m.main+fp/hard\libc_nano.a(libc_a-lseekr.o)
                0x0800550c                _lseek_r
 .text._read_r  0x08005530       0x24 c:/siliconlabs/simplicitystudio/v5/developer/toolchains/gnu_arm/12.2.rel1_2023.7/bin/../lib/gcc/arm-none-eabi/12.2.1/thumb/v8-m.main+fp/hard\libc_nano.a(libc_a-readr.o)
                0x08005530                _read_r
 .text._write_r
                0x08005554       0x24 c:/siliconlabs/simplicitystudio/v5/developer/toolchains/gnu_arm/12.2.rel1_2023.7/bin/../lib/gcc/arm-none-eabi/12.2.1/thumb/v8-m.main+fp/hard\libc_nano.a(libc_a-writer.o)
                0x08005554                _write_r
 .text.__libc_init_array
                0x08005578       0x48 c:/siliconlabs/simplicitystudio/v5/developer/toolchains/gnu_arm/12.2.rel1_2023.7/bin/../lib/gcc/arm-none-eabi/12.2.1/thumb/v8-m.main+fp/hard\libc_nano.a(libc_a-init.o)
                0x08005578                __libc_init_array
 .text._free_r  0x080055c0       0x94 c:/siliconlabs/simplicitystudio/v5/developer/toolchains/gnu_arm/12.2.rel1_2023.7/bin/../lib/gcc/arm-none-eabi/12.2.1/thumb/v8-m.main+fp/hard\libc_nano.a(libc_a-freer.o)
                0x080055c0                _free_r
 .text.malloc   0x08005654       0x10 c:/siliconlabs/simplicitystudio/v5/developer/toolchains/gnu_arm/12.2.rel1_2023.7/bin/../lib/gcc/arm-none-eabi/12.2.1/thumb/v8-m.main+fp/hard\libc_nano.a(libc_a-malloc.o)
                0x08005654                malloc
 .text.sbrk_aligned
                0x08005664       0x44 c:/siliconlabs/simplicitystudio/v5/developer/toolchains/gnu_arm/12.2.rel1_2023.7/bin/../lib/gcc/arm-none-eabi/12.2.1/thumb/v8-m.main+fp/hard\libc_nano.a(libc_a-mallocr.o)
 .text._malloc_r
                0x080056a8       0xf0 c:/siliconlabs/simplicitystudio/v5/developer/toolchains/gnu_arm/12.2.rel1_2023.7/bin/../lib/gcc/arm-none-eabi/12.2.1/thumb/v8-m.main+fp/hard\libc_nano.a(libc_a-mallocr.o)
                0x080056a8                _malloc_r
 .text.__malloc_lock
                0x08005798        0xc c:/siliconlabs/simplicitystudio/v5/developer/toolchains/gnu_arm/12.2.rel1_2023.7/bin/../lib/gcc/arm-none-eabi/12.2.1/thumb/v8-m.main+fp/hard\libc_nano.a(libc_a-mlock.o)
                0x08005798                __malloc_lock
 .text.__malloc_unlock
                0x080057a4        0xc c:/siliconlabs/simplicitystudio/v5/developer/toolchains/gnu_arm/12.2.rel1_2023.7/bin/../lib/gcc/arm-none-eabi/12.2.1/thumb/v8-m.main+fp/hard\libc_nano.a(libc_a-mlock.o)
                0x080057a4                __malloc_unlock
 .text._vfprintf_r
                0x080057b0      0x230 c:/siliconlabs/simplicitystudio/v5/developer/toolchains/gnu_arm/12.2.rel1_2023.7/bin/../lib/gcc/arm-none-eabi/12.2.1/thumb/v8-m.main+fp/hard\libc_nano.a(libc_a-nano-vfprintf.o)
                0x080057b0                _vfprintf_r
                0x080057b0                _vfiprintf_r
 .text._printf_i
                0x080059e0      0x258 c:/siliconlabs/simplicitystudio/v5/developer/toolchains/gnu_arm/12.2.rel1_2023.7/bin/../lib/gcc/arm-none-eabi/12.2.1/thumb/v8-m.main+fp/hard\libc_nano.a(libc_a-nano-vfprintf_i.o)
                0x080059e0                _printf_i
 .text.__swsetup_r
                0x08005c38       0xac c:/siliconlabs/simplicitystudio/v5/developer/toolchains/gnu_arm/12.2.rel1_2023.7/bin/../lib/gcc/arm-none-eabi/12.2.1/thumb/v8-m.main+fp/hard\libc_nano.a(libc_a-wsetup.o)
                0x08005c38                __swsetup_r
 .text._fstat_r
                0x08005ce4       0x24 c:/siliconlabs/simplicitystudio/v5/developer/toolchains/gnu_arm/12.2.rel1_2023.7/bin/../lib/gcc/arm-none-eabi/12.2.1/thumb/v8-m.main+fp/hard\libc_nano.a(libc_a-fstatr.o)
                0x08005ce4                _fstat_r
 .text._isatty_r
                0x08005d08       0x20 c:/siliconlabs/simplicitystudio/v5/developer/toolchains/gnu_arm/12.2.rel1_2023.7/bin/../lib/gcc/arm-none-eabi/12.2.1/thumb/v8-m.main+fp/hard\libc_nano.a(libc_a-isattyr.o)
                0x08005d08                _isatty_r
 .text._sbrk_r  0x08005d28       0x20 c:/siliconlabs/simplicitystudio/v5/developer/toolchains/gnu_arm/12.2.rel1_2023.7/bin/../lib/gcc/arm-none-eabi/12.2.1/thumb/v8-m.main+fp/hard\libc_nano.a(libc_a-sbrkr.o)
                0x08005d28                _sbrk_r
 .text.analog_input_is_deinitialized
                0x08005d48        0xa ./iadc.o
                0x08005d48                analog_input_is_deinitialized
 .text.startup.main
                0x08005d52       0x18 ./main.o
                0x08005d52                main
 .text.initThermometer
                0x08005d6a        0x4 ./thermometer.o
                0x08005d6a                initThermometer
 .text.getData  0x08005d6e       0x28 ./thermometer.o
                0x08005d6e                getData
 .text.sl_board_default_init
                0x08005d96        0x2 ./autogen/sl_board_default_init.o
                0x08005d96                sl_board_default_init
 .text.sl_platform_init
                0x08005d98       0x2e ./autogen/sl_event_handler.o
                0x08005d98                sl_platform_init
 .text.sl_driver_init
                0x08005dc6        0xe ./autogen/sl_event_handler.o
                0x08005dc6                sl_driver_init
 .text.sl_service_init
                0x08005dd4       0x1a ./autogen/sl_event_handler.o
                0x08005dd4                sl_service_init
 .text.sl_stack_init
                0x08005dee        0x2 ./autogen/sl_event_handler.o
                0x08005dee                sl_stack_init
 .text.sl_internal_app_init
                0x08005df0        0x4 ./autogen/sl_event_handler.o
                0x08005df0                sl_internal_app_init
 .text.sl_platform_process_action
                0x08005df4        0x2 ./autogen/sl_event_handler.o
                0x08005df4                sl_platform_process_action
 .text.sl_service_process_action
                0x08005df6        0x4 ./autogen/sl_event_handler.o
                0x08005df6                sl_service_process_action
 .text.sl_stack_process_action
                0x08005dfa        0x2 ./autogen/sl_event_handler.o
                0x08005dfa                sl_stack_process_action
 .text.sl_internal_app_process_action
                0x08005dfc        0x2 ./autogen/sl_event_handler.o
                0x08005dfc                sl_internal_app_process_action
 .text.app_is_ok_to_sleep
                0x08005dfe        0x4 ./autogen/sl_power_manager_handler.o
                0x08005dfe                app_is_ok_to_sleep
 .text.app_sleep_on_isr_exit
                0x08005e02        0x4 ./autogen/sl_power_manager_handler.o
                0x08005e02                app_sleep_on_isr_exit
 .text.sl_power_manager_is_ok_to_sleep
                0x08005e06       0x14 ./autogen/sl_power_manager_handler.o
                0x08005e06                sl_power_manager_is_ok_to_sleep
 .text.sl_power_manager_sleep_on_isr_exit
                0x08005e1a       0x3a ./autogen/sl_power_manager_handler.o
                0x08005e1a                sl_power_manager_sleep_on_isr_exit
 .text._app_log_time
                0x08005e54        0x2 ./gecko_sdk_4.4.3/app/common/util/app_log/app_log.o
                0x08005e54                _app_log_time
 .text._app_log_counter
                0x08005e56        0x2 ./gecko_sdk_4.4.3/app/common/util/app_log/app_log.o
                0x08005e56                _app_log_counter
 .text.sl_board_configure_vcom
                0x08005e58        0x4 ./gecko_sdk_4.4.3/hardware/board/src/sl_board_control_gpio.o
                0x08005e58                sl_board_configure_vcom
 .text.sl_board_init
                0x08005e5c       0x16 ./gecko_sdk_4.4.3/hardware/board/src/sl_board_init.o
                0x08005e5c                sl_board_init
 .text.sl_board_preinit
                0x08005e72        0x8 ./gecko_sdk_4.4.3/hardware/board/src/sl_board_init.o
                0x08005e72                sl_board_preinit
 .text.sl_si70xx_send_command
                0x08005e7a       0x50 ./gecko_sdk_4.4.3/hardware/driver/si70xx/src/sl_si70xx.o
 .text.sl_si70xx_measure_rh_and_temp
                0x08005eca       0x4a ./gecko_sdk_4.4.3/hardware/driver/si70xx/src/sl_si70xx.o
                0x08005eca                sl_si70xx_measure_rh_and_temp
 .text.sl_si70xx_present
                0x08005f14       0x4a ./gecko_sdk_4.4.3/hardware/driver/si70xx/src/sl_si70xx.o
                0x08005f14                sl_si70xx_present
 .text.sl_si70xx_init
                0x08005f5e       0x2e ./gecko_sdk_4.4.3/hardware/driver/si70xx/src/sl_si70xx.o
                0x08005f5e                sl_si70xx_init
 .text.Default_Handler
                0x08005f8c        0x2 ./gecko_sdk_4.4.3/platform/Device/SiliconLabs/EFR32MG24/Source/startup_efr32mg24.o
                0x08005f8c                ULFRCO_IRQHandler
                0x08005f8c                AHB2AHB1_IRQHandler
                0x08005f8c                SW2_IRQHandler
                0x08005f8c                TIMER2_IRQHandler
                0x08005f8c                DebugMon_Handler
                0x08005f8c                USART0_TX_IRQHandler
                0x08005f8c                EUSART0_TX_IRQHandler
                0x08005f8c                I2C0_IRQHandler
                0x08005f8c                LFXO_IRQHandler
                0x08005f8c                HardFault_Handler
                0x08005f8c                SMU_SECURE_IRQHandler
                0x08005f8c                SysTick_Handler
                0x08005f8c                SYSRTC_SEQ_IRQHandler
                0x08005f8c                EMUEFP_IRQHandler
                0x08005f8c                PendSV_Handler
                0x08005f8c                NMI_Handler
                0x08005f8c                SYNTH_IRQHandler
                0x08005f8c                HOSTMAILBOX_IRQHandler
                0x08005f8c                I2C1_IRQHandler
                0x08005f8c                WDOG0_IRQHandler
                0x08005f8c                TIMER3_IRQHandler
                0x08005f8c                SYSCFG_IRQHandler
                0x08005f8c                RFECA1_IRQHandler
                0x08005f8c                EMUDG_IRQHandler
                0x08005f8c                MSC_IRQHandler
                0x08005f8c                DPLL0_IRQHandler
                0x08005f8c                UsageFault_Handler
                0x08005f8c                WDOG1_IRQHandler
                0x08005f8c                M33CTI1_IRQHandler
                0x08005f8c                TIMER4_IRQHandler
                0x08005f8c                GPIO_EVEN_IRQHandler
                0x08005f8c                VDAC0_IRQHandler
                0x08005f8c                LDMA_IRQHandler
                0x08005f8c                SEMBTX_IRQHandler
                0x08005f8c                SW0_IRQHandler
                0x08005f8c                TIMER0_IRQHandler
                0x08005f8c                MVP_IRQHandler
                0x08005f8c                LETIMER0_IRQHandler
                0x08005f8c                EUSART1_RX_IRQHandler
                0x08005f8c                TIMER1_IRQHandler
                0x08005f8c                HFRCO0_IRQHandler
                0x08005f8c                SecureFault_Handler
                0x08005f8c                BUFC_IRQHandler
                0x08005f8c                DCDC_IRQHandler
                0x08005f8c                MODEM_IRQHandler
                0x08005f8c                Default_Handler
                0x08005f8c                RAC_SEQ_IRQHandler
                0x08005f8c                FRC_PRI_IRQHandler
                0x08005f8c                EMU_IRQHandler
                0x08005f8c                SW3_IRQHandler
                0x08005f8c                KERNEL0_IRQHandler
                0x08005f8c                FRC_IRQHandler
                0x08005f8c                PCNT0_IRQHandler
                0x08005f8c                KERNEL1_IRQHandler
                0x08005f8c                AGC_IRQHandler
                0x08005f8c                EUSART1_TX_IRQHandler
                0x08005f8c                KEYSCAN_IRQHandler
                0x08005f8c                sl_app_properties
                0x08005f8c                HFRCOEM23_IRQHandler
                0x08005f8c                BURTC_IRQHandler
                0x08005f8c                SEMBRX_IRQHandler
                0x08005f8c                RFECA0_IRQHandler
                0x08005f8c                LFRCO_IRQHandler
                0x08005f8c                VDAC1_IRQHandler
                0x08005f8c                ACMP0_IRQHandler
                0x08005f8c                USART0_RX_IRQHandler
                0x08005f8c                MemManage_Handler
                0x08005f8c                AHB2AHB0_IRQHandler
                0x08005f8c                SVC_Handler
                0x08005f8c                SMU_S_PRIVILEGED_IRQHandler
                0x08005f8c                SW1_IRQHandler
                0x08005f8c                CMU_IRQHandler
                0x08005f8c                EUSART0_RX_IRQHandler
                0x08005f8c                RAC_RSM_IRQHandler
                0x08005f8c                SETAMPERHOST_IRQHandler
                0x08005f8c                GPIO_ODD_IRQHandler
                0x08005f8c                AES_IRQHandler
                0x08005f8c                M33CTI0_IRQHandler
                0x08005f8c                ICACHE0_IRQHandler
                0x08005f8c                SMU_NS_PRIVILEGED_IRQHandler
                0x08005f8c                FPUEXH_IRQHandler
                0x08005f8c                PROTIMER_IRQHandler
                0x08005f8c                ACMP1_IRQHandler
                0x08005f8c                BusFault_Handler
                0x08005f8c                MPAHBRAM_IRQHandler
 .text.FlashToRamCopy
                0x08005f8e       0x16 ./gecko_sdk_4.4.3/platform/Device/SiliconLabs/EFR32MG24/Source/system_efr32mg24.o
                0x08005f8e                FlashToRamCopy
 .text.SystemCLKIN0Get
                0x08005fa4        0x4 ./gecko_sdk_4.4.3/platform/Device/SiliconLabs/EFR32MG24/Source/system_efr32mg24.o
                0x08005fa4                SystemCLKIN0Get
 .text.SystemLFRCOClockGet
                0x08005fa8        0x6 ./gecko_sdk_4.4.3/platform/Device/SiliconLabs/EFR32MG24/Source/system_efr32mg24.o
                0x08005fa8                SystemLFRCOClockGet
 .text.SystemULFRCOClockGet
                0x08005fae        0x6 ./gecko_sdk_4.4.3/platform/Device/SiliconLabs/EFR32MG24/Source/system_efr32mg24.o
                0x08005fae                SystemULFRCOClockGet
 .text.assertEFM
                0x08005fb4        0x2 ./gecko_sdk_4.4.3/platform/common/src/sl_assert.o
                0x08005fb4                assertEFM
 .text.sl_slist_init
                0x08005fb6        0x6 ./gecko_sdk_4.4.3/platform/common/src/sl_slist.o
                0x08005fb6                sl_slist_init
 .text.sl_debug_swo_enable_itm
                0x08005fbc       0x16 ./gecko_sdk_4.4.3/platform/driver/debug/src/sl_debug_swo.o
                0x08005fbc                sl_debug_swo_enable_itm
 .text.BUS_RegMaskedWrite
                0x08005fd2       0x1e ./gecko_sdk_4.4.3/platform/emlib/src/em_cmu.o
 .text.waitStateMax
                0x08005ff0       0x10 ./gecko_sdk_4.4.3/platform/emlib/src/em_cmu.o
 .text.CMU_UpdateWaitStates
                0x08006000        0xc ./gecko_sdk_4.4.3/platform/emlib/src/em_cmu.o
                0x08006000                CMU_UpdateWaitStates
 .text.pclkDivMax
                0x0800600c        0xa ./gecko_sdk_4.4.3/platform/emlib/src/em_cmu.o
 .text.sli_em_cmu_SYSCLKInitPostClockSelect
                0x08006016       0x2a ./gecko_sdk_4.4.3/platform/emlib/src/em_cmu.o
                0x08006016                sli_em_cmu_SYSCLKInitPostClockSelect
 .text.CORE_EnterCritical
                0x08006040        0x8 ./gecko_sdk_4.4.3/platform/emlib/src/em_core.o
                0x08006040                CORE_EnterCritical
 .text.CORE_ExitCritical
                0x08006048        0x6 ./gecko_sdk_4.4.3/platform/emlib/src/em_core.o
                0x08006048                CORE_ExitCritical
 .text.CORE_EnterAtomic
                0x0800604e        0xc ./gecko_sdk_4.4.3/platform/emlib/src/em_core.o
                0x0800604e                CORE_EnterAtomic
 .text.CORE_ExitAtomic
                0x0800605a        0x6 ./gecko_sdk_4.4.3/platform/emlib/src/em_core.o
                0x0800605a                CORE_ExitAtomic
 .text.EMU_EFPEM23PresleepHook
                0x08006060        0x2 ./gecko_sdk_4.4.3/platform/emlib/src/em_emu.o
                0x08006060                EMU_EFPEM23PresleepHook
 .text.EMU_EFPEM23PostsleepHook
                0x08006062        0x2 ./gecko_sdk_4.4.3/platform/emlib/src/em_emu.o
                0x08006062                EMU_EFPEM23PostsleepHook
 .text.EMU_Save
                0x08006064        0x2 ./gecko_sdk_4.4.3/platform/emlib/src/em_emu.o
                0x08006064                EMU_Save
 .text.EMU_Restore
                0x08006066        0x2 ./gecko_sdk_4.4.3/platform/emlib/src/em_emu.o
                0x08006066                EMU_Restore
 .text.EMU_EFPEM01VScale
                0x08006068        0x2 ./gecko_sdk_4.4.3/platform/emlib/src/em_emu.o
                0x08006068                EMU_EFPEM01VScale
 .text.EMU_DCDCUpdatedHook
                0x0800606a        0x2 ./gecko_sdk_4.4.3/platform/emlib/src/em_emu.o
                0x0800606a                EMU_DCDCUpdatedHook
 .text.BUS_RegMaskedWrite
                0x0800606c       0x1e ./gecko_sdk_4.4.3/platform/emlib/src/em_gpio.o
 .text.GPIO_DbgLocationSet
                0x0800608a        0x2 ./gecko_sdk_4.4.3/platform/emlib/src/em_gpio.o
                0x0800608a                GPIO_DbgLocationSet
 .text.IADC_ConvertRawDataToResult
                0x0800608c       0x32 ./gecko_sdk_4.4.3/platform/emlib/src/em_iadc.o
 .text.IADC_pullScanFifoResult
                0x080060be       0x14 ./gecko_sdk_4.4.3/platform/emlib/src/em_iadc.o
                0x080060be                IADC_pullScanFifoResult
 .text.USART_SpiTransfer
                0x080060d2       0x14 ./gecko_sdk_4.4.3/platform/emlib/src/em_usart.o
                0x080060d2                USART_SpiTransfer
 .text.sl_hfxo_manager_init_hardware
                0x080060e6        0x4 ./gecko_sdk_4.4.3/platform/service/hfxo_manager/src/sl_hfxo_manager.o
                0x080060e6                sl_hfxo_manager_init_hardware
 .text.HFXO0_IRQHandler
                0x080060ea        0x4 ./gecko_sdk_4.4.3/platform/service/hfxo_manager/src/sl_hfxo_manager_hal_s2.o
                0x080060ea                HFXO0_IRQHandler
 .text.sl_iostream_write
                0x080060ee       0x22 ./gecko_sdk_4.4.3/platform/service/iostream/src/sl_iostream.o
                0x080060ee                sl_iostream_write
 .text.sl_iostream_read
                0x08006110       0x30 ./gecko_sdk_4.4.3/platform/service/iostream/src/sl_iostream.o
                0x08006110                sl_iostream_read
 .text.sl_iostream_vprintf
                0x08006140       0x44 ./gecko_sdk_4.4.3/platform/service/iostream/src/sl_iostream.o
                0x08006140                sl_iostream_vprintf
 .text.sl_iostream_printf
                0x08006184       0x1a ./gecko_sdk_4.4.3/platform/service/iostream/src/sl_iostream.o
                0x08006184                sl_iostream_printf
 .text._close   0x0800619e        0x4 ./gecko_sdk_4.4.3/platform/service/iostream/src/sl_iostream_retarget_stdio.o
                0x0800619e                _close
 .text._exit    0x080061a2        0x2 ./gecko_sdk_4.4.3/platform/service/iostream/src/sl_iostream_retarget_stdio.o
                0x080061a2                _exit
 .text._fstat   0x080061a4        0xa ./gecko_sdk_4.4.3/platform/service/iostream/src/sl_iostream_retarget_stdio.o
                0x080061a4                _fstat
 .text._isatty  0x080061ae        0x4 ./gecko_sdk_4.4.3/platform/service/iostream/src/sl_iostream_retarget_stdio.o
                0x080061ae                _isatty
 .text._lseek   0x080061b2        0x4 ./gecko_sdk_4.4.3/platform/service/iostream/src/sl_iostream_retarget_stdio.o
                0x080061b2                _lseek
 .text._read    0x080061b6       0x1c ./gecko_sdk_4.4.3/platform/service/iostream/src/sl_iostream_retarget_stdio.o
                0x080061b6                _read
 .text.sli_iostream_swo_itm_8_write
                0x080061d2       0x7a ./gecko_sdk_4.4.3/platform/service/iostream/src/sl_iostream_swo_itm_8.o
                0x080061d2                sli_iostream_swo_itm_8_write
 .text.sli_power_manager_initiate_restore
                0x0800624c       0x16 ./gecko_sdk_4.4.3/platform/service/power_manager/src/sl_power_manager.o
                0x0800624c                sli_power_manager_initiate_restore
 .text.sli_power_manager_get_default_high_frequency_minimum_offtime
                0x08006262        0x8 ./gecko_sdk_4.4.3/platform/service/power_manager/src/sl_power_manager_hal_s2.o
                0x08006262                sli_power_manager_get_default_high_frequency_minimum_offtime
 .text.sli_power_manager_low_frequency_restore
                0x0800626a        0x2 ./gecko_sdk_4.4.3/platform/service/power_manager/src/sl_power_manager_hal_s2.o
                0x0800626a                sli_power_manager_low_frequency_restore
 .text.delay_callback
                0x0800626c        0x6 ./gecko_sdk_4.4.3/platform/service/sleeptimer/src/sl_sleeptimer.o
 .text.sl_sleeptimer_restart_timer
                0x08006272       0x3e ./gecko_sdk_4.4.3/platform/service/sleeptimer/src/sl_sleeptimer.o
                0x08006272                sl_sleeptimer_restart_timer
 .text.sl_sleeptimer_start_timer
                0x080062b0       0x48 ./gecko_sdk_4.4.3/platform/service/sleeptimer/src/sl_sleeptimer.o
                0x080062b0                sl_sleeptimer_start_timer
 .text.sl_sleeptimer_get_tick_count
                0x080062f8       0x18 ./gecko_sdk_4.4.3/platform/service/sleeptimer/src/sl_sleeptimer.o
                0x080062f8                sl_sleeptimer_get_tick_count
 .text.sli_sleeptimer_get_capture
                0x08006310        0x4 ./gecko_sdk_4.4.3/platform/service/sleeptimer/src/sl_sleeptimer.o
                0x08006310                sli_sleeptimer_get_capture
 .text.sli_sleeptimer_reset_prs_signal
                0x08006314        0x4 ./gecko_sdk_4.4.3/platform/service/sleeptimer/src/sl_sleeptimer.o
                0x08006314                sli_sleeptimer_reset_prs_signal
 .text.sleeptimer_hal_get_compare
                0x08006318        0x8 ./gecko_sdk_4.4.3/platform/service/sleeptimer/src/sl_sleeptimer_hal_sysrtc.o
                0x08006318                sleeptimer_hal_get_compare
 .text.sleeptimer_hal_enable_int
                0x08006320       0x12 ./gecko_sdk_4.4.3/platform/service/sleeptimer/src/sl_sleeptimer_hal_sysrtc.o
                0x08006320                sleeptimer_hal_enable_int
 .text.sli_sleeptimer_hal_is_int_status_set
                0x08006332       0x22 ./gecko_sdk_4.4.3/platform/service/sleeptimer/src/sl_sleeptimer_hal_sysrtc.o
                0x08006332                sli_sleeptimer_hal_is_int_status_set
 .text.SYSRTC_APP_IRQHandler
                0x08006354       0x34 ./gecko_sdk_4.4.3/platform/service/sleeptimer/src/sl_sleeptimer_hal_sysrtc.o
                0x08006354                SYSRTC_APP_IRQHandler
 .text.sleeptimer_hal_get_timer_frequency
                0x08006388        0x6 ./gecko_sdk_4.4.3/platform/service/sleeptimer/src/sl_sleeptimer_hal_sysrtc.o
                0x08006388                sleeptimer_hal_get_timer_frequency
 .text.sleeptimer_hal_get_capture
                0x0800638e       0x22 ./gecko_sdk_4.4.3/platform/service/sleeptimer/src/sl_sleeptimer_hal_sysrtc.o
                0x0800638e                sleeptimer_hal_get_capture
 .text.sleeptimer_hal_reset_prs_signal
                0x080063b0        0x8 ./gecko_sdk_4.4.3/platform/service/sleeptimer/src/sl_sleeptimer_hal_sysrtc.o
                0x080063b0                sleeptimer_hal_reset_prs_signal
 .text.sl_system_init
                0x080063b8       0x1a ./gecko_sdk_4.4.3/platform/service/system/src/sl_system_init.o
                0x080063b8                sl_system_init
 .text.sl_system_process_action
                0x080063d2       0x16 ./gecko_sdk_4.4.3/platform/service/system/src/sl_system_process_action.o
                0x080063d2                sl_system_process_action
 .text._fwalk_sglue
                0x080063e8       0x3c c:/siliconlabs/simplicitystudio/v5/developer/toolchains/gnu_arm/12.2.rel1_2023.7/bin/../lib/gcc/arm-none-eabi/12.2.1/thumb/v8-m.main+fp/hard\libc_nano.a(libc_a-fwalk.o)
                0x080063e8                _fwalk_sglue
 .text.__sread  0x08006424       0x22 c:/siliconlabs/simplicitystudio/v5/developer/toolchains/gnu_arm/12.2.rel1_2023.7/bin/../lib/gcc/arm-none-eabi/12.2.1/thumb/v8-m.main+fp/hard\libc_nano.a(libc_a-stdio.o)
                0x08006424                __sread
 .text.__swrite
                0x08006446       0x38 c:/siliconlabs/simplicitystudio/v5/developer/toolchains/gnu_arm/12.2.rel1_2023.7/bin/../lib/gcc/arm-none-eabi/12.2.1/thumb/v8-m.main+fp/hard\libc_nano.a(libc_a-stdio.o)
                0x08006446                __swrite
 .text.__sseek  0x0800647e       0x24 c:/siliconlabs/simplicitystudio/v5/developer/toolchains/gnu_arm/12.2.rel1_2023.7/bin/../lib/gcc/arm-none-eabi/12.2.1/thumb/v8-m.main+fp/hard\libc_nano.a(libc_a-stdio.o)
                0x0800647e                __sseek
 .text.__sclose
                0x080064a2        0x8 c:/siliconlabs/simplicitystudio/v5/developer/toolchains/gnu_arm/12.2.rel1_2023.7/bin/../lib/gcc/arm-none-eabi/12.2.1/thumb/v8-m.main+fp/hard\libc_nano.a(libc_a-stdio.o)
                0x080064a2                __sclose
 .text.memset   0x080064aa       0x10 c:/siliconlabs/simplicitystudio/v5/developer/toolchains/gnu_arm/12.2.rel1_2023.7/bin/../lib/gcc/arm-none-eabi/12.2.1/thumb/v8-m.main+fp/hard\libc_nano.a(libc_a-memset.o)
                0x080064aa                memset
 .text.__retarget_lock_init_recursive
                0x080064ba        0x2 c:/siliconlabs/simplicitystudio/v5/developer/toolchains/gnu_arm/12.2.rel1_2023.7/bin/../lib/gcc/arm-none-eabi/12.2.1/thumb/v8-m.main+fp/hard\libc_nano.a(libc_a-lock.o)
                0x080064ba                __retarget_lock_init_recursive
 .text.__retarget_lock_acquire_recursive
                0x080064bc        0x2 c:/siliconlabs/simplicitystudio/v5/developer/toolchains/gnu_arm/12.2.rel1_2023.7/bin/../lib/gcc/arm-none-eabi/12.2.1/thumb/v8-m.main+fp/hard\libc_nano.a(libc_a-lock.o)
                0x080064bc                __retarget_lock_acquire_recursive
 .text.__retarget_lock_release_recursive
                0x080064be        0x2 c:/siliconlabs/simplicitystudio/v5/developer/toolchains/gnu_arm/12.2.rel1_2023.7/bin/../lib/gcc/arm-none-eabi/12.2.1/thumb/v8-m.main+fp/hard\libc_nano.a(libc_a-lock.o)
                0x080064be                __retarget_lock_release_recursive
 .text.__sfputc_r
                0x080064c0       0x2e c:/siliconlabs/simplicitystudio/v5/developer/toolchains/gnu_arm/12.2.rel1_2023.7/bin/../lib/gcc/arm-none-eabi/12.2.1/thumb/v8-m.main+fp/hard\libc_nano.a(libc_a-nano-vfprintf.o)
 .text.__sfputs_r
                0x080064ee       0x24 c:/siliconlabs/simplicitystudio/v5/developer/toolchains/gnu_arm/12.2.rel1_2023.7/bin/../lib/gcc/arm-none-eabi/12.2.1/thumb/v8-m.main+fp/hard\libc_nano.a(libc_a-nano-vfprintf.o)
                0x080064ee                __sfputs_r
 .text._printf_common
                0x08006512       0xe4 c:/siliconlabs/simplicitystudio/v5/developer/toolchains/gnu_arm/12.2.rel1_2023.7/bin/../lib/gcc/arm-none-eabi/12.2.1/thumb/v8-m.main+fp/hard\libc_nano.a(libc_a-nano-vfprintf_i.o)
                0x08006512                _printf_common
 .text.__sflush_r
                0x080065f6      0x106 c:/siliconlabs/simplicitystudio/v5/developer/toolchains/gnu_arm/12.2.rel1_2023.7/bin/../lib/gcc/arm-none-eabi/12.2.1/thumb/v8-m.main+fp/hard\libc_nano.a(libc_a-fflush.o)
                0x080065f6                __sflush_r
 .text._fflush_r
                0x080066fc       0x50 c:/siliconlabs/simplicitystudio/v5/developer/toolchains/gnu_arm/12.2.rel1_2023.7/bin/../lib/gcc/arm-none-eabi/12.2.1/thumb/v8-m.main+fp/hard\libc_nano.a(libc_a-fflush.o)
                0x080066fc                _fflush_r
 .text.__swhatbuf_r
                0x0800674c       0x4a c:/siliconlabs/simplicitystudio/v5/developer/toolchains/gnu_arm/12.2.rel1_2023.7/bin/../lib/gcc/arm-none-eabi/12.2.1/thumb/v8-m.main+fp/hard\libc_nano.a(libc_a-makebuf.o)
                0x0800674c                __swhatbuf_r
 .text.__smakebuf_r
                0x08006796       0x78 c:/siliconlabs/simplicitystudio/v5/developer/toolchains/gnu_arm/12.2.rel1_2023.7/bin/../lib/gcc/arm-none-eabi/12.2.1/thumb/v8-m.main+fp/hard\libc_nano.a(libc_a-makebuf.o)
                0x08006796                __smakebuf_r
 .text.__swbuf_r
                0x0800680e       0x7c c:/siliconlabs/simplicitystudio/v5/developer/toolchains/gnu_arm/12.2.rel1_2023.7/bin/../lib/gcc/arm-none-eabi/12.2.1/thumb/v8-m.main+fp/hard\libc_nano.a(libc_a-wbuf.o)
                0x0800680e                __swbuf_r
 .text.memchr   0x0800688a       0x1c c:/siliconlabs/simplicitystudio/v5/developer/toolchains/gnu_arm/12.2.rel1_2023.7/bin/../lib/gcc/arm-none-eabi/12.2.1/thumb/v8-m.main+fp/hard\libc_nano.a(libc_a-memchr-stub.o)
                0x0800688a                memchr
                0x080068c0                . = ALIGN (0x20)
 *fill*         0x080068a6       0x1a 
                0x080068c0                linker_code_end = .
 *(.init)
 .init          0x080068c0        0x4 c:/siliconlabs/simplicitystudio/v5/developer/toolchains/gnu_arm/12.2.rel1_2023.7/bin/../lib/gcc/arm-none-eabi/12.2.1/thumb/v8-m.main+fp/hard/crti.o
                0x080068c0                _init
 .init          0x080068c4        0x8 c:/siliconlabs/simplicitystudio/v5/developer/toolchains/gnu_arm/12.2.rel1_2023.7/bin/../lib/gcc/arm-none-eabi/12.2.1/thumb/v8-m.main+fp/hard/crtn.o
 *(.fini)
 .fini          0x080068cc        0x4 c:/siliconlabs/simplicitystudio/v5/developer/toolchains/gnu_arm/12.2.rel1_2023.7/bin/../lib/gcc/arm-none-eabi/12.2.1/thumb/v8-m.main+fp/hard/crti.o
                0x080068cc                _fini
 .fini          0x080068d0        0x8 c:/siliconlabs/simplicitystudio/v5/developer/toolchains/gnu_arm/12.2.rel1_2023.7/bin/../lib/gcc/arm-none-eabi/12.2.1/thumb/v8-m.main+fp/hard/crtn.o
 *crtbegin.o(.ctors)
 *crtbegin?.o(.ctors)
 *(EXCLUDE_FILE(*crtend.o *crtend?.o) .ctors)
 *(SORT_BY_NAME(.ctors.*))
 *(.ctors)
 *crtbegin.o(.dtors)
 *crtbegin?.o(.dtors)
 *(EXCLUDE_FILE(*crtend.o *crtend?.o) .dtors)
 *(SORT_BY_NAME(.dtors.*))
 *(.dtors)
                0x080068d8                __code_classification_validator_start__ = .
                0x080068f8                . = (. + 0x20)
 *fill*         0x080068d8       0x20 
 *(code_classification_validator)
                0x08006900                . = ALIGN (0x20)
 *fill*         0x080068f8        0x8 
                0x08006900                __code_classification_validator_end__ = .
 *(.rodata*)
 .rodata        0x08006900       0x28 ./iadc.o
 .rodata.sl_sensor_rht_init.str1.1
                0x08006928       0xa1 ./gecko_sdk_4.4.3/app/bluetooth/common/sensor_rht/sl_sensor_rht.o
                                 0xa3 (size before relaxing)
 .rodata.__func__.0
                0x080069c9       0x13 ./gecko_sdk_4.4.3/app/bluetooth/common/sensor_rht/sl_sensor_rht.o
 .rodata.sl_board_enable_sensor.str1.1
                0x080069dc       0x43 ./gecko_sdk_4.4.3/hardware/board/src/sl_board_control_gpio.o
 *fill*         0x08006a1f        0x1 
 .rodata        0x08006a20       0x1c ./gecko_sdk_4.4.3/hardware/driver/mx25_flash_shutdown/src/sl_mx25_flash_shutdown_usart/sl_mx25_flash_shutdown.o
 .rodata.sl_slist_push.str1.1
                0x08006a3c       0x37 ./gecko_sdk_4.4.3/platform/common/src/sl_slist.o
 .rodata.I2CSPM_Init.str1.1
                0x08006a73       0x74 ./gecko_sdk_4.4.3/platform/driver/i2cspm/src/sl_i2cspm.o
 *fill*         0x08006ae7        0x1 
 .rodata.CSWTCH.10
                0x08006ae8        0x8 ./gecko_sdk_4.4.3/platform/driver/i2cspm/src/sl_i2cspm.o
 .rodata.HFRCODPLLDevinfoGet.str1.1
                0x08006af0       0x34 ./gecko_sdk_4.4.3/platform/emlib/src/em_cmu.o
 .rodata.CSWTCH.99
                0x08006b24        0x6 ./gecko_sdk_4.4.3/platform/emlib/src/em_cmu.o
 .rodata.EMU_VScaleEM01.str1.1
                0x08006b2a       0x34 ./gecko_sdk_4.4.3/platform/emlib/src/em_emu.o
 .rodata.GPIO_PinOutSet.str1.1
                0x08006b5e       0x35 ./gecko_sdk_4.4.3/platform/emlib/src/em_gpio.o
 .rodata.GPIO_ExtIntConfig.str1.1
                0x08006b5e       0x35 ./gecko_sdk_4.4.3/platform/emlib/src/em_gpio.o
 *fill*         0x08006b93        0x1 
 .rodata.CSWTCH.31
                0x08006b94        0x8 ./gecko_sdk_4.4.3/platform/emlib/src/em_gpio.o
 .rodata.I2C_BusFreqGet.str1.1
                0x08006b9c       0x34 ./gecko_sdk_4.4.3/platform/emlib/src/em_i2c.o
 .rodata.i2cNSum
                0x08006bd0        0x4 ./gecko_sdk_4.4.3/platform/emlib/src/em_i2c.o
 .rodata.IADC_initScan.str1.1
                0x08006bd4       0x35 ./gecko_sdk_4.4.3/platform/emlib/src/em_iadc.o
 *fill*         0x08006c09        0x1 
 .rodata.CSWTCH.56
                0x08006c0a        0xa ./gecko_sdk_4.4.3/platform/emlib/src/em_iadc.o
 .rodata        0x08006c14       0x18 ./gecko_sdk_4.4.3/platform/emlib/src/em_iadc.o
 .rodata.PRS_ConvertToSyncSource.str1.1
                0x08006c2c       0x34 ./gecko_sdk_4.4.3/platform/emlib/src/em_prs.o
 .rodata.USART_BaudrateAsyncSet.str1.1
                0x08006c60       0x36 ./gecko_sdk_4.4.3/platform/emlib/src/em_usart.o
 .rodata.sl_hal_sysrtc_init_group.str1.1
                0x08006c96       0x44 ./gecko_sdk_4.4.3/platform/peripheral/src/peripheral_sysrtc.o
 .rodata        0x08006cda        0x7 ./gecko_sdk_4.4.3/platform/service/device_init/src/sl_device_init_dcdc_s2.o
 *fill*         0x08006ce1        0x3 
 .rodata        0x08006ce4       0x28 ./gecko_sdk_4.4.3/platform/service/device_init/src/sl_device_init_hfxo_s2.o
 .rodata        0x08006d0c       0x14 ./gecko_sdk_4.4.3/platform/service/device_init/src/sl_device_init_lfxo_s2.o
 .rodata.sl_hfxo_manager_notify_consecutive_failed_startups.str1.1
                0x08006d20       0x4c ./gecko_sdk_4.4.3/platform/service/hfxo_manager/src/sl_hfxo_manager.o
 .rodata._write.str1.1
                0x08006d6c       0x53 ./gecko_sdk_4.4.3/platform/service/iostream/src/sl_iostream_retarget_stdio.o
 .rodata.sli_iosteam_swo_itm_em_transition.str1.1
                0x08006dbf       0x4e ./gecko_sdk_4.4.3/platform/service/iostream/src/sl_iostream_swo_itm_8.o
 .rodata.power_manager_notify_em_transition.str1.1
                0x08006e0d       0x4e ./gecko_sdk_4.4.3/platform/service/power_manager/src/sl_power_manager.o
 .rodata.CSWTCH.64
                0x08006e5b        0x4 ./gecko_sdk_4.4.3/platform/service/power_manager/src/sl_power_manager.o
 .rodata.sli_power_manager_init_hardware.str1.1
                0x08006e5f       0x55 ./gecko_sdk_4.4.3/platform/service/power_manager/src/sl_power_manager_hal_s2.o
 .rodata.process_timer_irq.str1.1
                0x08006eb4       0x48 ./gecko_sdk_4.4.3/platform/service/sleeptimer/src/sl_sleeptimer.o
 .rodata.sl_udelay_wait.str1.1
                0x08006efc       0x40 ./gecko_sdk_4.4.3/platform/service/udelay/src/sl_udelay.o
 .rodata._vfprintf_r.str1.1
                0x08006f3c       0x11 c:/siliconlabs/simplicitystudio/v5/developer/toolchains/gnu_arm/12.2.rel1_2023.7/bin/../lib/gcc/arm-none-eabi/12.2.1/thumb/v8-m.main+fp/hard\libc_nano.a(libc_a-nano-vfprintf.o)
 .rodata._printf_i.str1.1
                0x08006f4d       0x22 c:/siliconlabs/simplicitystudio/v5/developer/toolchains/gnu_arm/12.2.rel1_2023.7/bin/../lib/gcc/arm-none-eabi/12.2.1/thumb/v8-m.main+fp/hard\libc_nano.a(libc_a-nano-vfprintf_i.o)
 *(.eh_frame*)
 *fill*         0x08006f6f        0x1 
 .eh_frame      0x08006f70        0x0 c:/siliconlabs/simplicitystudio/v5/developer/toolchains/gnu_arm/12.2.rel1_2023.7/bin/../lib/gcc/arm-none-eabi/12.2.1/thumb/v8-m.main+fp/hard/crtbegin.o

.glue_7         0x08006f70        0x0
 .glue_7        0x08006f70        0x0 linker stubs

.glue_7t        0x08006f70        0x0
 .glue_7t       0x08006f70        0x0 linker stubs

.vfp11_veneer   0x08006f70        0x0
 .vfp11_veneer  0x08006f70        0x0 linker stubs

.v4_bx          0x08006f70        0x0
 .v4_bx         0x08006f70        0x0 linker stubs

.iplt           0x08006f70        0x0
 .iplt          0x08006f70        0x0 c:/siliconlabs/simplicitystudio/v5/developer/toolchains/gnu_arm/12.2.rel1_2023.7/bin/../lib/gcc/arm-none-eabi/12.2.1/thumb/v8-m.main+fp/hard/crtbegin.o

.ARM.extab
 *(.ARM.extab* .gnu.linkonce.armextab.*)
                0x08006f70                __exidx_start = .

.ARM.exidx      0x08006f70        0x8
 *(.ARM.exidx* .gnu.linkonce.armexidx.*)
 .ARM.exidx     0x08006f70        0x8 c:/siliconlabs/simplicitystudio/v5/developer/toolchains/gnu_arm/12.2.rel1_2023.7/bin/../lib/gcc/arm-none-eabi/12.2.1/thumb/v8-m.main+fp/hard/crt0.o
                                 0x10 (size before relaxing)
 .ARM.exidx.text.__udivmoddi4
                0x08006f78        0x0 c:/siliconlabs/simplicitystudio/v5/developer/toolchains/gnu_arm/12.2.rel1_2023.7/bin/../lib/gcc/arm-none-eabi/12.2.1/thumb/v8-m.main+fp/hard\libgcc.a(_udivmoddi4.o)
                                  0x8 (size before relaxing)
                0x08006f78                __exidx_end = .

.rel.dyn        0x08006f78        0x0
 .rel.iplt      0x08006f78        0x0 c:/siliconlabs/simplicitystudio/v5/developer/toolchains/gnu_arm/12.2.rel1_2023.7/bin/../lib/gcc/arm-none-eabi/12.2.1/thumb/v8-m.main+fp/hard/crtbegin.o

.copy.table     0x08006f78        0xc
                0x08006f78                . = ALIGN (0x4)
                0x08006f78                __copy_table_start__ = .
                0x08006f78        0x4 LONG 0x8006f84 __etext
                0x08006f7c        0x4 LONG 0x20001000 __data_start__
                0x08006f80        0x4 LONG 0x3e ((__data_end__ - __data_start__) / 0x4)
                0x08006f84                __copy_table_end__ = .

.zero.table     0x08006f84        0x0
                0x08006f84                . = ALIGN (0x4)
                0x08006f84                __zero_table_start__ = .
                0x08006f84                __zero_table_end__ = .
                0x08006f84                __etext = .
                0x20000000                . = ORIGIN (RAM)

.stack          0x20000000     0x1000
                0x20000000                __StackLimit = .
 *(.stack*)
 .stack         0x20000000     0x1000 ./gecko_sdk_4.4.3/platform/common/toolchain/src/sl_memory.o
                0x20001000                . = ALIGN (0x4)
                0x20001000                __StackTop = .
                0x20001000                PROVIDE (__stack = __StackTop)

.noinit
 *(.noinit*)

.data           0x20001000       0xf8 load address 0x08006f84
                0x20001000                . = ALIGN (0x4)
                0x20001000                __data_start__ = .
 *(vtable)
 *(SORT_BY_ALIGNMENT(.data*))
 .data.init_sensor
                0x20001000       0x14 ./autogen/sl_i2cspm_init.o
                0x20001000                init_sensor
 .data.sl_i2cspm_sensor
                0x20001014        0x4 ./autogen/sl_i2cspm_init.o
                0x20001014                sl_i2cspm_sensor
 .data.SystemCoreClock
                0x20001018        0x4 ./gecko_sdk_4.4.3/platform/Device/SiliconLabs/EFR32MG24/Source/system_efr32mg24.o
                0x20001018                SystemCoreClock
 .data.SystemHFRCODPLLClock
                0x2000101c        0x4 ./gecko_sdk_4.4.3/platform/Device/SiliconLabs/EFR32MG24/Source/system_efr32mg24.o
 .data.SystemLFXOClock
                0x20001020        0x4 ./gecko_sdk_4.4.3/platform/Device/SiliconLabs/EFR32MG24/Source/system_efr32mg24.o
 .data.SystemHFXOClock
                0x20001024        0x4 ./gecko_sdk_4.4.3/platform/Device/SiliconLabs/EFR32MG24/Source/system_efr32mg24.o
 .data.heap_end.0
                0x20001028        0x4 ./gecko_sdk_4.4.3/platform/common/toolchain/src/sl_memory.o
 .data.event_info
                0x2000102c        0x8 ./gecko_sdk_4.4.3/platform/service/iostream/src/sl_iostream_swo_itm_8.o
 .data.__sglue  0x20001034        0xc c:/siliconlabs/simplicitystudio/v5/developer/toolchains/gnu_arm/12.2.rel1_2023.7/bin/../lib/gcc/arm-none-eabi/12.2.1/thumb/v8-m.main+fp/hard\libc_nano.a(libc_a-findfp.o)
                0x20001034                __sglue
 .data._impure_ptr
                0x20001040        0x4 c:/siliconlabs/simplicitystudio/v5/developer/toolchains/gnu_arm/12.2.rel1_2023.7/bin/../lib/gcc/arm-none-eabi/12.2.1/thumb/v8-m.main+fp/hard\libc_nano.a(libc_a-impure.o)
                0x20001040                _impure_ptr
 .data._impure_data
                0x20001044       0x4c c:/siliconlabs/simplicitystudio/v5/developer/toolchains/gnu_arm/12.2.rel1_2023.7/bin/../lib/gcc/arm-none-eabi/12.2.1/thumb/v8-m.main+fp/hard\libc_nano.a(libc_a-impure.o)
                0x20001044                _impure_data
 .data.hfxo_precision
                0x20001090        0x2 ./gecko_sdk_4.4.3/platform/emlib/src/em_cmu.o
 .data.lfxo_precision
                0x20001092        0x2 ./gecko_sdk_4.4.3/platform/emlib/src/em_cmu.o
 .data.debug_type
                0x20001094        0x2 ./gecko_sdk_4.4.3/platform/service/iostream/src/sl_iostream_debug.o
 .data.init_scan_table
                0x20001096       0x50 ./iadc.o
                0x20001096                init_scan_table
 .data.level_mask
                0x200010e6        0x1 ./gecko_sdk_4.4.3/app/common/util/app_log/app_log.o
 .data.level_filter_threshold
                0x200010e7        0x1 ./gecko_sdk_4.4.3/app/common/util/app_log/app_log.o
 .data.level_filter_enabled
                0x200010e8        0x1 ./gecko_sdk_4.4.3/app/common/util/app_log/app_log.o
 .data.ctuneDelta
                0x200010e9        0x1 ./gecko_sdk_4.4.3/platform/emlib/src/em_cmu.o
 .data.is_fast_wakeup_enabled
                0x200010ea        0x1 ./gecko_sdk_4.4.3/platform/service/power_manager/src/sl_power_manager_hal_s2.o
 .data.cc1_disabled
                0x200010eb        0x1 ./gecko_sdk_4.4.3/platform/service/sleeptimer/src/sl_sleeptimer_hal_sysrtc.o
 .data.cc_disabled
                0x200010ec        0x1 ./gecko_sdk_4.4.3/platform/service/sleeptimer/src/sl_sleeptimer_hal_sysrtc.o
                0x200010f0                . = ALIGN (0x4)
 *fill*         0x200010ed        0x3 
                [!provide]                PROVIDE (__ram_func_section_start = .)
 *(.ram)
                [!provide]                PROVIDE (__ram_func_section_end = .)
                0x200010f0                . = ALIGN (0x4)
                0x200010f0                PROVIDE (__preinit_array_start = .)
 *(.preinit_array)
                0x200010f0                PROVIDE (__preinit_array_end = .)
                0x200010f0                . = ALIGN (0x4)
                0x200010f0                PROVIDE (__init_array_start = .)
 *(SORT_BY_NAME(.init_array.*))
 *(.init_array)
 .init_array    0x200010f0        0x4 c:/siliconlabs/simplicitystudio/v5/developer/toolchains/gnu_arm/12.2.rel1_2023.7/bin/../lib/gcc/arm-none-eabi/12.2.1/thumb/v8-m.main+fp/hard/crtbegin.o
                0x200010f4                PROVIDE (__init_array_end = .)
                0x200010f4                . = ALIGN (0x4)
                [!provide]                PROVIDE (__fini_array_start = .)
 *(SORT_BY_NAME(.fini_array.*))
 *(.fini_array)
 .fini_array    0x200010f4        0x4 c:/siliconlabs/simplicitystudio/v5/developer/toolchains/gnu_arm/12.2.rel1_2023.7/bin/../lib/gcc/arm-none-eabi/12.2.1/thumb/v8-m.main+fp/hard/crtbegin.o
                [!provide]                PROVIDE (__fini_array_end = .)
                0x200010f8                . = ALIGN (0x4)
                0x200010f8                __data_end__ = .

.tm_clone_table
                0x200010f8        0x0 load address 0x0800707c
 .tm_clone_table
                0x200010f8        0x0 c:/siliconlabs/simplicitystudio/v5/developer/toolchains/gnu_arm/12.2.rel1_2023.7/bin/../lib/gcc/arm-none-eabi/12.2.1/thumb/v8-m.main+fp/hard/crtbegin.o
 .tm_clone_table
                0x200010f8        0x0 c:/siliconlabs/simplicitystudio/v5/developer/toolchains/gnu_arm/12.2.rel1_2023.7/bin/../lib/gcc/arm-none-eabi/12.2.1/thumb/v8-m.main+fp/hard/crtend.o

.igot.plt       0x200010f8        0x0 load address 0x0800707c
 .igot.plt      0x200010f8        0x0 c:/siliconlabs/simplicitystudio/v5/developer/toolchains/gnu_arm/12.2.rel1_2023.7/bin/../lib/gcc/arm-none-eabi/12.2.1/thumb/v8-m.main+fp/hard/crtbegin.o

.bss            0x200010f8      0x270 load address 0x0800707c
                0x200010f8                . = ALIGN (0x4)
                0x200010f8                __bss_start__ = .
 *(SORT_BY_ALIGNMENT(.bss*))
 .bss.object.0  0x200010f8       0x18 c:/siliconlabs/simplicitystudio/v5/developer/toolchains/gnu_arm/12.2.rel1_2023.7/bin/../lib/gcc/arm-none-eabi/12.2.1/thumb/v8-m.main+fp/hard/crtbegin.o
 .bss.sensorData
                0x20001110        0x8 ./app.o
                0x20001110                sensorData
 .bss.analog_input
                0x20001118        0x8 ./app.o
                0x20001118                analog_input
 .bss.app_log_iostream
                0x20001120        0x4 ./gecko_sdk_4.4.3/app/common/util/app_log/app_log.o
                0x20001120                app_log_iostream
 .bss.app_timer_head
                0x20001124        0x4 ./gecko_sdk_4.4.3/app/common/util/app_timer/app_timer.o
 .bss.trigger_count
                0x20001128        0x4 ./gecko_sdk_4.4.3/app/common/util/app_timer/app_timer.o
 .bss.i2cTransfer
                0x2000112c       0x18 ./gecko_sdk_4.4.3/platform/emlib/src/em_i2c.o
 .bss.hfxo_startup_time_tc_initial
                0x20001144        0x4 ./gecko_sdk_4.4.3/platform/service/hfxo_manager/src/sl_hfxo_manager.o
 .bss.hfxo_startup_time_sum_average
                0x20001148        0x4 ./gecko_sdk_4.4.3/platform/service/hfxo_manager/src/sl_hfxo_manager.o
 .bss.hfxo_startup_time_table
                0x2000114c       0x28 ./gecko_sdk_4.4.3/platform/service/hfxo_manager/src/sl_hfxo_manager.o
 .bss.hfxo_last_startup_time
                0x20001174        0x4 ./gecko_sdk_4.4.3/platform/service/hfxo_manager/src/sl_hfxo_manager.o
 .bss.hfxo_startup_time_tick
                0x20001178        0x4 ./gecko_sdk_4.4.3/platform/service/hfxo_manager/src/sl_hfxo_manager.o
 .bss.sli_iostream_default
                0x2000117c        0x4 ./gecko_sdk_4.4.3/platform/service/iostream/src/sl_iostream.o
 .bss.sl_iostream_debug
                0x20001180        0xc ./gecko_sdk_4.4.3/platform/service/iostream/src/sl_iostream_debug.o
 .bss.event_handle